[input] order=BBBBRRRGGG composition=BLUE:4 RED:3 GREEN:3 (n=10)
[stage 1/2] 4200 unique permutations exceeds --sample-cap=2000 -- randomly sampling 2000 of them instead of enumerating all.
[stage 1/2] prefiltering 2000 permutations (sampled) with the fixed-priority simulation...
    [  5.0%] 100/2000 permutations scored -- best fixed_ms so far: 715.7s
    [ 10.0%] 200/2000 permutations scored -- best fixed_ms so far: 715.7s
    [ 15.0%] 300/2000 permutations scored -- best fixed_ms so far: 715.7s
    [ 20.0%] 400/2000 permutations scored -- best fixed_ms so far: 715.7s
    [ 25.0%] 500/2000 permutations scored -- best fixed_ms so far: 715.6s
    [ 30.0%] 600/2000 permutations scored -- best fixed_ms so far: 715.6s
    [ 35.0%] 700/2000 permutations scored -- best fixed_ms so far: 715.6s
    [ 40.0%] 800/2000 permutations scored -- best fixed_ms so far: 715.6s
    [ 45.0%] 900/2000 permutations scored -- best fixed_ms so far: 715.6s
    [ 50.0%] 1000/2000 permutations scored -- best fixed_ms so far: 715.6s
    [ 55.0%] 1100/2000 permutations scored -- best fixed_ms so far: 715.6s
    [ 60.0%] 1200/2000 permutations scored -- best fixed_ms so far: 715.6s
    [ 65.0%] 1300/2000 permutations scored -- best fixed_ms so far: 715.6s
    [ 70.0%] 1400/2000 permutations scored -- best fixed_ms so far: 715.6s
    [ 75.0%] 1500/2000 permutations scored -- best fixed_ms so far: 715.6s
    [ 80.0%] 1600/2000 permutations scored -- best fixed_ms so far: 715.6s
    [ 85.0%] 1700/2000 permutations scored -- best fixed_ms so far: 715.6s
    [ 90.0%] 1800/2000 permutations scored -- best fixed_ms so far: 715.6s
    [ 95.0%] 1900/2000 permutations scored -- best fixed_ms so far: 715.6s
    [100.0%] 2000/2000 permutations scored -- best fixed_ms so far: 715.6s
[stage 1/2] done in 434.3s. Top 20 candidates: BBGBGGRRRB=715.6s, BBGBGRGRRB=715.6s, BGBBGGRBRR=715.7s, BGBBGBGRRR=715.7s, BBGBGGBRRR=715.7s ...
[stage 2/2] running beam_search on 20 candidates (beam_width=80, max_rollouts=4000)...
    [  5.0%] (1/20) BBGBGGRRRB fixed=715.6s -> beam=604.3s (completed_paths=6, 25.6s) *** new best ***
    [ 10.0%] (2/20) BBGBGRGRRB fixed=715.6s -> beam=604.3s (completed_paths=6, 25.2s)
    [ 15.0%] (3/20) BGBBGGRBRR fixed=715.7s -> beam=618.7s (completed_paths=4, 15.7s)
    [ 20.0%] (4/20) BGBBGBGRRR fixed=715.7s -> beam=618.7s (completed_paths=8, 35.1s)
    [ 25.0%] (5/20) BBGBGGBRRR fixed=715.7s -> beam=618.7s (completed_paths=4, 16.1s)
    [ 30.0%] (6/20) BBGBGRBRGR fixed=715.7s -> beam=618.7s (completed_paths=4, 15.7s)
    [ 35.0%] (7/20) BBBGBGRRRG fixed=715.7s -> beam=618.7s (completed_paths=8, 35.0s)
    [ 40.0%] (8/20) BBBGBGGRRR fixed=715.7s -> beam=618.7s (completed_paths=8, 35.5s)
    [ 45.0%] (9/20) BBBGGGBRRR fixed=715.7s -> beam=618.7s (completed_paths=4, 15.8s)
    [ 50.0%] (10/20) BBBGBGRRGR fixed=715.7s -> beam=618.7s (completed_paths=8, 34.7s)
    [ 55.0%] (11/20) BGBBRRGBGR fixed=715.7s -> beam=618.7s (completed_paths=6, 25.2s)
    [ 60.0%] (12/20) BGBBGRRRGB fixed=715.7s -> beam=604.3s (completed_paths=6, 25.1s) *** new best ***
    [ 65.0%] (13/20) BGBBGRRBGR fixed=715.7s -> beam=618.7s (completed_paths=6, 25.2s)
    [ 70.0%] (14/20) BGBBRGRRGB fixed=715.7s -> beam=604.3s (completed_paths=13, 62.5s)
    [ 75.0%] (15/20) BGBBGRGRRB fixed=715.7s -> beam=604.3s (completed_paths=6, 25.1s)
    [ 80.0%] (16/20) BGBBRRGRGB fixed=715.7s -> beam=604.3s (completed_paths=13, 62.5s)
    [ 85.0%] (17/20) BGBBRGGRRB fixed=715.7s -> beam=604.3s (completed_paths=6, 24.9s)
    [ 90.0%] (18/20) BGBBRGGRBR fixed=715.7s -> beam=618.7s (completed_paths=6, 25.2s)
    [ 95.0%] (19/20) BGBBGGRRRB fixed=715.7s -> beam=604.3s (completed_paths=6, 25.2s)
    [100.0%] (20/20) BGBBGGRRBR fixed=715.7s -> beam=618.7s (completed_paths=6, 25.3s)
[stage 2/2] done in 580.3s. Winner: BGBBGRRRGB = 604.3s
Saved map 'dynamic_4b3r3g_BGBBGRRRGB_v1' to /home/isecapstone/shipyard_pnp_ws/src/shipyard_pnp/config/dynamic_maps/4b3r3g.json.
Total wall time: 1015.1s
