[input] order=BBBRRRGGGG composition=BLUE:3 RED:3 GREEN:4 (n=10)
[stage 1/2] 4200 unique permutations exceeds --sample-cap=2000 -- randomly sampling 2000 of them instead of enumerating all.
[stage 1/2] prefiltering 2000 permutations (sampled) with the fixed-priority simulation...
    [  5.0%] 100/2000 permutations scored -- best fixed_ms so far: 541.0s
    [ 10.0%] 200/2000 permutations scored -- best fixed_ms so far: 541.0s
    [ 15.0%] 300/2000 permutations scored -- best fixed_ms so far: 541.0s
    [ 20.0%] 400/2000 permutations scored -- best fixed_ms so far: 541.0s
    [ 25.0%] 500/2000 permutations scored -- best fixed_ms so far: 541.0s
    [ 30.0%] 600/2000 permutations scored -- best fixed_ms so far: 541.0s
    [ 35.0%] 700/2000 permutations scored -- best fixed_ms so far: 541.0s
    [ 40.0%] 800/2000 permutations scored -- best fixed_ms so far: 541.0s
    [ 45.0%] 900/2000 permutations scored -- best fixed_ms so far: 541.0s
    [ 50.0%] 1000/2000 permutations scored -- best fixed_ms so far: 541.0s
    [ 55.0%] 1100/2000 permutations scored -- best fixed_ms so far: 541.0s
    [ 60.0%] 1200/2000 permutations scored -- best fixed_ms so far: 541.0s
    [ 65.0%] 1300/2000 permutations scored -- best fixed_ms so far: 541.0s
    [ 70.0%] 1400/2000 permutations scored -- best fixed_ms so far: 541.0s
    [ 75.0%] 1500/2000 permutations scored -- best fixed_ms so far: 541.0s
    [ 80.0%] 1600/2000 permutations scored -- best fixed_ms so far: 541.0s
    [ 85.0%] 1700/2000 permutations scored -- best fixed_ms so far: 541.0s
    [ 90.0%] 1800/2000 permutations scored -- best fixed_ms so far: 541.0s
    [ 95.0%] 1900/2000 permutations scored -- best fixed_ms so far: 541.0s
    [100.0%] 2000/2000 permutations scored -- best fixed_ms so far: 541.0s
[stage 1/2] done in 439.3s. Top 20 candidates: BGBGGGRRRB=541.0s, BGGBGGRRRB=541.0s, BBGGGGRRRB=554.6s, BBGGGGBRRR=555.9s, BGBBGRGRGR=562.8s ...
[stage 2/2] running beam_search on 20 candidates (beam_width=80, max_rollouts=4000)...
    [  5.0%] (1/20) BGBGGGRRRB fixed=541.0s -> beam=541.0s (completed_paths=1, 5.1s) *** new best ***
    [ 10.0%] (2/20) BGGBGGRRRB fixed=541.0s -> beam=541.0s (completed_paths=1, 5.2s)
    [ 15.0%] (3/20) BBGGGGRRRB fixed=554.6s -> beam=554.6s (completed_paths=1, 5.1s)
    [ 20.0%] (4/20) BBGGGGBRRR fixed=555.9s -> beam=555.9s (completed_paths=3, 10.3s)
    [ 25.0%] (5/20) BGBBGRGRGR fixed=562.8s -> beam=514.4s (completed_paths=4, 15.2s) *** new best ***
    [ 30.0%] (6/20) BGBBGGRRGR fixed=564.1s -> beam=515.7s (completed_paths=4, 15.0s)
    [ 35.0%] (7/20) BGBBGRGRRG fixed=564.1s -> beam=515.7s (completed_paths=4, 15.3s)
    [ 40.0%] (8/20) BGBGBRGRGR fixed=564.3s -> beam=515.9s (completed_paths=4, 15.2s)
    [ 45.0%] (9/20) BGBGBRGGRR fixed=564.3s -> beam=515.9s (completed_paths=4, 15.3s)
    [ 50.0%] (10/20) BGBGBGRGRR fixed=564.3s -> beam=515.9s (completed_paths=4, 15.2s)
    [ 55.0%] (11/20) BGBBGRRGGR fixed=566.5s -> beam=518.1s (completed_paths=4, 15.3s)
    [ 60.0%] (12/20) BGBBGRRGRG fixed=566.5s -> beam=518.1s (completed_paths=4, 15.0s)
    [ 65.0%] (13/20) BBGBGGRRRG fixed=568.7s -> beam=520.3s (completed_paths=4, 15.5s)
    [ 70.0%] (14/20) BBBGGRGRGR fixed=573.3s -> beam=524.9s (completed_paths=8, 34.3s)
    [ 75.0%] (15/20) BBBGGGRRGR fixed=573.3s -> beam=524.9s (completed_paths=4, 15.4s)
    [ 80.0%] (16/20) BBBGGGRGRR fixed=573.3s -> beam=524.9s (completed_paths=8, 34.3s)
    [ 85.0%] (17/20) BBBGGGRRRG fixed=573.3s -> beam=524.9s (completed_paths=4, 15.5s)
    [ 90.0%] (18/20) BBBGRGGRRG fixed=573.5s -> beam=524.9s (completed_paths=6, 24.8s)
    [ 95.0%] (19/20) BBBGRGGGRR fixed=573.5s -> beam=524.9s (completed_paths=12, 54.0s)
    [100.0%] (20/20) BBRGBGGGRR fixed=573.5s -> beam=524.9s (completed_paths=12, 53.1s)
[stage 2/2] done in 394.2s. Winner: BGBBGRGRGR = 514.4s
Saved map 'dynamic_3b3r4g_BGBBGRGRGR_v1' to /home/isecapstone/shipyard_pnp_ws/src/shipyard_pnp/config/dynamic_maps/3b3r4g.json.
Total wall time: 833.9s
