[input] order=BBBBRRRRGGG composition=BLUE:4 RED:4 GREEN:3 (n=11)
[stage 1/2] 11550 unique permutations exceeds --sample-cap=2000 -- randomly sampling 2000 of them instead of enumerating all.
[stage 1/2] prefiltering 2000 permutations (sampled) with the fixed-priority simulation...
    [  5.0%] 100/2000 permutations scored -- best fixed_ms so far: 767.0s
    [ 10.0%] 200/2000 permutations scored -- best fixed_ms so far: 767.0s
    [ 15.0%] 300/2000 permutations scored -- best fixed_ms so far: 767.0s
    [ 20.0%] 400/2000 permutations scored -- best fixed_ms so far: 766.9s
    [ 25.0%] 500/2000 permutations scored -- best fixed_ms so far: 766.9s
    [ 30.0%] 600/2000 permutations scored -- best fixed_ms so far: 766.9s
    [ 35.0%] 700/2000 permutations scored -- best fixed_ms so far: 766.9s
    [ 40.0%] 800/2000 permutations scored -- best fixed_ms so far: 766.9s
    [ 45.0%] 900/2000 permutations scored -- best fixed_ms so far: 766.9s
    [ 50.0%] 1000/2000 permutations scored -- best fixed_ms so far: 766.9s
    [ 55.0%] 1100/2000 permutations scored -- best fixed_ms so far: 766.9s
    [ 60.0%] 1200/2000 permutations scored -- best fixed_ms so far: 766.9s
    [ 65.0%] 1300/2000 permutations scored -- best fixed_ms so far: 766.9s
    [ 70.0%] 1400/2000 permutations scored -- best fixed_ms so far: 766.9s
    [ 75.0%] 1500/2000 permutations scored -- best fixed_ms so far: 766.9s
    [ 80.0%] 1600/2000 permutations scored -- best fixed_ms so far: 766.9s
    [ 85.0%] 1700/2000 permutations scored -- best fixed_ms so far: 766.8s
    [ 90.0%] 1800/2000 permutations scored -- best fixed_ms so far: 766.8s
    [ 95.0%] 1900/2000 permutations scored -- best fixed_ms so far: 766.8s
    [100.0%] 2000/2000 permutations scored -- best fixed_ms so far: 766.8s
[stage 1/2] done in 433.2s. Top 20 candidates: BBGBGRRRGRB=766.8s, BBGBGRGRRRB=766.8s, BBGBGRRRGBR=766.9s, BBBGGRRGRBR=766.9s, BBGBGBRRRGR=767.0s ...
[stage 2/2] running beam_search on 20 candidates (beam_width=80, max_rollouts=4000)...
    [  5.0%] (1/20) BBGBGRRRGRB fixed=766.8s -> beam=655.5s (completed_paths=14, 67.4s) *** new best ***
    [ 10.0%] (2/20) BBGBGRGRRRB fixed=766.8s -> beam=655.5s (completed_paths=14, 67.8s)
    [ 15.0%] (3/20) BBGBGRRRGBR fixed=766.9s -> beam=655.6s (completed_paths=12, 53.6s)
    [ 20.0%] (4/20) BBBGGRRGRBR fixed=766.9s -> beam=655.6s (completed_paths=12, 53.7s)
    [ 25.0%] (5/20) BBGBGBRRRGR fixed=767.0s -> beam=670.0s (completed_paths=16, 73.9s)
    [ 30.0%] (6/20) BBGBGBGRRRR fixed=767.0s -> beam=670.0s (completed_paths=16, 73.5s)
    [ 35.0%] (7/20) BBGBGRBRRRG fixed=767.0s -> beam=670.0s (completed_paths=8, 34.8s)
    [ 40.0%] (8/20) BBGBBGGRRRR fixed=767.0s -> beam=670.0s (completed_paths=16, 74.0s)
    [ 45.0%] (9/20) BBBGBGRGRRR fixed=767.0s -> beam=670.0s (completed_paths=16, 73.5s)
    [ 50.0%] (10/20) BBBGGRBGRRR fixed=767.0s -> beam=670.0s (completed_paths=8, 35.3s)
    [ 55.0%] (11/20) BGBBRGRRGBR fixed=767.0s -> beam=655.6s (completed_paths=22, 105.8s)
    [ 60.0%] (12/20) BGBBGGRRRRB fixed=767.0s -> beam=655.6s (completed_paths=14, 67.6s)
    [ 65.0%] (13/20) BGBBGRRGBRR fixed=767.0s -> beam=670.0s (completed_paths=12, 53.3s)
    [ 70.0%] (14/20) BBGBGRGBRRR fixed=767.0s -> beam=670.0s (completed_paths=12, 54.9s)
    [ 75.0%] (15/20) BRBGGBRRGBR fixed=767.0s -> beam=658.7s (completed_paths=18, 83.2s)
    [ 80.0%] (16/20) BRBGGBRGRRB fixed=767.0s -> beam=655.6s (completed_paths=19, 91.5s)
    [ 85.0%] (17/20) BRBGGBRRBGR fixed=767.0s -> beam=658.7s (completed_paths=18, 82.8s)
    [ 90.0%] (18/20) BBBGGRRRGBR fixed=768.2s -> beam=656.9s (completed_paths=12, 53.9s)
    [ 95.0%] (19/20) BGBGBBRRGRR fixed=768.5s -> beam=671.5s (completed_paths=16, 73.0s)
    [100.0%] (20/20) BGBGBBRGRRR fixed=768.5s -> beam=671.5s (completed_paths=16, 73.0s)
[stage 2/2] done in 1346.4s. Winner: BBGBGRRRGRB = 655.5s
Saved map 'dynamic_4b4r3g_BBGBGRRRGRB_v1' to /home/isecapstone/shipyard_pnp_ws/src/shipyard_pnp/config/dynamic_maps/4b4r3g.json.
Total wall time: 1780.0s
