[input] order=BBBBRRRGGGG composition=BLUE:4 RED:3 GREEN:4 (n=11)
[stage 1/2] 11550 unique permutations exceeds --sample-cap=2000 -- randomly sampling 2000 of them instead of enumerating all.
[stage 1/2] prefiltering 2000 permutations (sampled) with the fixed-priority simulation...
    [  5.0%] 100/2000 permutations scored -- best fixed_ms so far: 715.7s
    [ 10.0%] 200/2000 permutations scored -- best fixed_ms so far: 715.7s
    [ 15.0%] 300/2000 permutations scored -- best fixed_ms so far: 715.7s
    [ 20.0%] 400/2000 permutations scored -- best fixed_ms so far: 715.7s
    [ 25.0%] 500/2000 permutations scored -- best fixed_ms so far: 715.7s
    [ 30.0%] 600/2000 permutations scored -- best fixed_ms so far: 715.7s
    [ 35.0%] 700/2000 permutations scored -- best fixed_ms so far: 715.7s
    [ 40.0%] 800/2000 permutations scored -- best fixed_ms so far: 715.7s
    [ 45.0%] 900/2000 permutations scored -- best fixed_ms so far: 715.7s
    [ 50.0%] 1000/2000 permutations scored -- best fixed_ms so far: 715.7s
    [ 55.0%] 1100/2000 permutations scored -- best fixed_ms so far: 715.7s
    [ 60.0%] 1200/2000 permutations scored -- best fixed_ms so far: 715.7s
    [ 65.0%] 1300/2000 permutations scored -- best fixed_ms so far: 715.7s
    [ 70.0%] 1400/2000 permutations scored -- best fixed_ms so far: 715.7s
    [ 75.0%] 1500/2000 permutations scored -- best fixed_ms so far: 715.7s
    [ 80.0%] 1600/2000 permutations scored -- best fixed_ms so far: 715.7s
    [ 85.0%] 1700/2000 permutations scored -- best fixed_ms so far: 715.7s
    [ 90.0%] 1800/2000 permutations scored -- best fixed_ms so far: 715.6s
    [ 95.0%] 1900/2000 permutations scored -- best fixed_ms so far: 715.6s
    [100.0%] 2000/2000 permutations scored -- best fixed_ms so far: 707.2s
[stage 1/2] done in 437.2s. Top 20 candidates: BBGGGGRRRBB=707.2s, BGBBGGRGRRB=715.6s, BGBBBGGRRRG=715.7s, BBGBGBRRGGR=715.7s, BGBBGRBGGRR=715.7s ...
[stage 2/2] running beam_search on 20 candidates (beam_width=80, max_rollouts=4000)...
    [  5.0%] (1/20) BBGGGGRRRBB fixed=707.2s -> beam=692.9s (completed_paths=3, 11.6s) *** new best ***
    [ 10.0%] (2/20) BGBBGGRGRRB fixed=715.6s -> beam=604.3s (completed_paths=6, 25.2s) *** new best ***
    [ 15.0%] (3/20) BGBBBGGRRRG fixed=715.7s -> beam=618.7s (completed_paths=8, 34.9s)
    [ 20.0%] (4/20) BBGBGBRRGGR fixed=715.7s -> beam=618.7s (completed_paths=16, 73.8s)
    [ 25.0%] (5/20) BGBBGRBGGRR fixed=715.7s -> beam=618.7s (completed_paths=10, 45.4s)
    [ 30.0%] (6/20) BGBBGBGRGRR fixed=715.7s -> beam=618.7s (completed_paths=8, 35.1s)
    [ 35.0%] (7/20) BGBBGBGRRGR fixed=715.7s -> beam=618.7s (completed_paths=8, 35.3s)
    [ 40.0%] (8/20) BGBBBGGRGRR fixed=715.7s -> beam=618.7s (completed_paths=8, 35.7s)
    [ 45.0%] (9/20) BBBGBGRRGGR fixed=715.7s -> beam=618.7s (completed_paths=16, 73.6s)
    [ 50.0%] (10/20) BBBGGBRGRGR fixed=715.7s -> beam=618.7s (completed_paths=12, 54.2s)
    [ 55.0%] (11/20) BBBGBGRGRRG fixed=715.7s -> beam=618.7s (completed_paths=8, 35.2s)
    [ 60.0%] (12/20) BBGBGGBRRGR fixed=715.7s -> beam=618.7s (completed_paths=4, 15.7s)
    [ 65.0%] (13/20) BBGBBGGRRGR fixed=715.7s -> beam=618.7s (completed_paths=8, 35.9s)
    [ 70.0%] (14/20) BBGBGBRGRRG fixed=715.7s -> beam=618.7s (completed_paths=12, 53.9s)
    [ 75.0%] (15/20) BBBGBGGRGRR fixed=715.7s -> beam=618.7s (completed_paths=16, 73.6s)
    [ 80.0%] (16/20) BBBGGBGRGRR fixed=715.7s -> beam=618.7s (completed_paths=12, 54.7s)
    [ 85.0%] (17/20) BBBGGGRBGRR fixed=715.7s -> beam=618.7s (completed_paths=4, 15.7s)
    [ 90.0%] (18/20) BGBBGRGRRGB fixed=716.9s -> beam=605.6s (completed_paths=6, 25.0s)
    [ 95.0%] (19/20) BBBGGRBRGRG fixed=717.0s -> beam=620.0s (completed_paths=12, 54.4s)
    [100.0%] (20/20) BGBBGGRBGRR fixed=717.0s -> beam=620.0s (completed_paths=4, 15.7s)
[stage 2/2] done in 804.3s. Winner: BGBBGGRGRRB = 604.3s
Saved map 'dynamic_4b3r4g_BGBBGGRGRRB_v1' to /home/isecapstone/shipyard_pnp_ws/src/shipyard_pnp/config/dynamic_maps/4b3r4g.json.
Total wall time: 1241.9s
