[input] order=BBBRRRRGGGG composition=BLUE:3 RED:4 GREEN:4 (n=11)
[stage 1/2] 11550 unique permutations exceeds --sample-cap=2000 -- randomly sampling 2000 of them instead of enumerating all.
[stage 1/2] prefiltering 2000 permutations (sampled) with the fixed-priority simulation...
    [  5.0%] 100/2000 permutations scored -- best fixed_ms so far: 627.1s
    [ 10.0%] 200/2000 permutations scored -- best fixed_ms so far: 624.7s
    [ 15.0%] 300/2000 permutations scored -- best fixed_ms so far: 611.1s
    [ 20.0%] 400/2000 permutations scored -- best fixed_ms so far: 611.1s
    [ 25.0%] 500/2000 permutations scored -- best fixed_ms so far: 611.1s
    [ 30.0%] 600/2000 permutations scored -- best fixed_ms so far: 611.1s
    [ 35.0%] 700/2000 permutations scored -- best fixed_ms so far: 611.1s
    [ 40.0%] 800/2000 permutations scored -- best fixed_ms so far: 611.1s
    [ 45.0%] 900/2000 permutations scored -- best fixed_ms so far: 611.1s
    [ 50.0%] 1000/2000 permutations scored -- best fixed_ms so far: 611.1s
    [ 55.0%] 1100/2000 permutations scored -- best fixed_ms so far: 611.1s
    [ 60.0%] 1200/2000 permutations scored -- best fixed_ms so far: 611.1s
    [ 65.0%] 1300/2000 permutations scored -- best fixed_ms so far: 611.1s
    [ 70.0%] 1400/2000 permutations scored -- best fixed_ms so far: 611.1s
    [ 75.0%] 1500/2000 permutations scored -- best fixed_ms so far: 611.1s
    [ 80.0%] 1600/2000 permutations scored -- best fixed_ms so far: 611.1s
    [ 85.0%] 1700/2000 permutations scored -- best fixed_ms so far: 611.1s
    [ 90.0%] 1800/2000 permutations scored -- best fixed_ms so far: 611.1s
    [ 95.0%] 1900/2000 permutations scored -- best fixed_ms so far: 611.1s
    [100.0%] 2000/2000 permutations scored -- best fixed_ms so far: 611.1s
[stage 1/2] done in 437.6s. Top 20 candidates: BGGGGBRRRRB=611.1s, BGGGGBRRRBR=611.1s, BGBGBRGRGRR=615.5s, BGBBGRRRGRG=620.1s, BGBGBRRGRRG=621.6s ...
[stage 2/2] running beam_search on 20 candidates (beam_width=80, max_rollouts=4000)...
    [  5.0%] (1/20) BGGGGBRRRRB fixed=611.1s -> beam=611.1s (completed_paths=1, 5.4s) *** new best ***
    [ 10.0%] (2/20) BGGGGBRRRBR fixed=611.1s -> beam=611.1s (completed_paths=2, 6.0s)
    [ 15.0%] (3/20) BGBGBRGRGRR fixed=615.5s -> beam=567.1s (completed_paths=7, 28.9s) *** new best ***
    [ 20.0%] (4/20) BGBBGRRRGRG fixed=620.1s -> beam=571.6s (completed_paths=7, 28.9s)
    [ 25.0%] (5/20) BGBGBRRGRRG fixed=621.6s -> beam=573.1s (completed_paths=7, 29.2s)
    [ 30.0%] (6/20) BBBGRGGRGRR fixed=624.7s -> beam=576.1s (completed_paths=26, 120.1s)
    [ 35.0%] (7/20) BBRGBGGRGRR fixed=624.7s -> beam=576.1s (completed_paths=26, 119.8s)
    [ 40.0%] (8/20) BGBBRRGGGRR fixed=625.5s -> beam=577.0s (completed_paths=14, 62.2s)
    [ 45.0%] (9/20) BRBGGBRGRRG fixed=626.2s -> beam=568.7s (completed_paths=15, 67.8s)
    [ 50.0%] (10/20) BRBGGBRGRGR fixed=626.2s -> beam=568.7s (completed_paths=15, 67.2s)
    [ 55.0%] (11/20) BGRBGGBRRRG fixed=626.2s -> beam=577.7s (completed_paths=8, 34.1s)
    [ 60.0%] (12/20) BBBGGRRGRRG fixed=627.0s -> beam=578.5s (completed_paths=7, 29.3s)
    [ 65.0%] (13/20) BGBRGGBRRRG fixed=627.1s -> beam=578.6s (completed_paths=8, 33.3s)
    [ 70.0%] (14/20) BGBGBRRRGGR fixed=627.2s -> beam=578.7s (completed_paths=14, 62.2s)
    [ 75.0%] (15/20) BGBGBGRRRGR fixed=628.2s -> beam=579.7s (completed_paths=7, 29.3s)
    [ 80.0%] (16/20) BGBBGGGRRRR fixed=628.4s -> beam=579.9s (completed_paths=7, 29.4s)
    [ 85.0%] (17/20) BBGGBRGGRRR fixed=629.0s -> beam=580.6s (completed_paths=7, 29.5s)
    [ 90.0%] (18/20) BGRBGGGBRRR fixed=629.3s -> beam=580.8s (completed_paths=12, 53.1s)
    [ 95.0%] (19/20) BGBRGRGRBGR fixed=630.2s -> beam=567.4s (completed_paths=6, 24.0s)
    [100.0%] (20/20) BGBRGRGRRGB fixed=630.2s -> beam=567.4s (completed_paths=8, 37.8s)
[stage 2/2] done in 897.4s. Winner: BGBGBRGRGRR = 567.1s
Saved map 'dynamic_3b4r4g_BGBGBRGRGRR_v1' to /home/isecapstone/shipyard_pnp_ws/src/shipyard_pnp/config/dynamic_maps/3b4r4g.json.
Total wall time: 1335.5s
