[input] order=BBBBBBRRGG composition=BLUE:6 RED:2 GREEN:2 (n=10)
[stage 1/2] prefiltering 1260 permutations (exhaustive) with the fixed-priority simulation...
    [  5.0%] 63/1260 permutations scored -- best fixed_ms so far: 969.6s
    [ 10.0%] 126/1260 permutations scored -- best fixed_ms so far: 969.6s
    [ 15.0%] 189/1260 permutations scored -- best fixed_ms so far: 969.6s
    [ 20.0%] 252/1260 permutations scored -- best fixed_ms so far: 969.6s
    [ 25.0%] 315/1260 permutations scored -- best fixed_ms so far: 969.6s
    [ 30.0%] 378/1260 permutations scored -- best fixed_ms so far: 969.6s
    [ 35.0%] 441/1260 permutations scored -- best fixed_ms so far: 969.6s
    [ 40.0%] 504/1260 permutations scored -- best fixed_ms so far: 969.6s
    [ 45.0%] 567/1260 permutations scored -- best fixed_ms so far: 969.6s
    [ 50.0%] 630/1260 permutations scored -- best fixed_ms so far: 969.6s
    [ 55.0%] 693/1260 permutations scored -- best fixed_ms so far: 969.6s
    [ 60.0%] 756/1260 permutations scored -- best fixed_ms so far: 969.6s
    [ 65.0%] 819/1260 permutations scored -- best fixed_ms so far: 969.6s
    [ 70.0%] 882/1260 permutations scored -- best fixed_ms so far: 969.6s
    [ 75.0%] 945/1260 permutations scored -- best fixed_ms so far: 969.6s
    [ 80.0%] 1008/1260 permutations scored -- best fixed_ms so far: 969.6s
    [ 85.0%] 1071/1260 permutations scored -- best fixed_ms so far: 969.6s
    [ 90.0%] 1134/1260 permutations scored -- best fixed_ms so far: 969.6s
    [ 95.0%] 1197/1260 permutations scored -- best fixed_ms so far: 969.6s
    [100.0%] 1260/1260 permutations scored -- best fixed_ms so far: 969.6s
[stage 1/2] done in 269.4s. Top 20 candidates: BBBBGGBRRB=969.6s, BBBBBGGRRB=969.6s, BBBBBBGGRR=969.7s, BBGBGBRRBB=969.7s, BBGBGRBBBR=969.7s ...
[stage 2/2] running beam_search on 20 candidates (beam_width=80, max_rollouts=4000)...
    [  5.0%] (1/20) BBBBGGBRRB fixed=969.6s -> beam=872.7s (completed_paths=16, 80.6s) *** new best ***
    [ 10.0%] (2/20) BBBBBGGRRB fixed=969.6s -> beam=872.7s (completed_paths=16, 80.5s)
    [ 15.0%] (3/20) BBBBBBGGRR fixed=969.7s -> beam=872.7s (completed_paths=14, 70.6s)
    [ 20.0%] (4/20) BBGBGBRRBB fixed=969.7s -> beam=872.7s (completed_paths=28, 148.6s) *** new best ***
    [ 25.0%] (5/20) BBGBGRBBBR fixed=969.7s -> beam=872.7s (completed_paths=12, 58.8s)
    [ 30.0%] (6/20) BBGBGRBBRB fixed=969.7s -> beam=872.7s (completed_paths=6, 27.0s)
    [ 35.0%] (7/20) BBGBGRBRBB fixed=969.7s -> beam=872.7s (completed_paths=17, 86.9s)
    [ 40.0%] (8/20) BBBGBGRRBB fixed=969.7s -> beam=872.7s (completed_paths=28, 149.7s)
    [ 45.0%] (9/20) BBBGGBBBRR fixed=969.7s -> beam=872.7s (completed_paths=6, 27.4s)
    [ 50.0%] (10/20) BBBGGBBRBR fixed=969.7s -> beam=872.7s (completed_paths=12, 59.1s)
    [ 55.0%] (11/20) BBBGGBBRRB fixed=969.7s -> beam=872.7s (completed_paths=6, 27.2s)
    [ 60.0%] (12/20) BBBGGBRBBR fixed=969.7s -> beam=872.7s (completed_paths=12, 58.9s)
    [ 65.0%] (13/20) BBBGGBRBRB fixed=969.7s -> beam=872.7s (completed_paths=6, 27.4s)
    [ 70.0%] (14/20) BBBGGBRRBB fixed=969.7s -> beam=872.7s (completed_paths=17, 88.6s)
    [ 75.0%] (15/20) BBBGGRBBBR fixed=969.7s -> beam=872.7s (completed_paths=12, 58.4s)
    [ 80.0%] (16/20) BBBGGRBBRB fixed=969.7s -> beam=872.7s (completed_paths=6, 27.3s)
    [ 85.0%] (17/20) BBBGGRBRBB fixed=969.7s -> beam=872.7s (completed_paths=17, 88.9s)
    [ 90.0%] (18/20) BBBBGGRRBB fixed=969.7s -> beam=872.7s (completed_paths=28, 150.6s)
    [ 95.0%] (19/20) BGBBRRGBBB fixed=969.7s -> beam=841.9s (completed_paths=27, 144.2s) *** new best ***
    [100.0%] (20/20) BGBBRGRBBB fixed=969.7s -> beam=841.9s (completed_paths=27, 143.2s)
[stage 2/2] done in 1603.9s. Winner: BGBBRRGBBB = 841.9s
Saved map 'dynamic_6b2r2g_BGBBRRGBBB_v1' to /home/isecapstone/shipyard_pnp_ws/src/shipyard_pnp/config/dynamic_maps/6b2r2g.json.
Total wall time: 1873.7s
