[input] order=BBBBBRRRRRGG composition=BLUE:5 RED:5 GREEN:2 (n=12)
[stage 1/2] 16632 unique permutations exceeds --sample-cap=2000 -- randomly sampling 2000 of them instead of enumerating all.
[stage 1/2] prefiltering 2000 permutations (sampled) with the fixed-priority simulation...
    [  5.0%] 100/2000 permutations scored -- best fixed_ms so far: 970.9s
    [ 10.0%] 200/2000 permutations scored -- best fixed_ms so far: 970.9s
    [ 15.0%] 300/2000 permutations scored -- best fixed_ms so far: 970.9s
    [ 20.0%] 400/2000 permutations scored -- best fixed_ms so far: 970.9s
    [ 25.0%] 500/2000 permutations scored -- best fixed_ms so far: 970.9s
    [ 30.0%] 600/2000 permutations scored -- best fixed_ms so far: 968.0s
    [ 35.0%] 700/2000 permutations scored -- best fixed_ms so far: 968.0s
    [ 40.0%] 800/2000 permutations scored -- best fixed_ms so far: 968.0s
    [ 45.0%] 900/2000 permutations scored -- best fixed_ms so far: 968.0s
    [ 50.0%] 1000/2000 permutations scored -- best fixed_ms so far: 968.0s
    [ 55.0%] 1100/2000 permutations scored -- best fixed_ms so far: 968.0s
    [ 60.0%] 1200/2000 permutations scored -- best fixed_ms so far: 968.0s
    [ 65.0%] 1300/2000 permutations scored -- best fixed_ms so far: 968.0s
    [ 70.0%] 1400/2000 permutations scored -- best fixed_ms so far: 968.0s
    [ 75.0%] 1500/2000 permutations scored -- best fixed_ms so far: 968.0s
    [ 80.0%] 1600/2000 permutations scored -- best fixed_ms so far: 968.0s
    [ 85.0%] 1700/2000 permutations scored -- best fixed_ms so far: 968.0s
    [ 90.0%] 1800/2000 permutations scored -- best fixed_ms so far: 968.0s
    [ 95.0%] 1900/2000 permutations scored -- best fixed_ms so far: 968.0s
    [100.0%] 2000/2000 permutations scored -- best fixed_ms so far: 968.0s
[stage 1/2] done in 424.7s. Top 20 candidates: BRRRRBBBBRGG=968.0s, BRGRRBRBRGBB=968.0s, BRRRGBRBBGBR=968.1s, BRGRRBBBBRRG=968.2s, BRRRGBBBRRBG=968.3s ...
[stage 2/2] running beam_search on 20 candidates (beam_width=80, max_rollouts=4000)...
    [  5.0%] (1/20) BRRRRBBBBRGG fixed=968.0s -> beam=871.0s (completed_paths=31, 159.9s) *** new best ***
    [ 10.0%] (2/20) BRGRRBRBRGBB fixed=968.0s -> beam=827.9s (completed_paths=67, 353.6s) *** new best ***
    [ 15.0%] (3/20) BRRRGBRBBGBR fixed=968.1s -> beam=808.2s (completed_paths=48, 250.7s) *** new best ***
    [ 20.0%] (4/20) BRGRRBBBBRRG fixed=968.2s -> beam=808.3s (completed_paths=48, 245.3s)
    [ 25.0%] (5/20) BRRRGBBBRRBG fixed=968.3s -> beam=808.4s (completed_paths=56, 289.2s)
    [ 30.0%] (6/20) BRRGRRBBBRBG fixed=968.3s -> beam=871.3s (completed_paths=20, 100.4s)
    [ 35.0%] (7/20) BRGGRRBBBRRB fixed=970.3s -> beam=810.4s (completed_paths=48, 244.0s)
    [ 40.0%] (8/20) BRGRGRBBBRRB fixed=970.3s -> beam=810.4s (completed_paths=48, 243.6s)
    [ 45.0%] (9/20) BGBBRRBRRBGR fixed=970.9s -> beam=811.1s (completed_paths=46, 227.7s)
    [ 50.0%] (10/20) BBGBGBRRRRRB fixed=970.9s -> beam=811.1s (completed_paths=80, 413.7s)
    [ 55.0%] (11/20) BBRGRRBRBRGB fixed=970.9s -> beam=796.7s (completed_paths=88, 456.4s) *** new best ***
    [ 60.0%] (12/20) BBRRRGRBBBRG fixed=970.9s -> beam=811.1s (completed_paths=53, 315.7s)
    [ 65.0%] (13/20) BBRRGRBBBRRG fixed=970.9s -> beam=811.1s (completed_paths=78, 401.5s)
    [ 70.0%] (14/20) BBRRRGBBBRRG fixed=970.9s -> beam=811.1s (completed_paths=78, 400.8s)
    [ 75.0%] (15/20) BBRRGRRBBRBG fixed=970.9s -> beam=846.7s (completed_paths=55, 293.5s)
    [ 80.0%] (16/20) BBBGGRBRRRBR fixed=970.9s -> beam=811.1s (completed_paths=34, 169.3s)
    [ 85.0%] (17/20) BGBBRRGRRRBB fixed=970.9s -> beam=845.2s (completed_paths=71, 379.3s)
    [ 90.0%] (18/20) BGBBRRBGRRBR fixed=970.9s -> beam=811.1s (completed_paths=46, 227.6s)
    [ 95.0%] (19/20) BBRGGBRRRBBR fixed=970.9s -> beam=796.7s (completed_paths=86, 449.6s)
    [100.0%] (20/20) BRBGGRRRRBBB fixed=970.9s -> beam=859.6s (completed_paths=39, 202.4s)
[stage 2/2] done in 5824.4s. Winner: BBRGRRBRBRGB = 796.7s
Saved map 'dynamic_5b5r2g_BBRGRRBRBRGB_v1' to /home/isecapstone/shipyard_pnp_ws/src/shipyard_pnp/config/dynamic_maps/5b5r2g.json.
Total wall time: 6249.5s
