[input] order=BBBBBRRGGGGG composition=BLUE:5 RED:2 GREEN:5 (n=12)
[stage 1/2] 16632 unique permutations exceeds --sample-cap=2000 -- randomly sampling 2000 of them instead of enumerating all.
[stage 1/2] prefiltering 2000 permutations (sampled) with the fixed-priority simulation...
    [  5.0%] 100/2000 permutations scored -- best fixed_ms so far: 788.7s
    [ 10.0%] 200/2000 permutations scored -- best fixed_ms so far: 788.7s
    [ 15.0%] 300/2000 permutations scored -- best fixed_ms so far: 788.7s
    [ 20.0%] 400/2000 permutations scored -- best fixed_ms so far: 788.7s
    [ 25.0%] 500/2000 permutations scored -- best fixed_ms so far: 788.7s
    [ 30.0%] 600/2000 permutations scored -- best fixed_ms so far: 788.7s
    [ 35.0%] 700/2000 permutations scored -- best fixed_ms so far: 768.5s
    [ 40.0%] 800/2000 permutations scored -- best fixed_ms so far: 768.4s
    [ 45.0%] 900/2000 permutations scored -- best fixed_ms so far: 768.4s
    [ 50.0%] 1000/2000 permutations scored -- best fixed_ms so far: 768.4s
    [ 55.0%] 1100/2000 permutations scored -- best fixed_ms so far: 768.4s
    [ 60.0%] 1200/2000 permutations scored -- best fixed_ms so far: 768.4s
    [ 65.0%] 1300/2000 permutations scored -- best fixed_ms so far: 768.4s
    [ 70.0%] 1400/2000 permutations scored -- best fixed_ms so far: 768.4s
    [ 75.0%] 1500/2000 permutations scored -- best fixed_ms so far: 768.4s
    [ 80.0%] 1600/2000 permutations scored -- best fixed_ms so far: 768.4s
    [ 85.0%] 1700/2000 permutations scored -- best fixed_ms so far: 768.4s
    [ 90.0%] 1800/2000 permutations scored -- best fixed_ms so far: 768.4s
    [ 95.0%] 1900/2000 permutations scored -- best fixed_ms so far: 768.4s
    [100.0%] 2000/2000 permutations scored -- best fixed_ms so far: 768.4s
[stage 1/2] done in 428.9s. Top 20 candidates: BBBGGGBRGBGR=768.4s, BGBBGGBGGBRR=768.5s, BBBGGGRGBGBR=779.0s, BBBGRGGGBGBR=779.1s, BBGGBRBBGGGR=783.5s ...
[stage 2/2] running beam_search on 20 candidates (beam_width=80, max_rollouts=4000)...
    [  5.0%] (1/20) BBBGGGBRGBGR fixed=768.4s -> beam=720.0s (completed_paths=3, 11.3s) *** new best ***
    [ 10.0%] (2/20) BGBBGGBGGBRR fixed=768.5s -> beam=720.0s (completed_paths=8, 36.0s)
    [ 15.0%] (3/20) BBBGGGRGBGBR fixed=779.0s -> beam=733.6s (completed_paths=23, 112.0s)
    [ 20.0%] (4/20) BBBGRGGGBGBR fixed=779.1s -> beam=733.6s (completed_paths=36, 179.0s)
    [ 25.0%] (5/20) BBGGBRBBGGGR fixed=783.5s -> beam=735.1s (completed_paths=19, 92.0s)
    [ 30.0%] (6/20) BGBGGBBBGGRR fixed=788.7s -> beam=740.2s (completed_paths=4, 16.3s)
    [ 35.0%] (7/20) BBGGGBBGGRRB fixed=788.7s -> beam=740.2s (completed_paths=3, 11.1s)
    [ 40.0%] (8/20) BBGBGGGGBRRB fixed=800.1s -> beam=751.6s (completed_paths=16, 76.3s)
    [ 45.0%] (9/20) BGGGBBBBGGRR fixed=802.8s -> beam=754.3s (completed_paths=4, 16.3s)
    [ 50.0%] (10/20) BGGGBBBGGRRB fixed=802.8s -> beam=754.3s (completed_paths=3, 11.2s)
    [ 55.0%] (11/20) BGBGGGBGRRBB fixed=809.9s -> beam=732.7s (completed_paths=25, 127.4s)
    [ 60.0%] (12/20) BRBBGGGGGBRB fixed=812.2s -> beam=747.2s (completed_paths=44, 228.1s)
    [ 65.0%] (13/20) BGGBGGGBBRRB fixed=813.7s -> beam=765.2s (completed_paths=16, 75.7s)
    [ 70.0%] (14/20) BBBGGBRGBGRG fixed=816.8s -> beam=720.0s (completed_paths=20, 96.1s) *** new best ***
    [ 75.0%] (15/20) BBBGGGBBRGRG fixed=816.8s -> beam=720.0s (completed_paths=4, 15.8s)
    [ 80.0%] (16/20) BBBGBGGBGRRG fixed=816.8s -> beam=720.0s (completed_paths=12, 55.9s)
    [ 85.0%] (17/20) BBBGGBGGRBRG fixed=816.8s -> beam=720.0s (completed_paths=10, 46.3s)
    [ 90.0%] (18/20) BBBGGGBBRRGG fixed=816.8s -> beam=720.0s (completed_paths=4, 15.9s)
    [ 95.0%] (19/20) BBGBGBRGBRGG fixed=816.8s -> beam=730.4s (completed_paths=22, 106.2s)
    [100.0%] (20/20) BGBBBGGBGRRG fixed=816.9s -> beam=732.6s (completed_paths=8, 36.3s)
[stage 2/2] done in 1365.3s. Winner: BBBGGBRGBGRG = 720.0s
Saved map 'dynamic_5b2r5g_BBBGGBRGBGRG_v1' to /home/isecapstone/shipyard_pnp_ws/src/shipyard_pnp/config/dynamic_maps/5b2r5g.json.
Total wall time: 1794.6s
