[input] order=BBRRRRRGGGGG composition=BLUE:2 RED:5 GREEN:5 (n=12)
[stage 1/2] 16632 unique permutations exceeds --sample-cap=2000 -- randomly sampling 2000 of them instead of enumerating all.
[stage 1/2] prefiltering 2000 permutations (sampled) with the fixed-priority simulation...
    [  5.0%] 100/2000 permutations scored -- best fixed_ms so far: 567.3s
    [ 10.0%] 200/2000 permutations scored -- best fixed_ms so far: 562.9s
    [ 15.0%] 300/2000 permutations scored -- best fixed_ms so far: 556.3s
    [ 20.0%] 400/2000 permutations scored -- best fixed_ms so far: 556.3s
    [ 25.0%] 500/2000 permutations scored -- best fixed_ms so far: 556.0s
    [ 30.0%] 600/2000 permutations scored -- best fixed_ms so far: 553.1s
    [ 35.0%] 700/2000 permutations scored -- best fixed_ms so far: 553.1s
    [ 40.0%] 800/2000 permutations scored -- best fixed_ms so far: 553.1s
    [ 45.0%] 900/2000 permutations scored -- best fixed_ms so far: 553.1s
    [ 50.0%] 1000/2000 permutations scored -- best fixed_ms so far: 553.1s
    [ 55.0%] 1100/2000 permutations scored -- best fixed_ms so far: 553.1s
    [ 60.0%] 1200/2000 permutations scored -- best fixed_ms so far: 553.1s
    [ 65.0%] 1300/2000 permutations scored -- best fixed_ms so far: 553.1s
    [ 70.0%] 1400/2000 permutations scored -- best fixed_ms so far: 553.1s
    [ 75.0%] 1500/2000 permutations scored -- best fixed_ms so far: 553.1s
    [ 80.0%] 1600/2000 permutations scored -- best fixed_ms so far: 553.1s
    [ 85.0%] 1700/2000 permutations scored -- best fixed_ms so far: 553.1s
    [ 90.0%] 1800/2000 permutations scored -- best fixed_ms so far: 553.1s
    [ 95.0%] 1900/2000 permutations scored -- best fixed_ms so far: 553.1s
    [100.0%] 2000/2000 permutations scored -- best fixed_ms so far: 553.1s
[stage 1/2] done in 442.1s. Top 20 candidates: BGRBGGGRGRRR=553.1s, GBRGBGGRGRRR=554.5s, GBBGRGGRGRRR=554.5s, RGGBRBGGRRRG=556.0s, RGRGBBGGGRRR=556.0s ...
[stage 2/2] running beam_search on 20 candidates (beam_width=80, max_rollouts=4000)...
    [  5.0%] (1/20) BGRBGGGRGRRR fixed=553.1s -> beam=553.1s (completed_paths=23, 107.1s) *** new best ***
    [ 10.0%] (2/20) GBRGBGGRGRRR fixed=554.5s -> beam=554.5s (completed_paths=15, 68.0s)
    [ 15.0%] (3/20) GBBGRGGRGRRR fixed=554.5s -> beam=554.5s (completed_paths=15, 67.3s)
    [ 20.0%] (4/20) RGGBRBGGRRRG fixed=556.0s -> beam=556.0s (completed_paths=3, 10.3s)
    [ 25.0%] (5/20) RGRGBBGGGRRR fixed=556.0s -> beam=556.0s (completed_paths=6, 25.1s)
    [ 30.0%] (6/20) RGGRBBGGRRGR fixed=556.0s -> beam=556.0s (completed_paths=3, 10.5s)
    [ 35.0%] (7/20) GBRGGBRGRRGR fixed=556.3s -> beam=548.3s (completed_paths=12, 53.6s) *** new best ***
    [ 40.0%] (8/20) GBRGGBRGRRRG fixed=556.3s -> beam=548.3s (completed_paths=12, 54.0s)
    [ 45.0%] (9/20) GBBGRGGRRRRG fixed=557.3s -> beam=557.3s (completed_paths=4, 15.5s)
    [ 50.0%] (10/20) GBGRBGGRRRRG fixed=558.9s -> beam=558.9s (completed_paths=4, 15.1s)
    [ 55.0%] (11/20) BGRGGGRBRGRR fixed=559.5s -> beam=559.5s (completed_paths=23, 106.3s)
    [ 60.0%] (12/20) GBRBGGRRRRGG fixed=560.1s -> beam=557.3s (completed_paths=8, 34.4s)
    [ 65.0%] (13/20) GBGGRBGRRGRR fixed=562.9s -> beam=562.9s (completed_paths=4, 15.1s)
    [ 70.0%] (14/20) GBGGGRBRGRRR fixed=562.9s -> beam=562.9s (completed_paths=4, 15.6s)
    [ 75.0%] (15/20) GBGGGRBRRGRR fixed=562.9s -> beam=562.9s (completed_paths=4, 15.6s)
    [ 80.0%] (16/20) GBGGGBRRGRRR fixed=562.9s -> beam=562.9s (completed_paths=4, 15.7s)
    [ 85.0%] (17/20) GBGGRGRBRRRG fixed=563.1s -> beam=563.1s (completed_paths=4, 15.5s)
    [ 90.0%] (18/20) BRGGRRGBRGGR fixed=563.2s -> beam=563.2s (completed_paths=12, 53.3s)
    [ 95.0%] (19/20) BRGGRRGBRGRG fixed=563.2s -> beam=563.2s (completed_paths=12, 53.5s)
    [100.0%] (20/20) BRGGRRBGRRGG fixed=563.2s -> beam=563.2s (completed_paths=6, 24.9s)
[stage 2/2] done in 776.4s. Winner: GBRGGBRGRRGR = 548.3s
Saved map 'dynamic_2b5r5g_GBRGGBRGRRGR_v1' to /home/isecapstone/shipyard_pnp_ws/src/shipyard_pnp/config/dynamic_maps/2b5r5g.json.
Total wall time: 1218.8s
