[input] order=BBBBBBBBRRRRRRR composition=BLUE:8 RED:7 GREEN:0 (n=15)
[stage 1/2] 6435 unique permutations exceeds --sample-cap=2000 -- randomly sampling 2000 of them instead of enumerating all.
[stage 1/2] prefiltering 2000 permutations (sampled) with the fixed-priority simulation...
    [  5.0%] 100/2000 permutations scored -- best fixed_ms so far: 1529.1s
    [ 10.0%] 200/2000 permutations scored -- best fixed_ms so far: 1529.1s
    [ 15.0%] 300/2000 permutations scored -- best fixed_ms so far: 1529.0s
    [ 20.0%] 400/2000 permutations scored -- best fixed_ms so far: 1529.0s
    [ 25.0%] 500/2000 permutations scored -- best fixed_ms so far: 1529.0s
    [ 30.0%] 600/2000 permutations scored -- best fixed_ms so far: 1529.0s
    [ 35.0%] 700/2000 permutations scored -- best fixed_ms so far: 1528.9s
    [ 40.0%] 800/2000 permutations scored -- best fixed_ms so far: 1528.9s
    [ 45.0%] 900/2000 permutations scored -- best fixed_ms so far: 1528.9s
    [ 50.0%] 1000/2000 permutations scored -- best fixed_ms so far: 1528.9s
    [ 55.0%] 1100/2000 permutations scored -- best fixed_ms so far: 1528.9s
    [ 60.0%] 1200/2000 permutations scored -- best fixed_ms so far: 1528.9s
    [ 65.0%] 1300/2000 permutations scored -- best fixed_ms so far: 1528.9s
    [ 70.0%] 1400/2000 permutations scored -- best fixed_ms so far: 1528.9s
    [ 75.0%] 1500/2000 permutations scored -- best fixed_ms so far: 1528.9s
    [ 80.0%] 1600/2000 permutations scored -- best fixed_ms so far: 1528.9s
    [ 85.0%] 1700/2000 permutations scored -- best fixed_ms so far: 1528.9s
    [ 90.0%] 1800/2000 permutations scored -- best fixed_ms so far: 1528.8s
    [ 95.0%] 1900/2000 permutations scored -- best fixed_ms so far: 1528.8s
    [100.0%] 2000/2000 permutations scored -- best fixed_ms so far: 1528.8s
[stage 1/2] done in 445.6s. Top 10 candidates: BRRRRRRBBRBBBBB=1528.8s, BRRRRRBBBBBBRRB=1528.9s, BRRRRRBBBRBBBBR=1528.9s, BRRRRRBBBRBRBBB=1528.9s, BRRRRRBBBBRBBRB=1528.9s ...
[stage 2/2] running beam_search on 10 candidates (beam_width=80, max_rollouts=4000)...
    [ 10.0%] (1/10) BRRRRRRBBRBBBBB fixed=1528.8s -> beam=1337.9s (completed_paths=81, 1170.3s) *** new best ***
    [ 20.0%] (2/10) BRRRRRBBBBBBRRB fixed=1528.9s -> beam=1303.8s (completed_paths=85, 1194.9s) *** new best ***
    [ 30.0%] (3/10) BRRRRRBBBRBBBBR fixed=1528.9s -> beam=1286.0s (completed_paths=15, 1040.9s) *** new best ***
    [ 40.0%] (4/10) BRRRRRBBBRBRBBB fixed=1528.9s -> beam=1289.4s (completed_paths=5, 1006.7s)
    [ 50.0%] (5/10) BRRRRRBBBBRBBRB fixed=1528.9s -> beam=1286.0s (completed_paths=15, 1046.3s)
    [ 60.0%] (6/10) BRRRRRBBBBBRBBR fixed=1528.9s -> beam=1286.0s (completed_paths=31, 1069.1s)
    [ 70.0%] (7/10) BRRRRRBBBRBBBRB fixed=1528.9s -> beam=1286.0s (completed_paths=8, 1038.2s)
    [ 80.0%] (8/10) BRRRRRBRBBRBBBB fixed=1528.9s -> beam=1306.0s (completed_paths=24, 1055.8s)
    [ 90.0%] (9/10) BRRRRRBBRBBBBRB fixed=1528.9s -> beam=1289.4s (completed_paths=25, 1071.3s)
    [100.0%] (10/10) BRRRRBBBRBBBRRB fixed=1529.0s -> beam=1257.4s (completed_paths=3, 1023.4s) *** new best ***
[stage 2/2] done in 10716.9s. Winner: BRRRRBBBRBBBRRB = 1257.4s
Saved map 'dynamic_8b7r0g_BRRRRBBBRBBBRRB_v1' to /home/isecapstone/shipyard_pnp_ws/src/shipyard_pnp/config/dynamic_maps/8b7r0g.json.
Total wall time: 11162.9s
