[input] order=BBBBBRRRRRGGGGG composition=BLUE:5 RED:5 GREEN:5 (n=15)
[stage 1/2] 756756 unique permutations exceeds --sample-cap=2000 -- randomly sampling 2000 of them instead of enumerating all.
[stage 1/2] prefiltering 2000 permutations (sampled) with the fixed-priority simulation...
    [  5.0%] 100/2000 permutations scored -- best fixed_ms so far: 983.5s
    [ 10.0%] 200/2000 permutations scored -- best fixed_ms so far: 963.8s
    [ 15.0%] 300/2000 permutations scored -- best fixed_ms so far: 963.8s
    [ 20.0%] 400/2000 permutations scored -- best fixed_ms so far: 963.8s
    [ 25.0%] 500/2000 permutations scored -- best fixed_ms so far: 963.8s
    [ 30.0%] 600/2000 permutations scored -- best fixed_ms so far: 963.8s
    [ 35.0%] 700/2000 permutations scored -- best fixed_ms so far: 963.8s
    [ 40.0%] 800/2000 permutations scored -- best fixed_ms so far: 963.8s
    [ 45.0%] 900/2000 permutations scored -- best fixed_ms so far: 963.8s
    [ 50.0%] 1000/2000 permutations scored -- best fixed_ms so far: 963.8s
    [ 55.0%] 1100/2000 permutations scored -- best fixed_ms so far: 963.8s
    [ 60.0%] 1200/2000 permutations scored -- best fixed_ms so far: 963.8s
    [ 65.0%] 1300/2000 permutations scored -- best fixed_ms so far: 963.8s
    [ 70.0%] 1400/2000 permutations scored -- best fixed_ms so far: 963.8s
    [ 75.0%] 1500/2000 permutations scored -- best fixed_ms so far: 963.8s
    [ 80.0%] 1600/2000 permutations scored -- best fixed_ms so far: 963.8s
    [ 85.0%] 1700/2000 permutations scored -- best fixed_ms so far: 963.8s
    [ 90.0%] 1800/2000 permutations scored -- best fixed_ms so far: 963.8s
    [ 95.0%] 1900/2000 permutations scored -- best fixed_ms so far: 963.8s
    [100.0%] 2000/2000 permutations scored -- best fixed_ms so far: 963.8s
[stage 1/2] done in 464.3s. Top 10 candidates: RBBGGGGBGBRRRRB=963.8s, BGBBGBRGGRRBGRR=974.0s, GBGGBGGRRRRBBBR=975.4s, BRBGGBBRGGGBRRR=977.4s, RBBGGGGGBRRBBRR=983.5s ...
[stage 2/2] running beam_search on 10 candidates (beam_width=80, max_rollouts=4000)...
    [ 10.0%] (1/10) RBBGGGGBGBRRRRB fixed=963.8s -> beam=852.5s (completed_paths=72, 1069.0s) *** new best ***
    [ 20.0%] (2/10) BGBBGBRGGRRBGRR fixed=974.0s -> beam=828.5s (completed_paths=60, 316.5s) *** new best ***
    [ 30.0%] (3/10) GBGGBGGRRRRBBBR fixed=975.4s -> beam=878.4s (completed_paths=11, 58.7s)
    [ 40.0%] (4/10) BRBGGBBRGGGBRRR fixed=977.4s -> beam=828.5s (completed_paths=90, 1088.6s) *** new best ***
    [ 50.0%] (5/10) RBBGGGGGBRRBBRR fixed=983.5s -> beam=857.8s (completed_paths=144, 1130.9s)
    [ 60.0%] (6/10) BRGGBBGRGBRRRBG fixed=984.6s -> beam=824.8s (completed_paths=180, 1016.6s) *** new best ***
    [ 70.0%] (7/10) BGRBGGGRRBRBRGB fixed=985.7s -> beam=811.7s (completed_paths=176, 993.4s) *** new best ***
    [ 80.0%] (8/10) BGGBGGGRRBBBRRR fixed=986.7s -> beam=875.3s (completed_paths=86, 465.3s)
    [ 90.0%] (9/10) GBBGBGBRBGGRRRR fixed=987.0s -> beam=841.5s (completed_paths=117, 624.8s)
    [100.0%] (10/10) GBBGBBGGRGRRRRB fixed=987.0s -> beam=827.2s (completed_paths=80, 448.9s)
[stage 2/2] done in 7212.8s. Winner: BGRBGGGRRBRBRGB = 811.7s
Saved map 'dynamic_5b5r5g_BGRBGGGRRBRBRGB_v1' to /home/isecapstone/shipyard_pnp_ws/src/shipyard_pnp/config/dynamic_maps/5b5r5g.json.
Total wall time: 7677.5s
