[input] order=BBBBBBBBRRRRGGG composition=BLUE:8 RED:4 GREEN:3 (n=15)
[stage 1/2] 225225 unique permutations exceeds --sample-cap=2000 -- randomly sampling 2000 of them instead of enumerating all.
[stage 1/2] prefiltering 2000 permutations (sampled) with the fixed-priority simulation...
    [  5.0%] 100/2000 permutations scored -- best fixed_ms so far: 1377.7s
    [ 10.0%] 200/2000 permutations scored -- best fixed_ms so far: 1377.7s
    [ 15.0%] 300/2000 permutations scored -- best fixed_ms so far: 1377.7s
    [ 20.0%] 400/2000 permutations scored -- best fixed_ms so far: 1377.7s
    [ 25.0%] 500/2000 permutations scored -- best fixed_ms so far: 1377.7s
    [ 30.0%] 600/2000 permutations scored -- best fixed_ms so far: 1377.7s
    [ 35.0%] 700/2000 permutations scored -- best fixed_ms so far: 1377.7s
    [ 40.0%] 800/2000 permutations scored -- best fixed_ms so far: 1326.5s
    [ 45.0%] 900/2000 permutations scored -- best fixed_ms so far: 1326.5s
    [ 50.0%] 1000/2000 permutations scored -- best fixed_ms so far: 1326.5s
    [ 55.0%] 1100/2000 permutations scored -- best fixed_ms so far: 1326.5s
    [ 60.0%] 1200/2000 permutations scored -- best fixed_ms so far: 1326.5s
    [ 65.0%] 1300/2000 permutations scored -- best fixed_ms so far: 1326.5s
    [ 70.0%] 1400/2000 permutations scored -- best fixed_ms so far: 1326.5s
    [ 75.0%] 1500/2000 permutations scored -- best fixed_ms so far: 1326.5s
    [ 80.0%] 1600/2000 permutations scored -- best fixed_ms so far: 1326.5s
    [ 85.0%] 1700/2000 permutations scored -- best fixed_ms so far: 1326.5s
    [ 90.0%] 1800/2000 permutations scored -- best fixed_ms so far: 1326.5s
    [ 95.0%] 1900/2000 permutations scored -- best fixed_ms so far: 1326.5s
    [100.0%] 2000/2000 permutations scored -- best fixed_ms so far: 1326.5s
[stage 1/2] done in 449.3s. Top 10 candidates: BRRRBBBBBBGGRGB=1326.5s, BBRRRBBBBGGGRBB=1356.6s, BRGRRBBBBBGBBRG=1375.2s, BGBBBBGGRRRBRBB=1377.7s, BBGBGBBGRRBRBBR=1377.8s ...
[stage 2/2] running beam_search on 10 candidates (beam_width=80, max_rollouts=4000)...
    [ 10.0%] (1/10) BRRRBBBBBBGGRGB fixed=1326.5s -> beam=1185.3s (completed_paths=57, 1108.4s) *** new best ***
    [ 20.0%] (2/10) BBRRRBBBBGGGRBB fixed=1356.6s -> beam=1164.8s (completed_paths=2, 1000.6s) *** new best ***
    [ 30.0%] (3/10) BRGRRBBBBBGBBRG fixed=1375.2s -> beam=1180.9s (completed_paths=80, 758.2s)
    [ 40.0%] (4/10) BGBBBBGGRRRBRBB fixed=1377.7s -> beam=1120.8s (completed_paths=5, 988.9s) *** new best ***
    [ 50.0%] (5/10) BBGBGBBGRRBRBBR fixed=1377.8s -> beam=1135.2s (completed_paths=15, 1011.8s)
    [ 60.0%] (6/10) BRBBRBRBBBBGGGR fixed=1377.9s -> beam=1142.3s (completed_paths=2, 1004.0s)
    [ 70.0%] (7/10) BBRBRRBBBBBGGRG fixed=1377.9s -> beam=1139.5s (completed_paths=11, 1023.8s)
    [ 80.0%] (8/10) BBBBGBBBBGGRRRR fixed=1377.9s -> beam=1135.2s (completed_paths=216, 1352.7s)
    [ 90.0%] (9/10) BBRGRRBBBBBGBRG fixed=1377.9s -> beam=1169.3s (completed_paths=103, 1195.3s)
    [100.0%] (10/10) BBBGGBBBBRRRGBR fixed=1377.9s -> beam=1152.2s (completed_paths=84, 524.5s)
[stage 2/2] done in 9968.2s. Winner: BGBBBBGGRRRBRBB = 1120.8s
Saved map 'dynamic_8b4r3g_BGBBBBGGRRRBRBB_v1' to /home/isecapstone/shipyard_pnp_ws/src/shipyard_pnp/config/dynamic_maps/8b4r3g.json.
Total wall time: 10418.0s
