[input] order=BBBRRRRRRRRGGGG composition=BLUE:3 RED:8 GREEN:4 (n=15)
[stage 1/2] 225225 unique permutations exceeds --sample-cap=2000 -- randomly sampling 2000 of them instead of enumerating all.
[stage 1/2] prefiltering 2000 permutations (sampled) with the fixed-priority simulation...
    [  5.0%] 100/2000 permutations scored -- best fixed_ms so far: 864.0s
    [ 10.0%] 200/2000 permutations scored -- best fixed_ms so far: 843.2s
    [ 15.0%] 300/2000 permutations scored -- best fixed_ms so far: 843.2s
    [ 20.0%] 400/2000 permutations scored -- best fixed_ms so far: 843.2s
    [ 25.0%] 500/2000 permutations scored -- best fixed_ms so far: 830.6s
    [ 30.0%] 600/2000 permutations scored -- best fixed_ms so far: 830.6s
    [ 35.0%] 700/2000 permutations scored -- best fixed_ms so far: 830.6s
    [ 40.0%] 800/2000 permutations scored -- best fixed_ms so far: 830.6s
    [ 45.0%] 900/2000 permutations scored -- best fixed_ms so far: 830.6s
    [ 50.0%] 1000/2000 permutations scored -- best fixed_ms so far: 830.6s
    [ 55.0%] 1100/2000 permutations scored -- best fixed_ms so far: 830.6s
    [ 60.0%] 1200/2000 permutations scored -- best fixed_ms so far: 830.6s
    [ 65.0%] 1300/2000 permutations scored -- best fixed_ms so far: 830.6s
    [ 70.0%] 1400/2000 permutations scored -- best fixed_ms so far: 830.6s
    [ 75.0%] 1500/2000 permutations scored -- best fixed_ms so far: 830.6s
    [ 80.0%] 1600/2000 permutations scored -- best fixed_ms so far: 830.6s
    [ 85.0%] 1700/2000 permutations scored -- best fixed_ms so far: 830.6s
    [ 90.0%] 1800/2000 permutations scored -- best fixed_ms so far: 830.6s
    [ 95.0%] 1900/2000 permutations scored -- best fixed_ms so far: 830.6s
    [100.0%] 2000/2000 permutations scored -- best fixed_ms so far: 830.6s
[stage 1/2] done in 471.4s. Top 10 candidates: BGRGRRBRRBGRRRG=830.6s, BRGGBRGRRBRRRRG=832.8s, GRBGGRRRRBRRBGR=836.4s, RBGGRRRBBRRGGRR=838.9s, BRGGBRRGBRRGRRR=839.0s ...
[stage 2/2] running beam_search on 10 candidates (beam_width=80, max_rollouts=4000)...
    [ 10.0%] (1/10) BGRGRRBRRBGRRRG fixed=830.6s -> beam=767.3s (completed_paths=19, 97.1s) *** new best ***
    [ 20.0%] (2/10) BRGGBRGRRBRRRRG fixed=832.8s -> beam=770.4s (completed_paths=75, 405.5s)
    [ 30.0%] (3/10) GRBGGRRRRBRRBGR fixed=836.4s -> beam=773.4s (completed_paths=8, 38.8s)
    [ 40.0%] (4/10) RBGGRRRBBRRGGRR fixed=838.9s -> beam=772.1s (completed_paths=41, 214.2s)
    [ 50.0%] (5/10) BRGGBRRGBRRGRRR fixed=839.0s -> beam=776.3s (completed_paths=82, 442.5s)
    [ 60.0%] (6/10) BRGGBRBGGRRRRRR fixed=840.1s -> beam=784.7s (completed_paths=104, 558.9s)
    [ 70.0%] (7/10) BRGRGRBGRRBGRRR fixed=841.0s -> beam=778.0s (completed_paths=19, 97.0s)
    [ 80.0%] (8/10) BRRRGBRRBGRRGGR fixed=841.9s -> beam=793.4s (completed_paths=38, 199.6s)
    [ 90.0%] (9/10) BGRGGRRRRRBRBRG fixed=843.2s -> beam=780.2s (completed_paths=10, 50.2s)
    [100.0%] (10/10) BBRGRGRRBRRGRRG fixed=844.7s -> beam=779.0s (completed_paths=49, 265.6s)
[stage 2/2] done in 2369.3s. Winner: BGRGRRBRRBGRRRG = 767.3s
Saved map 'dynamic_3b8r4g_BGRGRRBRRBGRRRG_v1' to /home/isecapstone/shipyard_pnp_ws/src/shipyard_pnp/config/dynamic_maps/3b8r4g.json.
Total wall time: 2841.3s
