[input] order=BBBBRRRGGGGGGGG composition=BLUE:4 RED:3 GREEN:8 (n=15)
[stage 1/2] 225225 unique permutations exceeds --sample-cap=2000 -- randomly sampling 2000 of them instead of enumerating all.
[stage 1/2] prefiltering 2000 permutations (sampled) with the fixed-priority simulation...
    [  5.0%] 100/2000 permutations scored -- best fixed_ms so far: 713.8s
    [ 10.0%] 200/2000 permutations scored -- best fixed_ms so far: 707.1s
    [ 15.0%] 300/2000 permutations scored -- best fixed_ms so far: 693.0s
    [ 20.0%] 400/2000 permutations scored -- best fixed_ms so far: 693.0s
    [ 25.0%] 500/2000 permutations scored -- best fixed_ms so far: 679.2s
    [ 30.0%] 600/2000 permutations scored -- best fixed_ms so far: 679.2s
    [ 35.0%] 700/2000 permutations scored -- best fixed_ms so far: 679.2s
    [ 40.0%] 800/2000 permutations scored -- best fixed_ms so far: 679.2s
    [ 45.0%] 900/2000 permutations scored -- best fixed_ms so far: 679.2s
    [ 50.0%] 1000/2000 permutations scored -- best fixed_ms so far: 679.2s
    [ 55.0%] 1100/2000 permutations scored -- best fixed_ms so far: 679.2s
    [ 60.0%] 1200/2000 permutations scored -- best fixed_ms so far: 679.2s
    [ 65.0%] 1300/2000 permutations scored -- best fixed_ms so far: 679.2s
    [ 70.0%] 1400/2000 permutations scored -- best fixed_ms so far: 679.2s
    [ 75.0%] 1500/2000 permutations scored -- best fixed_ms so far: 679.2s
    [ 80.0%] 1600/2000 permutations scored -- best fixed_ms so far: 679.2s
    [ 85.0%] 1700/2000 permutations scored -- best fixed_ms so far: 672.7s
    [ 90.0%] 1800/2000 permutations scored -- best fixed_ms so far: 672.7s
    [ 95.0%] 1900/2000 permutations scored -- best fixed_ms so far: 672.7s
    [100.0%] 2000/2000 permutations scored -- best fixed_ms so far: 672.7s
[stage 1/2] done in 475.2s. Top 10 candidates: BGBBRRGGGGGBGRG=672.7s, BGBBRGGGGGGBRGR=679.2s, BGBBGGGRGGBRGGR=680.2s, BGRBGGGGGBGRBGR=681.7s, BGRBGGGGGBRGBGR=681.7s ...
[stage 2/2] running beam_search on 10 candidates (beam_width=80, max_rollouts=4000)...
    [ 10.0%] (1/10) BGBBRRGGGGGBGRG fixed=672.7s -> beam=666.1s (completed_paths=157, 1101.6s) *** new best ***
    [ 20.0%] (2/10) BGBBRGGGGGGBRGR fixed=679.2s -> beam=679.2s (completed_paths=84, 444.1s)
    [ 30.0%] (3/10) BGBBGGGRGGBRGGR fixed=680.2s -> beam=680.2s (completed_paths=65, 343.6s)
    [ 40.0%] (4/10) BGRBGGGGGBGRBGR fixed=681.7s -> beam=681.7s (completed_paths=59, 340.7s)
    [ 50.0%] (5/10) BGRBGGGGGBRGBGR fixed=681.7s -> beam=681.7s (completed_paths=59, 336.1s)
    [ 60.0%] (6/10) BRGBGGGGBRGGBGR fixed=683.9s -> beam=683.9s (completed_paths=68, 422.0s)
    [ 70.0%] (7/10) BBRGBGGRGGGBGGR fixed=684.9s -> beam=684.9s (completed_paths=40, 1062.6s)
    [ 80.0%] (8/10) BBBGBGGRGGGGRGR fixed=686.9s -> beam=684.6s (completed_paths=185, 1016.5s)
    [ 90.0%] (9/10) BBGGBRGGGGGBGRR fixed=688.5s -> beam=688.5s (completed_paths=88, 473.7s)
    [100.0%] (10/10) RGBBGGGBGRGGGBR fixed=690.6s -> beam=690.6s (completed_paths=90, 1117.8s)
[stage 2/2] done in 6658.8s. Winner: BGBBRRGGGGGBGRG = 666.1s
Saved map 'dynamic_4b3r8g_BGBBRRGGGGGBGRG_v1' to /home/isecapstone/shipyard_pnp_ws/src/shipyard_pnp/config/dynamic_maps/4b3r8g.json.
Total wall time: 7134.5s
