[input] order=BBBBBBBBBRRRRRRRRR composition=BLUE:9 RED:9 GREEN:0 (n=18)
[stage 1/2] 48620 unique permutations exceeds --sample-cap=2000 -- drew 2000 distinct random permutations directly (no full enumeration).
[stage 1/2] prefiltering 2000 permutations (sampled) with the fixed-priority simulation...
    [  5.0%] 100/2000 permutations scored -- best fixed_ms so far: 1784.3s
    [ 10.0%] 200/2000 permutations scored -- best fixed_ms so far: 1784.3s
    [ 15.0%] 300/2000 permutations scored -- best fixed_ms so far: 1784.3s
    [ 20.0%] 400/2000 permutations scored -- best fixed_ms so far: 1784.3s
    [ 25.0%] 500/2000 permutations scored -- best fixed_ms so far: 1784.3s
    [ 30.0%] 600/2000 permutations scored -- best fixed_ms so far: 1784.3s
    [ 35.0%] 700/2000 permutations scored -- best fixed_ms so far: 1784.3s
    [ 40.0%] 800/2000 permutations scored -- best fixed_ms so far: 1784.3s
    [ 45.0%] 900/2000 permutations scored -- best fixed_ms so far: 1784.3s
    [ 50.0%] 1000/2000 permutations scored -- best fixed_ms so far: 1784.1s
    [ 55.0%] 1100/2000 permutations scored -- best fixed_ms so far: 1784.1s
    [ 60.0%] 1200/2000 permutations scored -- best fixed_ms so far: 1784.1s
    [ 65.0%] 1300/2000 permutations scored -- best fixed_ms so far: 1784.1s
    [ 70.0%] 1400/2000 permutations scored -- best fixed_ms so far: 1784.1s
    [ 75.0%] 1500/2000 permutations scored -- best fixed_ms so far: 1784.1s
    [ 80.0%] 1600/2000 permutations scored -- best fixed_ms so far: 1784.1s
    [ 85.0%] 1700/2000 permutations scored -- best fixed_ms so far: 1784.1s
    [ 90.0%] 1800/2000 permutations scored -- best fixed_ms so far: 1784.1s
    [ 95.0%] 1900/2000 permutations scored -- best fixed_ms so far: 1784.1s
    [100.0%] 2000/2000 permutations scored -- best fixed_ms so far: 1784.1s
[stage 1/2] done in 406.5s. Top 6 candidates: BRRRRRRRBRBBBRBBBB=1784.1s, BRRRRRRRRBRBBBBBBB=1784.1s, BRRRRRRBBBBRBBBBRR=1784.2s, BRRRRRRBRBBBBBRBRB=1784.2s, BRRRRRRBBBBRRBBRBB=1784.2s ...
[stage 2/2] running beam_search on 6 candidates (beam_width=60, max_rollouts=3000)...
    [ 16.7%] (1/6) BRRRRRRRBRBBBRBBBB fixed=1784.1s -> beam=1526.9s (completed_paths=1, 703.1s) *** new best ***
    [ 33.3%] (2/6) BRRRRRRRRBRBBBBBBB fixed=1784.1s -> beam=1575.5s (completed_paths=48, 837.4s)
    [ 50.0%] (3/6) BRRRRRRBBBBRBBBBRR fixed=1784.2s -> beam=1478.4s (completed_paths=0, 699.1s) *** new best ***
    [ 66.7%] (4/6) BRRRRRRBRBBBBBRBRB fixed=1784.2s -> beam=1496.1s (completed_paths=3, 713.7s)
    [ 83.3%] (5/6) BRRRRRRBBBBRRBBRBB fixed=1784.2s -> beam=1478.4s (completed_paths=0, 698.5s) *** new best ***
    [100.0%] (6/6) BRRRRRRBBBRBRBBBRB fixed=1784.2s -> beam=1478.4s (completed_paths=0, 697.4s)
[stage 2/2] done in 4349.3s. Winner: BRRRRRRBBBBRRBBRBB = 1478.4s
Saved map 'dynamic_9b9r0g_BRRRRRRBBBBRRBBRBB_v1' to /home/isecapstone/shipyard_pnp_ws/src/shipyard_pnp/config/dynamic_maps/9b9r0g.json.
Total wall time: 4755.9s
