[input] order=BBBBBBBRRRRRRGGGGG composition=BLUE:7 RED:6 GREEN:5 (n=18)
[stage 1/2] 14702688 unique permutations exceeds --sample-cap=2000 -- drew 2000 distinct random permutations directly (no full enumeration).
[stage 1/2] prefiltering 2000 permutations (sampled) with the fixed-priority simulation...
    [  5.0%] 100/2000 permutations scored -- best fixed_ms so far: 1327.8s
    [ 10.0%] 200/2000 permutations scored -- best fixed_ms so far: 1327.8s
    [ 15.0%] 300/2000 permutations scored -- best fixed_ms so far: 1327.7s
    [ 20.0%] 400/2000 permutations scored -- best fixed_ms so far: 1324.7s
    [ 25.0%] 500/2000 permutations scored -- best fixed_ms so far: 1324.7s
    [ 30.0%] 600/2000 permutations scored -- best fixed_ms so far: 1324.7s
    [ 35.0%] 700/2000 permutations scored -- best fixed_ms so far: 1324.7s
    [ 40.0%] 800/2000 permutations scored -- best fixed_ms so far: 1324.7s
    [ 45.0%] 900/2000 permutations scored -- best fixed_ms so far: 1324.7s
    [ 50.0%] 1000/2000 permutations scored -- best fixed_ms so far: 1324.7s
    [ 55.0%] 1100/2000 permutations scored -- best fixed_ms so far: 1324.7s
    [ 60.0%] 1200/2000 permutations scored -- best fixed_ms so far: 1324.7s
    [ 65.0%] 1300/2000 permutations scored -- best fixed_ms so far: 1324.7s
    [ 70.0%] 1400/2000 permutations scored -- best fixed_ms so far: 1324.7s
    [ 75.0%] 1500/2000 permutations scored -- best fixed_ms so far: 1324.7s
    [ 80.0%] 1600/2000 permutations scored -- best fixed_ms so far: 1324.7s
    [ 85.0%] 1700/2000 permutations scored -- best fixed_ms so far: 1289.1s
    [ 90.0%] 1800/2000 permutations scored -- best fixed_ms so far: 1289.1s
    [ 95.0%] 1900/2000 permutations scored -- best fixed_ms so far: 1289.1s
    [100.0%] 2000/2000 permutations scored -- best fixed_ms so far: 1280.3s
[stage 1/2] done in 412.0s. Top 6 candidates: RBGGRRBBBBBGGRRRGB=1280.3s, BRRRGBBBRBGGGBGRBR=1289.1s, BBGRRRBRBBRBGGGGRB=1305.5s, GBRRGRBRBGBBBGGRRB=1321.0s, BRRRRBBBBRRGGGBGGB=1324.7s ...
[stage 2/2] running beam_search on 6 candidates (beam_width=60, max_rollouts=3000)...
    [ 16.7%] (1/6) RBGGRRBBBBBGGRRRGB fixed=1280.3s -> beam=1071.7s (completed_paths=10, 710.7s) *** new best ***
    [ 33.3%] (2/6) BRRRGBBBRBGGGBGRBR fixed=1289.1s -> beam=1090.2s (completed_paths=0, 694.8s)
    [ 50.0%] (3/6) BBGRRRBRBBRBGGGGRB fixed=1305.5s -> beam=1108.7s (completed_paths=11, 715.6s)
    [ 66.7%] (4/6) GBRRGRBRBGBBBGGRRB fixed=1321.0s -> beam=1161.2s (completed_paths=18, 735.9s)
    [ 83.3%] (5/6) BRRRRBBBBRRGGGBGGB fixed=1324.7s -> beam=1149.0s (completed_paths=2, 689.6s)
    [100.0%] (6/6) BGBBBGGRRGRBRRBGRB fixed=1327.6s -> beam=1056.3s (completed_paths=3, 684.4s) *** new best ***
[stage 2/2] done in 4231.1s. Winner: BGBBBGGRRGRBRRBGRB = 1056.3s
Saved map 'dynamic_7b6r5g_BGBBBGGRRGRBRRBGRB_v1' to /home/isecapstone/shipyard_pnp_ws/src/shipyard_pnp/config/dynamic_maps/7b6r5g.json.
Total wall time: 4643.4s
