[input] order=BBBBBBRRRRGG composition=BLUE:6 RED:4 GREEN:2 (n=12)
[stage 1/2] 13860 unique permutations exceeds --sample-cap=2000 -- drew 2000 distinct random permutations directly (no full enumeration).
[stage 1/2] prefiltering 2000 permutations (sampled) with the fixed-priority simulation...
    [  5.0%] 100/2000 permutations scored -- best fixed_ms so far: 1069.6s
    [ 10.0%] 200/2000 permutations scored -- best fixed_ms so far: 1069.6s
    [ 15.0%] 300/2000 permutations scored -- best fixed_ms so far: 1069.6s
    [ 20.0%] 400/2000 permutations scored -- best fixed_ms so far: 1069.6s
    [ 25.0%] 500/2000 permutations scored -- best fixed_ms so far: 1069.4s
    [ 30.0%] 600/2000 permutations scored -- best fixed_ms so far: 1069.4s
    [ 35.0%] 700/2000 permutations scored -- best fixed_ms so far: 1069.4s
    [ 40.0%] 800/2000 permutations scored -- best fixed_ms so far: 1069.4s
    [ 45.0%] 900/2000 permutations scored -- best fixed_ms so far: 1069.4s
    [ 50.0%] 1000/2000 permutations scored -- best fixed_ms so far: 1069.4s
    [ 55.0%] 1100/2000 permutations scored -- best fixed_ms so far: 1069.4s
    [ 60.0%] 1200/2000 permutations scored -- best fixed_ms so far: 1069.4s
    [ 65.0%] 1300/2000 permutations scored -- best fixed_ms so far: 1069.4s
    [ 70.0%] 1400/2000 permutations scored -- best fixed_ms so far: 1069.4s
    [ 75.0%] 1500/2000 permutations scored -- best fixed_ms so far: 1069.4s
    [ 80.0%] 1600/2000 permutations scored -- best fixed_ms so far: 1069.4s
    [ 85.0%] 1700/2000 permutations scored -- best fixed_ms so far: 1069.4s
    [ 90.0%] 1800/2000 permutations scored -- best fixed_ms so far: 1069.4s
    [ 95.0%] 1900/2000 permutations scored -- best fixed_ms so far: 1069.4s
    [100.0%] 2000/2000 permutations scored -- best fixed_ms so far: 1069.4s
[stage 1/2] done in 438.4s. Top 20 candidates: BRRRBBBRBBGG=1069.4s, BRRRBBBBBRGG=1069.4s, BRRRGBRBBGBB=1069.4s, BRRRGRBBBBBG=1069.6s, BRRGRRBBBBBG=1069.6s ...
[stage 2/2] running beam_search on 20 candidates (beam_width=80, max_rollouts=4000)...
