[input] order=BBBBBRRRRRGGGG composition=BLUE:5 RED:5 GREEN:4 (n=14)
[stage 1/2] 252252 unique permutations exceeds --sample-cap=20000 -- drew 20000 distinct random permutations directly (no full enumeration).
[stage 1/2] prefiltering 20000 permutations (sampled) with the fixed-priority simulation...
    [  5.0%] 1000/20000 permutations scored -- best fixed_ms so far: 970.9s
    [ 10.0%] 2000/20000 permutations scored -- best fixed_ms so far: 969.7s
    [ 15.0%] 3000/20000 permutations scored -- best fixed_ms so far: 948.9s
    [ 20.0%] 4000/20000 permutations scored -- best fixed_ms so far: 948.9s
    [ 25.0%] 5000/20000 permutations scored -- best fixed_ms so far: 948.9s
    [ 30.0%] 6000/20000 permutations scored -- best fixed_ms so far: 948.9s
    [ 35.0%] 7000/20000 permutations scored -- best fixed_ms so far: 948.9s
    [ 40.0%] 8000/20000 permutations scored -- best fixed_ms so far: 948.9s
    [ 45.0%] 9000/20000 permutations scored -- best fixed_ms so far: 948.9s
    [ 50.0%] 10000/20000 permutations scored -- best fixed_ms so far: 939.2s
    [ 55.0%] 11000/20000 permutations scored -- best fixed_ms so far: 939.2s
    [ 60.0%] 12000/20000 permutations scored -- best fixed_ms so far: 939.2s
    [ 65.0%] 13000/20000 permutations scored -- best fixed_ms so far: 939.2s
    [ 70.0%] 14000/20000 permutations scored -- best fixed_ms so far: 939.2s
    [ 75.0%] 15000/20000 permutations scored -- best fixed_ms so far: 939.2s
    [ 80.0%] 16000/20000 permutations scored -- best fixed_ms so far: 939.2s
    [ 85.0%] 17000/20000 permutations scored -- best fixed_ms so far: 939.2s
    [ 90.0%] 18000/20000 permutations scored -- best fixed_ms so far: 939.2s
    [ 95.0%] 19000/20000 permutations scored -- best fixed_ms so far: 939.2s
    [100.0%] 20000/20000 permutations scored -- best fixed_ms so far: 939.2s
[stage 1/2] done in 13415.7s. Top 10 candidates: BRRRBBBRBGGGGR=939.2s, BRRRBBBRBGGGRG=939.2s, BRRRBBRBGGGRGB=948.6s, BBRGRRBBBRGGGR=948.9s, BBRRRGBBBRGGGR=948.9s ...
[stage 2/2] running beam_search on 10 candidates (beam_width=80, max_rollouts=4000)...
    [ 10.0%] (1/10) BRRRBBBRBGGGGR fixed=939.2s -> beam=834.3s (completed_paths=164, 2752.7s) *** new best ***
    [ 20.0%] (2/10) BRRRBBBRBGGGRG fixed=939.2s -> beam=834.3s (completed_paths=172, 2829.5s)
    [ 30.0%] (3/10) BRRRBBRBGGGRGB fixed=948.6s -> beam=853.7s (completed_paths=173, 2826.6s)
    [ 40.0%] (4/10) BBRGRRBBBRGGGR fixed=948.9s -> beam=825.3s (completed_paths=166, 3350.2s) *** new best ***
    [ 50.0%] (5/10) BBRRRGBBBRGGGR fixed=948.9s -> beam=825.3s (completed_paths=166, 3364.9s)
    [ 60.0%] (6/10) BBRGRRBBRBGGGR fixed=948.9s -> beam=823.3s (completed_paths=210, 3509.3s) *** new best ***
    [ 70.0%] (7/10) BGGBGGRRRBBBRR fixed=948.9s -> beam=837.5s (completed_paths=22, 351.1s)
    [ 80.0%] (8/10) BGGBGGRRRRBRBB fixed=948.9s -> beam=871.7s (completed_paths=14, 226.1s)
    [ 90.0%] (9/10) BGBGGGRRRRRBBB fixed=948.9s -> beam=900.4s (completed_paths=7, 103.8s)
    [100.0%] (10/10) BRRGRRBGBBBGGR fixed=952.1s -> beam=903.7s (completed_paths=33, 529.7s)
[stage 2/2] done in 19843.9s. Winner: BBRGRRBBRBGGGR = 823.3s
Saved map 'dynamic_5b5r4g_BBRGRRBBRBGGGR_v1' to /home/isecapstone/shipyard_pnp_ws/src/shipyard_pnp/config/dynamic_maps/5b5r4g.json.
Total wall time: 33260.2s
