[input] order=BBBBBBRRRRGGGG composition=BLUE:6 RED:4 GREEN:4 (n=14)
[stage 1/2] 210210 unique permutations exceeds --sample-cap=20000 -- drew 20000 distinct random permutations directly (no full enumeration).
[stage 1/2] prefiltering 20000 permutations (sampled) with the fixed-priority simulation...
    [  5.0%] 1000/20000 permutations scored -- best fixed_ms so far: 1072.1s
    [ 10.0%] 2000/20000 permutations scored -- best fixed_ms so far: 1072.1s
    [ 15.0%] 3000/20000 permutations scored -- best fixed_ms so far: 1051.0s
    [ 20.0%] 4000/20000 permutations scored -- best fixed_ms so far: 1051.0s
    [ 25.0%] 5000/20000 permutations scored -- best fixed_ms so far: 1051.0s
    [ 30.0%] 6000/20000 permutations scored -- best fixed_ms so far: 1051.0s
    [ 35.0%] 7000/20000 permutations scored -- best fixed_ms so far: 1051.0s
    [ 40.0%] 8000/20000 permutations scored -- best fixed_ms so far: 1051.0s
    [ 45.0%] 9000/20000 permutations scored -- best fixed_ms so far: 1051.0s
    [ 50.0%] 10000/20000 permutations scored -- best fixed_ms so far: 1051.0s
    [ 55.0%] 11000/20000 permutations scored -- best fixed_ms so far: 1041.5s
    [ 60.0%] 12000/20000 permutations scored -- best fixed_ms so far: 1041.5s
    [ 65.0%] 13000/20000 permutations scored -- best fixed_ms so far: 1041.5s
    [ 70.0%] 14000/20000 permutations scored -- best fixed_ms so far: 1041.5s
    [ 75.0%] 15000/20000 permutations scored -- best fixed_ms so far: 1041.5s
    [ 80.0%] 16000/20000 permutations scored -- best fixed_ms so far: 1041.5s
    [ 85.0%] 17000/20000 permutations scored -- best fixed_ms so far: 1041.5s
    [ 90.0%] 18000/20000 permutations scored -- best fixed_ms so far: 1041.5s
    [ 95.0%] 19000/20000 permutations scored -- best fixed_ms so far: 1041.5s
    [100.0%] 20000/20000 permutations scored -- best fixed_ms so far: 1041.5s
[stage 1/2] done in 13006.0s. Top 10 candidates: BBBGGGGBRRRRBB=1041.5s, BRRRBBBBGGBGRG=1043.4s, BGBGGGRRRRBBBB=1050.2s, BBRRRBBBBGGGRG=1051.0s, BRRRBBBGGBBGGR=1052.0s ...
[stage 2/2] running beam_search on 10 candidates (beam_width=80, max_rollouts=4000)...
    [ 10.0%] (1/10) BBBGGGGBRRRRBB fixed=1041.5s -> beam=915.8s (completed_paths=135, 2272.9s) *** new best ***
    [ 20.0%] (2/10) BRRRBBBBGGBGRG fixed=1043.4s -> beam=923.9s (completed_paths=115, 2054.1s)
    [ 30.0%] (3/10) BGBGGGRRRRBBBB fixed=1050.2s -> beam=970.9s (completed_paths=14, 211.7s)
    [ 40.0%] (4/10) BBRRRBBBBGGGRG fixed=1051.0s -> beam=926.8s (completed_paths=59, 3089.0s)
    [ 50.0%] (5/10) BRRRBBBGGBBGGR fixed=1052.0s -> beam=954.9s (completed_paths=116, 2014.6s)
    [ 60.0%] (6/10) BRRRBBBGBBGGGR fixed=1052.0s -> beam=969.6s (completed_paths=82, 1394.9s)
    [ 70.0%] (7/10) BBRRRBBBBGGGGR fixed=1056.7s -> beam=926.8s (completed_paths=50, 3075.8s)
    [ 80.0%] (8/10) BRRRRBBBBGGGBG fixed=1060.8s -> beam=971.2s (completed_paths=79, 1313.5s)
    [ 90.0%] (9/10) GBBRRRBBBBGGGR fixed=1063.2s -> beam=932.2s (completed_paths=127, 3411.6s)
    [100.0%] (10/10) BRRGRBRBBBGGGB fixed=1063.8s -> beam=968.2s (completed_paths=189, 3651.5s)
[stage 2/2] done in 22489.7s. Winner: BBBGGGGBRRRRBB = 915.8s
Saved map 'dynamic_6b4r4g_BBBGGGGBRRRRBB_v1' to /home/isecapstone/shipyard_pnp_ws/src/shipyard_pnp/config/dynamic_maps/6b4r4g.json.
Total wall time: 35496.3s
