[input] order=BBBBRRRRRRGGGG composition=BLUE:4 RED:6 GREEN:4 (n=14)
[stage 1/2] 210210 unique permutations exceeds --sample-cap=20000 -- drew 20000 distinct random permutations directly (no full enumeration).
[stage 1/2] prefiltering 20000 permutations (sampled) with the fixed-priority simulation...
    [  5.0%] 1000/20000 permutations scored -- best fixed_ms so far: 869.6s
    [ 10.0%] 2000/20000 permutations scored -- best fixed_ms so far: 853.7s
    [ 15.0%] 3000/20000 permutations scored -- best fixed_ms so far: 853.7s
    [ 20.0%] 4000/20000 permutations scored -- best fixed_ms so far: 853.7s
    [ 25.0%] 5000/20000 permutations scored -- best fixed_ms so far: 849.6s
    [ 30.0%] 6000/20000 permutations scored -- best fixed_ms so far: 849.6s
    [ 35.0%] 7000/20000 permutations scored -- best fixed_ms so far: 849.6s
    [ 40.0%] 8000/20000 permutations scored -- best fixed_ms so far: 847.5s
    [ 45.0%] 9000/20000 permutations scored -- best fixed_ms so far: 847.5s
    [ 50.0%] 10000/20000 permutations scored -- best fixed_ms so far: 847.5s
    [ 55.0%] 11000/20000 permutations scored -- best fixed_ms so far: 847.5s
    [ 60.0%] 12000/20000 permutations scored -- best fixed_ms so far: 847.5s
    [ 65.0%] 13000/20000 permutations scored -- best fixed_ms so far: 847.5s
    [ 70.0%] 14000/20000 permutations scored -- best fixed_ms so far: 847.5s
    [ 75.0%] 15000/20000 permutations scored -- best fixed_ms so far: 847.5s
    [ 80.0%] 16000/20000 permutations scored -- best fixed_ms so far: 847.5s
    [ 85.0%] 17000/20000 permutations scored -- best fixed_ms so far: 847.5s
    [ 90.0%] 18000/20000 permutations scored -- best fixed_ms so far: 846.9s
    [ 95.0%] 19000/20000 permutations scored -- best fixed_ms so far: 846.9s
    [100.0%] 20000/20000 permutations scored -- best fixed_ms so far: 846.9s
[stage 1/2] done in 13245.3s. Top 10 candidates: BRRRRBBBRGGGRG=846.9s, BGGBGGRRRRBRBR=847.5s, BBRRGRRBRBGGGR=849.6s, BBRRGRRBBRGGGR=849.6s, BRRRBRBBRGGGGR=853.7s ...
[stage 2/2] running beam_search on 10 candidates (beam_width=80, max_rollouts=4000)...
    [ 10.0%] (1/10) BRRRRBBBRGGGRG fixed=846.9s -> beam=775.2s (completed_paths=85, 1320.9s) *** new best ***
    [ 20.0%] (2/10) BGGBGGRRRRBRBR fixed=847.5s -> beam=784.7s (completed_paths=10, 146.6s)
    [ 30.0%] (3/10) BBRRGRRBRBGGGR fixed=849.6s -> beam=783.4s (completed_paths=108, 2697.6s)
    [ 40.0%] (4/10) BBRRGRRBBRGGGR fixed=849.6s -> beam=783.4s (completed_paths=102, 2568.6s)
    [ 50.0%] (5/10) BRRRBRBBRGGGGR fixed=853.7s -> beam=798.4s (completed_paths=106, 3269.9s)
    [ 60.0%] (6/10) BRRRBBBRRGGGGR fixed=853.7s -> beam=783.0s (completed_paths=206, 3398.0s)
    [ 70.0%] (7/10) BBGGGGBRRBRRRR fixed=862.5s -> beam=799.6s (completed_paths=21, 391.5s)
    [ 80.0%] (8/10) BGGGGBRRRBRRRB fixed=866.4s -> beam=803.5s (completed_paths=6, 113.6s)
    [ 90.0%] (9/10) BGGGGBRRRBRBRR fixed=866.4s -> beam=803.5s (completed_paths=18, 292.8s)
    [100.0%] (10/10) BRGGRRBRBBGRRG fixed=868.9s -> beam=757.6s (completed_paths=44, 689.4s) *** new best ***
[stage 2/2] done in 14888.8s. Winner: BRGGRRBRBBGRRG = 757.6s
Saved map 'dynamic_4b6r4g_BRGGRRBRBBGRRG_v1' to /home/isecapstone/shipyard_pnp_ws/src/shipyard_pnp/config/dynamic_maps/4b6r4g.json.
Total wall time: 28134.7s
