[input] order=BBBBBBBBBBBRRGGGG composition=BLUE:11 RED:2 GREEN:4 (n=17)
[stage 1/2] 185640 unique permutations exceeds --sample-cap=20000 -- drew 20000 distinct random permutations directly (no full enumeration).
[stage 1/2] prefiltering 20000 permutations (sampled) with the fixed-priority simulation...
    [  5.0%] 1000/20000 permutations scored -- best fixed_ms so far: 1685.0s
    [ 10.0%] 2000/20000 permutations scored -- best fixed_ms so far: 1685.0s
    [ 15.0%] 3000/20000 permutations scored -- best fixed_ms so far: 1685.0s
    [ 20.0%] 4000/20000 permutations scored -- best fixed_ms so far: 1685.0s
    [ 25.0%] 5000/20000 permutations scored -- best fixed_ms so far: 1685.0s
    [ 30.0%] 6000/20000 permutations scored -- best fixed_ms so far: 1685.0s
    [ 35.0%] 7000/20000 permutations scored -- best fixed_ms so far: 1685.0s
    [ 40.0%] 8000/20000 permutations scored -- best fixed_ms so far: 1685.0s
    [ 45.0%] 9000/20000 permutations scored -- best fixed_ms so far: 1685.0s
    [ 50.0%] 10000/20000 permutations scored -- best fixed_ms so far: 1685.0s
    [ 55.0%] 11000/20000 permutations scored -- best fixed_ms so far: 1685.0s
    [ 60.0%] 12000/20000 permutations scored -- best fixed_ms so far: 1685.0s
    [ 65.0%] 13000/20000 permutations scored -- best fixed_ms so far: 1685.0s
    [ 70.0%] 14000/20000 permutations scored -- best fixed_ms so far: 1685.0s
    [ 75.0%] 15000/20000 permutations scored -- best fixed_ms so far: 1685.0s
    [ 80.0%] 16000/20000 permutations scored -- best fixed_ms so far: 1685.0s
    [ 85.0%] 17000/20000 permutations scored -- best fixed_ms so far: 1685.0s
    [ 90.0%] 18000/20000 permutations scored -- best fixed_ms so far: 1685.0s
    [ 95.0%] 19000/20000 permutations scored -- best fixed_ms so far: 1685.0s
    [100.0%] 20000/20000 permutations scored -- best fixed_ms so far: 1685.0s
[stage 1/2] done in 12188.6s. Top 6 candidates: BBGBGRBBBBBBBBGGR=1685.0s, BBBGGBBBRBBBBBGGR=1685.0s, BBBBBBBBBBGGRRGGB=1733.5s, BBRBBBBBBBGGRGBBG=1733.5s, BBRBBBBBBBGGGRGBB=1733.5s ...
[stage 2/2] running beam_search on 6 candidates (beam_width=60, max_rollouts=3000)...
    [ 16.7%] (1/6) BBGBGRBBBBBBBBGGR fixed=1685.0s -> beam=1492.3s (completed_paths=24, 2278.5s) *** new best ***
    [ 33.3%] (2/6) BBBGGBBBRBBBBBGGR fixed=1685.0s -> beam=1492.3s (completed_paths=15, 2197.6s)
    [ 50.0%] (3/6) BBBBBBBBBBGGRRGGB fixed=1733.5s -> beam=1532.0s (completed_paths=23, 2343.9s)
    [ 66.7%] (4/6) BBRBBBBBBBGGRGBBG fixed=1733.5s -> beam=1494.7s (completed_paths=0, 2051.5s)
    [ 83.3%] (5/6) BBRBBBBBBBGGGRGBB fixed=1733.5s -> beam=1494.7s (completed_paths=0, 2064.2s)
    [100.0%] (6/6) BBBBBBRBBGBBBGGRG fixed=1733.5s -> beam=1492.3s (completed_paths=0, 2036.0s) *** new best ***
[stage 2/2] done in 12971.7s. Winner: BBBBBBRBBGBBBGGRG = 1492.3s
Saved map 'dynamic_11b2r4g_BBBBBBRBBGBBBGGRG_v1' to /home/isecapstone/shipyard_pnp_ws/src/shipyard_pnp/config/dynamic_maps/11b2r4g.json.
Total wall time: 25160.7s
