[input] order=BBBRRRRRRRRRRRR composition=BLUE:3 RED:12 GREEN:0 (n=15)
[stage 1/2] prefiltering 455 permutations (exhaustive) with the fixed-priority simulation...
    [  4.8%] 22/455 permutations scored -- best fixed_ms so far: 1024.0s
    [  9.7%] 44/455 permutations scored -- best fixed_ms so far: 1021.9s
    [ 14.5%] 66/455 permutations scored -- best fixed_ms so far: 1021.6s
    [ 19.3%] 88/455 permutations scored -- best fixed_ms so far: 1021.5s
    [ 24.2%] 110/455 permutations scored -- best fixed_ms so far: 1021.5s
    [ 29.0%] 132/455 permutations scored -- best fixed_ms so far: 1021.5s
    [ 33.8%] 154/455 permutations scored -- best fixed_ms so far: 1021.5s
    [ 38.7%] 176/455 permutations scored -- best fixed_ms so far: 1021.5s
    [ 43.5%] 198/455 permutations scored -- best fixed_ms so far: 1021.5s
    [ 48.4%] 220/455 permutations scored -- best fixed_ms so far: 1021.5s
    [ 53.2%] 242/455 permutations scored -- best fixed_ms so far: 1021.5s
    [ 58.0%] 264/455 permutations scored -- best fixed_ms so far: 1021.5s
    [ 62.9%] 286/455 permutations scored -- best fixed_ms so far: 1021.5s
    [ 67.7%] 308/455 permutations scored -- best fixed_ms so far: 1021.5s
    [ 72.5%] 330/455 permutations scored -- best fixed_ms so far: 1021.5s
    [ 77.4%] 352/455 permutations scored -- best fixed_ms so far: 1021.5s
    [ 82.2%] 374/455 permutations scored -- best fixed_ms so far: 1021.5s
    [ 87.0%] 396/455 permutations scored -- best fixed_ms so far: 1021.5s
    [ 91.9%] 418/455 permutations scored -- best fixed_ms so far: 1021.5s
    [ 96.7%] 440/455 permutations scored -- best fixed_ms so far: 1021.5s
    [100.0%] 455/455 permutations scored -- best fixed_ms so far: 1021.5s
[stage 1/2] done in 177.2s. Top 10 candidates: BRRRRRRRBBRRRRR=1021.5s, BRRRRRRRBRBRRRR=1021.5s, BRRRRRRRBRRBRRR=1021.5s, BRRRRRRRBRRRBRR=1021.5s, BRRRRRRRBRRRRBR=1021.5s ...
[stage 2/2] running beam_search on 10 candidates (beam_width=80, max_rollouts=4000)...
    [ 10.0%] (1/10) BRRRRRRRBBRRRRR fixed=1021.5s -> beam=958.6s (completed_paths=37, 308.6s) *** new best ***
    [ 20.0%] (2/10) BRRRRRRRBRBRRRR fixed=1021.5s -> beam=958.6s (completed_paths=21, 183.9s)
    [ 30.0%] (3/10) BRRRRRRRBRRBRRR fixed=1021.5s -> beam=958.6s (completed_paths=19, 153.9s)
    [ 40.0%] (4/10) BRRRRRRRBRRRBRR fixed=1021.5s -> beam=958.6s (completed_paths=18, 165.6s)
    [ 50.0%] (5/10) BRRRRRRRBRRRRBR fixed=1021.5s -> beam=958.6s (completed_paths=14, 161.6s)
    [ 60.0%] (6/10) BRRRRRRRBRRRRRB fixed=1021.5s -> beam=958.6s (completed_paths=10, 119.4s)
    [ 70.0%] (7/10) BRRRRRRRRBBRRRR fixed=1021.5s -> beam=958.6s (completed_paths=26, 232.1s)
    [ 80.0%] (8/10) BRRRRRRRRBRBRRR fixed=1021.5s -> beam=958.6s (completed_paths=28, 241.2s)
    [ 90.0%] (9/10) BRRRRRRRRBRRBRR fixed=1021.5s -> beam=958.6s (completed_paths=13, 112.9s)
    [100.0%] (10/10) BRRRRRRRRBRRRBR fixed=1021.5s -> beam=958.6s (completed_paths=11, 94.7s)
[stage 2/2] done in 1774.1s. Winner: BRRRRRRRBBRRRRR = 958.6s
Saved map 'dynamic_3b12r0g_BRRRRRRRBBRRRRR_v1' to /home/isecapstone/shipyard_pnp_ws/src/shipyard_pnp/config/dynamic_maps/3b12r0g.json.
Total wall time: 1951.7s
