[input] order=BBBBBBRRGGGGG composition=BLUE:6 RED:2 GREEN:5 (n=13)
[stage 1/2] 36036 unique permutations exceeds --sample-cap=20000 -- drew 20000 distinct random permutations directly (no full enumeration).
[stage 1/2] prefiltering 20000 permutations (sampled) with the fixed-priority simulation...
    [  5.0%] 1000/20000 permutations scored -- best fixed_ms so far: 921.2s
    [ 10.0%] 2000/20000 permutations scored -- best fixed_ms so far: 921.2s
    [ 15.0%] 3000/20000 permutations scored -- best fixed_ms so far: 921.2s
    [ 20.0%] 4000/20000 permutations scored -- best fixed_ms so far: 921.2s
    [ 25.0%] 5000/20000 permutations scored -- best fixed_ms so far: 921.2s
    [ 30.0%] 6000/20000 permutations scored -- best fixed_ms so far: 921.2s
    [ 35.0%] 7000/20000 permutations scored -- best fixed_ms so far: 921.2s
    [ 40.0%] 8000/20000 permutations scored -- best fixed_ms so far: 921.2s
    [ 45.0%] 9000/20000 permutations scored -- best fixed_ms so far: 921.2s
    [ 50.0%] 10000/20000 permutations scored -- best fixed_ms so far: 921.2s
    [ 55.0%] 11000/20000 permutations scored -- best fixed_ms so far: 921.2s
    [ 60.0%] 12000/20000 permutations scored -- best fixed_ms so far: 921.2s
    [ 65.0%] 13000/20000 permutations scored -- best fixed_ms so far: 921.2s
    [ 70.0%] 14000/20000 permutations scored -- best fixed_ms so far: 921.2s
    [ 75.0%] 15000/20000 permutations scored -- best fixed_ms so far: 921.2s
    [ 80.0%] 16000/20000 permutations scored -- best fixed_ms so far: 921.2s
    [ 85.0%] 17000/20000 permutations scored -- best fixed_ms so far: 921.2s
    [ 90.0%] 18000/20000 permutations scored -- best fixed_ms so far: 921.2s
    [ 95.0%] 19000/20000 permutations scored -- best fixed_ms so far: 921.2s
    [100.0%] 20000/20000 permutations scored -- best fixed_ms so far: 921.2s
[stage 1/2] done in 6776.6s. Top 10 candidates: BBBGGBBGGBGRR=921.2s, BBBGGBBGGGRRB=921.2s, BBBGBGGGBGBRR=921.2s, BBBGGBGGBGRBR=921.2s, BBBGGBGBGGRBR=921.2s ...
[stage 2/2] running beam_search on 10 candidates (beam_width=80, max_rollouts=4000)...
    [ 10.0%] (1/10) BBBGGBBGGBGRR fixed=921.2s -> beam=852.0s (completed_paths=30, 291.0s) *** new best ***
    [ 20.0%] (2/10) BBBGGBBGGGRRB fixed=921.2s -> beam=869.7s (completed_paths=35, 246.2s)
    [ 30.0%] (3/10) BBBGBGGGBGBRR fixed=921.2s -> beam=849.7s (completed_paths=36, 254.1s) *** new best ***
    [ 40.0%] (4/10) BBBGGBGGBGRBR fixed=921.2s -> beam=849.7s (completed_paths=43, 337.1s)
    [ 50.0%] (5/10) BBBGGBGBGGRBR fixed=921.2s -> beam=849.7s (completed_paths=43, 385.1s)
    [ 60.0%] (6/10) BBBGGBGBBGGRR fixed=921.2s -> beam=872.7s (completed_paths=4, 26.8s)
    [ 70.0%] (7/10) BBBGGGBBGGRRB fixed=921.2s -> beam=872.7s (completed_paths=3, 16.0s)
    [ 80.0%] (8/10) BBBGGGBBGGBRR fixed=921.2s -> beam=872.7s (completed_paths=2, 9.2s)
    [ 90.0%] (9/10) BBBGGGBBGGRBR fixed=921.2s -> beam=872.7s (completed_paths=2, 9.1s)
    [100.0%] (10/10) BBBGGBGBGGBRR fixed=921.2s -> beam=849.7s (completed_paths=28, 212.6s)
[stage 2/2] done in 1787.4s. Winner: BBBGBGGGBGBRR = 849.7s
Saved map 'dynamic_6b2r5g_BBBGBGGGBGBRR_v1' to /home/isecapstone/shipyard_pnp_ws/src/shipyard_pnp/config/dynamic_maps/6b2r5g.json.
Total wall time: 8564.4s
