[input] order=BBBBBRRGGGGGG composition=BLUE:5 RED:2 GREEN:6 (n=13)
[stage 1/2] 36036 unique permutations exceeds --sample-cap=20000 -- drew 20000 distinct random permutations directly (no full enumeration).
[stage 1/2] prefiltering 20000 permutations (sampled) with the fixed-priority simulation...
    [  5.0%] 1000/20000 permutations scored -- best fixed_ms so far: 775.1s
    [ 10.0%] 2000/20000 permutations scored -- best fixed_ms so far: 770.0s
    [ 15.0%] 3000/20000 permutations scored -- best fixed_ms so far: 770.0s
    [ 20.0%] 4000/20000 permutations scored -- best fixed_ms so far: 770.0s
    [ 25.0%] 5000/20000 permutations scored -- best fixed_ms so far: 770.0s
    [ 30.0%] 6000/20000 permutations scored -- best fixed_ms so far: 768.5s
    [ 35.0%] 7000/20000 permutations scored -- best fixed_ms so far: 753.2s
    [ 40.0%] 8000/20000 permutations scored -- best fixed_ms so far: 753.2s
    [ 45.0%] 9000/20000 permutations scored -- best fixed_ms so far: 753.2s
    [ 50.0%] 10000/20000 permutations scored -- best fixed_ms so far: 753.2s
    [ 55.0%] 11000/20000 permutations scored -- best fixed_ms so far: 753.2s
    [ 60.0%] 12000/20000 permutations scored -- best fixed_ms so far: 753.2s
    [ 65.0%] 13000/20000 permutations scored -- best fixed_ms so far: 753.2s
    [ 70.0%] 14000/20000 permutations scored -- best fixed_ms so far: 753.2s
    [ 75.0%] 15000/20000 permutations scored -- best fixed_ms so far: 753.2s
    [ 80.0%] 16000/20000 permutations scored -- best fixed_ms so far: 753.2s
    [ 85.0%] 17000/20000 permutations scored -- best fixed_ms so far: 753.2s
    [ 90.0%] 18000/20000 permutations scored -- best fixed_ms so far: 753.2s
    [ 95.0%] 19000/20000 permutations scored -- best fixed_ms so far: 753.2s
    [100.0%] 20000/20000 permutations scored -- best fixed_ms so far: 753.2s
[stage 1/2] done in 5857.7s. Top 10 candidates: BBBGGGRGGGBBR=753.2s, BBBGGGRGGGBRB=753.2s, BGBBGGBGBGGRR=768.5s, BGBBGGBGGBGRR=768.5s, BGBBGGGBBGGRR=768.5s ...
[stage 2/2] running beam_search on 10 candidates (beam_width=80, max_rollouts=4000)...
    [ 10.0%] (1/10) BBBGGGRGGGBBR fixed=753.2s -> beam=753.2s (completed_paths=37, 247.9s) *** new best ***
    [ 20.0%] (2/10) BBBGGGRGGGBRB fixed=753.2s -> beam=753.2s (completed_paths=54, 378.9s)
    [ 30.0%] (3/10) BGBBGGBGBGGRR fixed=768.5s -> beam=720.0s (completed_paths=18, 116.5s) *** new best ***
    [ 40.0%] (4/10) BGBBGGBGGBGRR fixed=768.5s -> beam=720.0s (completed_paths=18, 116.8s)
    [ 50.0%] (5/10) BGBBGGGBBGGRR fixed=768.5s -> beam=720.0s (completed_paths=2, 8.3s)
    [ 60.0%] (6/10) BGBBGGGBGBRRG fixed=768.5s -> beam=720.0s (completed_paths=8, 48.5s)
    [ 70.0%] (7/10) BGBBGGBBGGGRR fixed=769.8s -> beam=721.3s (completed_paths=18, 116.6s)
    [ 80.0%] (8/10) BGBGBGBBGGGRR fixed=770.0s -> beam=721.5s (completed_paths=18, 116.0s)
    [ 90.0%] (9/10) BGBGBGGBGBRRG fixed=770.0s -> beam=721.5s (completed_paths=8, 48.5s)
    [100.0%] (10/10) BGBGBGGBGBRGR fixed=770.0s -> beam=721.5s (completed_paths=8, 48.7s)
[stage 2/2] done in 1246.8s. Winner: BGBBGGBGBGGRR = 720.0s
Saved map 'dynamic_5b2r6g_BGBBGGBGBGGRR_v1' to /home/isecapstone/shipyard_pnp_ws/src/shipyard_pnp/config/dynamic_maps/5b2r6g.json.
Total wall time: 7104.7s
