[input] order=BBBRRGGGGGGG composition=BLUE:3 RED:2 GREEN:7 (n=12)
[stage 1/2] prefiltering 7920 permutations (exhaustive) with the fixed-priority simulation...
    [  5.0%] 396/7920 permutations scored -- best fixed_ms so far: 524.3s
    [ 10.0%] 792/7920 permutations scored -- best fixed_ms so far: 515.6s
    [ 15.0%] 1188/7920 permutations scored -- best fixed_ms so far: 514.9s
    [ 20.0%] 1584/7920 permutations scored -- best fixed_ms so far: 514.9s
    [ 25.0%] 1980/7920 permutations scored -- best fixed_ms so far: 514.9s
    [ 30.0%] 2376/7920 permutations scored -- best fixed_ms so far: 514.9s
    [ 35.0%] 2772/7920 permutations scored -- best fixed_ms so far: 514.9s
    [ 40.0%] 3168/7920 permutations scored -- best fixed_ms so far: 514.9s
    [ 45.0%] 3564/7920 permutations scored -- best fixed_ms so far: 514.9s
    [ 50.0%] 3960/7920 permutations scored -- best fixed_ms so far: 514.9s
    [ 55.0%] 4356/7920 permutations scored -- best fixed_ms so far: 514.9s
    [ 60.0%] 4752/7920 permutations scored -- best fixed_ms so far: 514.9s
    [ 65.0%] 5148/7920 permutations scored -- best fixed_ms so far: 514.9s
    [ 70.0%] 5544/7920 permutations scored -- best fixed_ms so far: 514.9s
    [ 75.0%] 5940/7920 permutations scored -- best fixed_ms so far: 514.9s
    [ 80.0%] 6336/7920 permutations scored -- best fixed_ms so far: 514.9s
    [ 85.0%] 6732/7920 permutations scored -- best fixed_ms so far: 514.9s
    [ 90.0%] 7128/7920 permutations scored -- best fixed_ms so far: 514.9s
    [ 95.0%] 7524/7920 permutations scored -- best fixed_ms so far: 514.9s
    [100.0%] 7920/7920 permutations scored -- best fixed_ms so far: 514.9s
[stage 1/2] done in 2348.7s. Top 20 candidates: BGBGBGRGGGRG=514.9s, BGBGBGGRGGRG=514.9s, BGBBGRGGGGRG=515.6s, BGBBGGRGGGRG=515.6s, BGBBGGGRGGRG=515.6s ...
[stage 2/2] running beam_search on 20 candidates (beam_width=80, max_rollouts=4000)...
    [  5.0%] (1/20) BGBGBGRGGGRG fixed=514.9s -> beam=514.9s (completed_paths=17, 103.8s) *** new best ***
    [ 10.0%] (2/20) BGBGBGGRGGRG fixed=514.9s -> beam=514.9s (completed_paths=17, 104.3s)
    [ 15.0%] (3/20) BGBBGRGGGGRG fixed=515.6s -> beam=515.6s (completed_paths=17, 104.6s)
    [ 20.0%] (4/20) BGBBGGRGGGRG fixed=515.6s -> beam=515.6s (completed_paths=17, 104.4s)
    [ 25.0%] (5/20) BGBBGGGRGGRG fixed=515.6s -> beam=515.6s (completed_paths=17, 104.4s)
    [ 30.0%] (6/20) BGRBGGGBGRGG fixed=515.6s -> beam=515.6s (completed_paths=30, 192.2s)
    [ 35.0%] (7/20) BGRBGGGBGGRG fixed=515.6s -> beam=515.6s (completed_paths=28, 180.5s)
    [ 40.0%] (8/20) BGRBGGGGBRGG fixed=515.6s -> beam=515.6s (completed_paths=14, 86.8s)
    [ 45.0%] (9/20) BGRBGGGGBGRG fixed=515.6s -> beam=515.6s (completed_paths=25, 160.1s)
    [ 50.0%] (10/20) GBGBGBGRGGGR fixed=516.3s -> beam=516.3s (completed_paths=8, 46.8s)
    [ 55.0%] (11/20) GBGBGBGGRGGR fixed=516.3s -> beam=516.3s (completed_paths=8, 50.0s)
    [ 60.0%] (12/20) GBBGBGRGGGGR fixed=517.0s -> beam=517.0s (completed_paths=10, 72.8s)
    [ 65.0%] (13/20) GBBGBGGRGGGR fixed=517.0s -> beam=517.0s (completed_paths=10, 72.5s)
    [ 70.0%] (14/20) GBBGBGGGRGGR fixed=517.0s -> beam=517.0s (completed_paths=10, 62.4s)
    [ 75.0%] (15/20) GBBGGBGRGGGR fixed=517.0s -> beam=517.0s (completed_paths=8, 46.8s)
    [ 80.0%] (16/20) GBBGGBGGRGGR fixed=517.0s -> beam=517.0s (completed_paths=8, 47.3s)
    [ 85.0%] (17/20) GBGBBRGGGGRG fixed=517.3s -> beam=517.3s (completed_paths=17, 104.9s)
    [ 90.0%] (18/20) BGBGBRGGGGRG fixed=517.3s -> beam=517.3s (completed_paths=17, 104.7s)
    [ 95.0%] (19/20) GBGBBGRGGGGR fixed=518.6s -> beam=518.6s (completed_paths=10, 59.6s)
    [100.0%] (20/20) GBGBBGGRGGGR fixed=518.6s -> beam=518.6s (completed_paths=10, 59.7s)
[stage 2/2] done in 1868.6s. Winner: BGBGBGRGGGRG = 514.9s
Saved map 'dynamic_3b2r7g_BGBGBGRGGGRG_v1' to /home/isecapstone/shipyard_pnp_ws/src/shipyard_pnp/config/dynamic_maps/3b2r7g.json.
Total wall time: 4217.6s
