[input] order=BBBRRRRRR composition=BLUE:3 RED:6 GREEN:0 (n=9)
[stage 1/2] prefiltering 84 permutations (exhaustive) with the fixed-priority simulation...
    [  4.8%] 4/84 permutations scored -- best fixed_ms so far: 716.5s
    [  9.5%] 8/84 permutations scored -- best fixed_ms so far: 716.5s
    [ 14.3%] 12/84 permutations scored -- best fixed_ms so far: 716.5s
    [ 19.0%] 16/84 permutations scored -- best fixed_ms so far: 716.5s
    [ 23.8%] 20/84 permutations scored -- best fixed_ms so far: 714.1s
    [ 28.6%] 24/84 permutations scored -- best fixed_ms so far: 714.0s
    [ 33.3%] 28/84 permutations scored -- best fixed_ms so far: 713.8s
    [ 38.1%] 32/84 permutations scored -- best fixed_ms so far: 713.8s
    [ 42.9%] 36/84 permutations scored -- best fixed_ms so far: 713.8s
    [ 47.6%] 40/84 permutations scored -- best fixed_ms so far: 713.8s
    [ 52.4%] 44/84 permutations scored -- best fixed_ms so far: 713.8s
    [ 57.1%] 48/84 permutations scored -- best fixed_ms so far: 713.8s
    [ 61.9%] 52/84 permutations scored -- best fixed_ms so far: 713.8s
    [ 66.7%] 56/84 permutations scored -- best fixed_ms so far: 713.8s
    [ 71.4%] 60/84 permutations scored -- best fixed_ms so far: 713.8s
    [ 76.2%] 64/84 permutations scored -- best fixed_ms so far: 713.8s
    [ 81.0%] 68/84 permutations scored -- best fixed_ms so far: 713.8s
    [ 85.7%] 72/84 permutations scored -- best fixed_ms so far: 713.8s
    [ 90.5%] 76/84 permutations scored -- best fixed_ms so far: 713.8s
    [ 95.2%] 80/84 permutations scored -- best fixed_ms so far: 713.8s
    [100.0%] 84/84 permutations scored -- best fixed_ms so far: 713.8s
[stage 1/2] done in 17.7s. Top 20 candidates: BRRRRRRBB=713.8s, BRRRRRBBR=713.9s, BRRRRRBRB=713.9s, BRRRRBBRR=714.0s, BRRRRBRBR=714.0s ...
[stage 2/2] running beam_search on 20 candidates (beam_width=80, max_rollouts=4000)...
    [  5.0%] (1/20) BRRRRRRBB fixed=713.8s -> beam=699.4s (completed_paths=3, 11.0s) *** new best ***
    [ 10.0%] (2/20) BRRRRRBBR fixed=713.9s -> beam=651.0s (completed_paths=5, 20.6s) *** new best ***
    [ 15.0%] (3/20) BRRRRRBRB fixed=713.9s -> beam=651.0s (completed_paths=6, 25.2s)
    [ 20.0%] (4/20) BRRRRBBRR fixed=714.0s -> beam=651.1s (completed_paths=10, 44.5s)
    [ 25.0%] (5/20) BRRRRBRBR fixed=714.0s -> beam=651.1s (completed_paths=10, 44.6s)
    [ 30.0%] (6/20) BRRRRBRRB fixed=714.0s -> beam=651.1s (completed_paths=4, 15.9s)
    [ 35.0%] (7/20) BRRRBBRRR fixed=714.1s -> beam=651.2s (completed_paths=17, 78.0s)
    [ 40.0%] (8/20) BRRRBRBRR fixed=714.1s -> beam=651.2s (completed_paths=18, 81.5s)
    [ 45.0%] (9/20) BRRRBRRBR fixed=714.1s -> beam=651.2s (completed_paths=8, 34.2s)
    [ 50.0%] (10/20) BRRRBRRRB fixed=714.1s -> beam=651.2s (completed_paths=6, 26.0s)
    [ 55.0%] (11/20) BBRRRBRRR fixed=716.5s -> beam=654.1s (completed_paths=15, 67.4s)
    [ 60.0%] (12/20) BBRRRRBRR fixed=716.7s -> beam=654.1s (completed_paths=23, 110.7s)
    [ 65.0%] (13/20) BBRRRRRBR fixed=716.8s -> beam=654.1s (completed_paths=16, 76.2s)
    [ 70.0%] (14/20) BBRRRRRRB fixed=716.9s -> beam=654.1s (completed_paths=12, 58.4s)
    [ 75.0%] (15/20) BRBRRBRRR fixed=765.3s -> beam=654.1s (completed_paths=37, 170.6s)
    [ 80.0%] (16/20) BBBRRRRRR fixed=765.4s -> beam=667.9s (completed_paths=42, 196.0s)
    [ 85.0%] (17/20) BBRBRRRRR fixed=765.4s -> beam=667.9s (completed_paths=42, 195.2s)
    [ 90.0%] (18/20) BBRRBRRRR fixed=765.4s -> beam=668.0s (completed_paths=37, 172.9s)
    [ 95.0%] (19/20) BRBBRRRRR fixed=765.4s -> beam=667.9s (completed_paths=42, 195.9s)
    [100.0%] (20/20) BRBRBRRRR fixed=765.4s -> beam=668.0s (completed_paths=37, 170.8s)
[stage 2/2] done in 1795.6s. Winner: BRRRRRBBR = 651.0s
Saved map 'dynamic_3b6r0g_BRRRRRBBR_v1' to /home/isecapstone/shipyard_pnp_ws/src/shipyard_pnp/config/dynamic_maps/3b6r0g.json.
Total wall time: 1813.5s
