[input] order=BBBBBBBBBBBRRGGGGG composition=BLUE:11 RED:2 GREEN:5 (n=18)
[stage 1/2] 668304 unique permutations exceeds --sample-cap=20000 -- drew 20000 distinct random permutations directly (no full enumeration).
[stage 1/2] prefiltering 20000 permutations (sampled) with the fixed-priority simulation...
    [  5.0%] 1000/20000 permutations scored -- best fixed_ms so far: 1685.0s
    [ 10.0%] 2000/20000 permutations scored -- best fixed_ms so far: 1685.0s
    [ 15.0%] 3000/20000 permutations scored -- best fixed_ms so far: 1685.0s
    [ 20.0%] 4000/20000 permutations scored -- best fixed_ms so far: 1685.0s
    [ 25.0%] 5000/20000 permutations scored -- best fixed_ms so far: 1685.0s
    [ 30.0%] 6000/20000 permutations scored -- best fixed_ms so far: 1685.0s
    [ 35.0%] 7000/20000 permutations scored -- best fixed_ms so far: 1685.0s
    [ 40.0%] 8000/20000 permutations scored -- best fixed_ms so far: 1685.0s
    [ 45.0%] 9000/20000 permutations scored -- best fixed_ms so far: 1685.0s
    [ 50.0%] 10000/20000 permutations scored -- best fixed_ms so far: 1685.0s
    [ 55.0%] 11000/20000 permutations scored -- best fixed_ms so far: 1685.0s
    [ 60.0%] 12000/20000 permutations scored -- best fixed_ms so far: 1685.0s
    [ 65.0%] 13000/20000 permutations scored -- best fixed_ms so far: 1685.0s
    [ 70.0%] 14000/20000 permutations scored -- best fixed_ms so far: 1685.0s
    [ 75.0%] 15000/20000 permutations scored -- best fixed_ms so far: 1685.0s
    [ 80.0%] 16000/20000 permutations scored -- best fixed_ms so far: 1685.0s
    [ 85.0%] 17000/20000 permutations scored -- best fixed_ms so far: 1685.0s
    [ 90.0%] 18000/20000 permutations scored -- best fixed_ms so far: 1685.0s
    [ 95.0%] 19000/20000 permutations scored -- best fixed_ms so far: 1685.0s
    [100.0%] 20000/20000 permutations scored -- best fixed_ms so far: 1685.0s
[stage 1/2] done in 12298.6s. Top 6 candidates: BBBBBBBGGRGBBBBGGR=1685.0s, BBGBGRBBBBBBGBBGGR=1685.0s, BBBGGBRBBBBBBBGGGR=1685.0s, BBGBGBRGBBBBBBBGGR=1685.0s, BBBBGGGBBBBBGGRRBB=1685.0s ...
[stage 2/2] running beam_search on 6 candidates (beam_width=60, max_rollouts=3000)...
    [ 16.7%] (1/6) BBBBBBBGGRGBBBBGGR fixed=1685.0s -> beam=1496.0s (completed_paths=0, 2045.2s) *** new best ***
    [ 33.3%] (2/6) BBGBGRBBBBBBGBBGGR fixed=1685.0s -> beam=1493.7s (completed_paths=24, 2223.7s) *** new best ***
    [ 50.0%] (3/6) BBBGGBRBBBBBBBGGGR fixed=1685.0s -> beam=1492.3s (completed_paths=6, 2101.7s) *** new best ***
    [ 66.7%] (4/6) BBGBGBRGBBBBBBBGGR fixed=1685.0s -> beam=1492.3s (completed_paths=4, 2084.8s)
    [ 83.3%] (5/6) BBBBGGGBBBBBGGRRBB fixed=1685.0s -> beam=1492.1s (completed_paths=7, 2119.7s) *** new best ***
    [100.0%] (6/6) BBBGGBBGGGBBBRBBRB fixed=1685.0s -> beam=1487.8s (completed_paths=26, 2345.4s) *** new best ***
[stage 2/2] done in 12920.5s. Winner: BBBGGBBGGGBBBRBBRB = 1487.8s
Saved map 'dynamic_11b2r5g_BBBGGBBGGGBBBRBBRB_v1' to /home/isecapstone/shipyard_pnp_ws/src/shipyard_pnp/config/dynamic_maps/11b2r5g.json.
Total wall time: 25219.8s
