[input] order=BBBBBBBBRRRRRGG composition=BLUE:8 RED:5 GREEN:2 (n=15)
[stage 1/2] 135135 unique permutations exceeds --sample-cap=20000 -- drew 20000 distinct random permutations directly (no full enumeration).
[stage 1/2] prefiltering 20000 permutations (sampled) with the fixed-priority simulation...
    [  5.0%] 1000/20000 permutations scored -- best fixed_ms so far: 1426.4s
    [ 10.0%] 2000/20000 permutations scored -- best fixed_ms so far: 1426.4s
    [ 15.0%] 3000/20000 permutations scored -- best fixed_ms so far: 1426.3s
    [ 20.0%] 4000/20000 permutations scored -- best fixed_ms so far: 1426.3s
    [ 25.0%] 5000/20000 permutations scored -- best fixed_ms so far: 1426.3s
    [ 30.0%] 6000/20000 permutations scored -- best fixed_ms so far: 1426.2s
    [ 35.0%] 7000/20000 permutations scored -- best fixed_ms so far: 1426.2s
    [ 40.0%] 8000/20000 permutations scored -- best fixed_ms so far: 1377.9s
    [ 45.0%] 9000/20000 permutations scored -- best fixed_ms so far: 1377.9s
    [ 50.0%] 10000/20000 permutations scored -- best fixed_ms so far: 1377.9s
    [ 55.0%] 11000/20000 permutations scored -- best fixed_ms so far: 1377.9s
    [ 60.0%] 12000/20000 permutations scored -- best fixed_ms so far: 1377.9s
    [ 65.0%] 13000/20000 permutations scored -- best fixed_ms so far: 1377.9s
    [ 70.0%] 14000/20000 permutations scored -- best fixed_ms so far: 1377.9s
    [ 75.0%] 15000/20000 permutations scored -- best fixed_ms so far: 1377.9s
    [ 80.0%] 16000/20000 permutations scored -- best fixed_ms so far: 1377.9s
    [ 85.0%] 17000/20000 permutations scored -- best fixed_ms so far: 1377.9s
    [ 90.0%] 18000/20000 permutations scored -- best fixed_ms so far: 1377.9s
    [ 95.0%] 19000/20000 permutations scored -- best fixed_ms so far: 1377.9s
    [100.0%] 20000/20000 permutations scored -- best fixed_ms so far: 1377.9s
[stage 1/2] done in 8422.8s. Top 10 candidates: BRRRBBRBBBBBGGR=1377.9s, BBRRRRBBBBBBGGR=1380.7s, BRRRRRBBBBBBGGB=1426.2s, BRRRRRBBBBBBBGG=1426.2s, BRGRRRBRBBGBBBB=1426.2s ...
[stage 2/2] running beam_search on 10 candidates (beam_width=80, max_rollouts=4000)...
    [ 10.0%] (1/10) BRRRBBRBBBBBGGR fixed=1377.9s -> beam=1217.8s (completed_paths=20, 1767.2s) *** new best ***
    [ 20.0%] (2/10) BBRRRRBBBBBBGGR fixed=1380.7s -> beam=1206.3s (completed_paths=59, 2899.1s) *** new best ***
    [ 30.0%] (3/10) BRRRRRBBBBBBGGB fixed=1426.2s -> beam=1283.9s (completed_paths=85, 1964.7s)
    [ 40.0%] (4/10) BRRRRRBBBBBBBGG fixed=1426.2s -> beam=1285.9s (completed_paths=70, 1421.2s)
    [ 50.0%] (5/10) BRGRRRBRBBGBBBB fixed=1426.2s -> beam=1235.4s (completed_paths=173, 2111.0s)
    [ 60.0%] (6/10) BRRRRBBBBBRBGGB fixed=1426.3s -> beam=1237.6s (completed_paths=50, 1669.5s)
    [ 70.0%] (7/10) BRRRRBRBBGBBBBG fixed=1426.3s -> beam=1235.5s (completed_paths=173, 1933.9s)
    [ 80.0%] (8/10) BRRRRBBBBBBGRGB fixed=1426.3s -> beam=1235.5s (completed_paths=86, 1511.9s)
    [ 90.0%] (9/10) BRRRRBBBBBGGBBR fixed=1426.3s -> beam=1232.1s (completed_paths=105, 1396.7s)
    [100.0%] (10/10) BRRRRBBBRBGGBBB fixed=1426.3s -> beam=1232.1s (completed_paths=36, 1595.2s)
[stage 2/2] done in 18270.3s. Winner: BBRRRRBBBBBBGGR = 1206.3s
Saved map 'dynamic_8b5r2g_BBRRRRBBBBBBGGR_v1' to /home/isecapstone/shipyard_pnp_ws/src/shipyard_pnp/config/dynamic_maps/8b5r2g.json.
Total wall time: 26693.5s
