[input] order=BBBBBBBBRRRRR composition=BLUE:8 RED:5 GREEN:0 (n=13)
[stage 1/2] prefiltering 1287 permutations (exhaustive) with the fixed-priority simulation...
    [  5.0%] 64/1287 permutations scored -- best fixed_ms so far: 1477.8s
    [  9.9%] 128/1287 permutations scored -- best fixed_ms so far: 1477.7s
    [ 14.9%] 192/1287 permutations scored -- best fixed_ms so far: 1477.7s
    [ 19.9%] 256/1287 permutations scored -- best fixed_ms so far: 1477.7s
    [ 24.9%] 320/1287 permutations scored -- best fixed_ms so far: 1477.7s
    [ 29.8%] 384/1287 permutations scored -- best fixed_ms so far: 1477.7s
    [ 34.8%] 448/1287 permutations scored -- best fixed_ms so far: 1429.1s
    [ 39.8%] 512/1287 permutations scored -- best fixed_ms so far: 1429.0s
    [ 44.8%] 576/1287 permutations scored -- best fixed_ms so far: 1429.0s
    [ 49.7%] 640/1287 permutations scored -- best fixed_ms so far: 1429.0s
    [ 54.7%] 704/1287 permutations scored -- best fixed_ms so far: 1429.0s
    [ 59.7%] 768/1287 permutations scored -- best fixed_ms so far: 1426.4s
    [ 64.6%] 832/1287 permutations scored -- best fixed_ms so far: 1426.2s
    [ 69.6%] 896/1287 permutations scored -- best fixed_ms so far: 1426.2s
    [ 74.6%] 960/1287 permutations scored -- best fixed_ms so far: 1426.2s
    [ 79.6%] 1024/1287 permutations scored -- best fixed_ms so far: 1426.2s
    [ 84.5%] 1088/1287 permutations scored -- best fixed_ms so far: 1426.2s
    [ 89.5%] 1152/1287 permutations scored -- best fixed_ms so far: 1426.2s
    [ 94.5%] 1216/1287 permutations scored -- best fixed_ms so far: 1426.2s
    [ 99.5%] 1280/1287 permutations scored -- best fixed_ms so far: 1426.2s
    [100.0%] 1287/1287 permutations scored -- best fixed_ms so far: 1426.2s
[stage 1/2] done in 355.6s. Top 10 candidates: BRRRRRBBBBBBB=1426.2s, BRRRRBBBBBBBR=1426.3s, BRRRRBBBBBBRB=1426.3s, BRRRRBBBBBRBB=1426.3s, BRRRRBBBBRBBB=1426.3s ...
[stage 2/2] running beam_search on 10 candidates (beam_width=80, max_rollouts=4000)...
    [ 10.0%] (1/10) BRRRRRBBBBBBB fixed=1426.2s -> beam=1280.5s (completed_paths=61, 687.9s) *** new best ***
    [ 20.0%] (2/10) BRRRRBBBBBBBR fixed=1426.3s -> beam=1232.0s (completed_paths=80, 962.8s) *** new best ***
    [ 30.0%] (3/10) BRRRRBBBBBBRB fixed=1426.3s -> beam=1232.0s (completed_paths=180, 1644.2s)
    [ 40.0%] (4/10) BRRRRBBBBBRBB fixed=1426.3s -> beam=1232.0s (completed_paths=49, 1357.5s)
    [ 50.0%] (5/10) BRRRRBBBBRBBB fixed=1426.3s -> beam=1232.0s (completed_paths=41, 1389.3s)
    [ 60.0%] (6/10) BRRRRBBBRBBBB fixed=1426.3s -> beam=1232.0s (completed_paths=42, 1301.1s)
    [ 70.0%] (7/10) BRRRRBBRBBBBB fixed=1426.3s -> beam=1235.5s (completed_paths=81, 1298.9s)
    [ 80.0%] (8/10) BRRRRBRBBBBBB fixed=1426.3s -> beam=1235.5s (completed_paths=173, 1512.5s)
    [ 90.0%] (9/10) BRRRBBBBBBBRR fixed=1426.4s -> beam=1183.6s (completed_paths=110, 1222.9s) *** new best ***
    [100.0%] (10/10) BRRRBBBBBBRBR fixed=1426.4s -> beam=1183.6s (completed_paths=70, 1158.9s)
[stage 2/2] done in 12535.9s. Winner: BRRRBBBBBBBRR = 1183.6s
Saved map 'dynamic_8b5r0g_BRRRBBBBBBBRR_v1' to /home/isecapstone/shipyard_pnp_ws/src/shipyard_pnp/config/dynamic_maps/8b5r0g.json.
Total wall time: 12891.8s
