[input] order=BBBBBBBRRGGG composition=BLUE:7 RED:2 GREEN:3 (n=12)
[stage 1/2] prefiltering 7920 permutations (exhaustive) with the fixed-priority simulation...
    [  5.0%] 396/7920 permutations scored -- best fixed_ms so far: 1122.4s
    [ 10.0%] 792/7920 permutations scored -- best fixed_ms so far: 1122.4s
    [ 15.0%] 1188/7920 permutations scored -- best fixed_ms so far: 1122.4s
    [ 20.0%] 1584/7920 permutations scored -- best fixed_ms so far: 1122.4s
    [ 25.0%] 1980/7920 permutations scored -- best fixed_ms so far: 1122.3s
    [ 30.0%] 2376/7920 permutations scored -- best fixed_ms so far: 1122.3s
    [ 35.0%] 2772/7920 permutations scored -- best fixed_ms so far: 1122.3s
    [ 40.0%] 3168/7920 permutations scored -- best fixed_ms so far: 1122.3s
    [ 45.0%] 3564/7920 permutations scored -- best fixed_ms so far: 1122.3s
    [ 50.0%] 3960/7920 permutations scored -- best fixed_ms so far: 1122.3s
    [ 55.0%] 4356/7920 permutations scored -- best fixed_ms so far: 1122.3s
    [ 60.0%] 4752/7920 permutations scored -- best fixed_ms so far: 1122.3s
    [ 65.0%] 5148/7920 permutations scored -- best fixed_ms so far: 1122.3s
    [ 70.0%] 5544/7920 permutations scored -- best fixed_ms so far: 1122.3s
    [ 75.0%] 5940/7920 permutations scored -- best fixed_ms so far: 1122.3s
    [ 80.0%] 6336/7920 permutations scored -- best fixed_ms so far: 1122.3s
    [ 85.0%] 6732/7920 permutations scored -- best fixed_ms so far: 1122.3s
    [ 90.0%] 7128/7920 permutations scored -- best fixed_ms so far: 1122.3s
    [ 95.0%] 7524/7920 permutations scored -- best fixed_ms so far: 1122.3s
    [100.0%] 7920/7920 permutations scored -- best fixed_ms so far: 1122.3s
[stage 1/2] done in 1854.2s. Top 20 candidates: BGBBBBGGRRBB=1122.3s, BGBBBGBGRRBB=1122.3s, BGBBBGGBRRBB=1122.3s, BGBBGBGBRRBB=1122.3s, BBGBBGBGRRBB=1122.3s ...
[stage 2/2] running beam_search on 20 candidates (beam_width=80, max_rollouts=4000)...
    [  5.0%] (1/20) BGBBBBGGRRBB fixed=1122.3s -> beam=976.8s (completed_paths=50, 315.5s) *** new best ***
    [ 10.0%] (2/20) BGBBBGBGRRBB fixed=1122.3s -> beam=976.8s (completed_paths=50, 315.2s)
    [ 15.0%] (3/20) BGBBBGGBRRBB fixed=1122.3s -> beam=976.8s (completed_paths=50, 315.7s)
    [ 20.0%] (4/20) BGBBGBGBRRBB fixed=1122.3s -> beam=976.8s (completed_paths=50, 315.7s)
    [ 25.0%] (5/20) BBGBBGBGRRBB fixed=1122.3s -> beam=976.8s (completed_paths=50, 316.7s)
    [ 30.0%] (6/20) BBGBBGGBRRBB fixed=1122.3s -> beam=976.8s (completed_paths=50, 315.3s)
    [ 35.0%] (7/20) BBGBGBBGRRBB fixed=1122.3s -> beam=976.8s (completed_paths=50, 316.9s)
    [ 40.0%] (8/20) BBGBGBGBRRBB fixed=1122.3s -> beam=976.8s (completed_paths=50, 317.4s)
    [ 45.0%] (9/20) BBGBBBGGRRBB fixed=1122.3s -> beam=976.8s (completed_paths=50, 317.2s)
    [ 50.0%] (10/20) BBRBBBBBGGRG fixed=1122.4s -> beam=980.6s (completed_paths=81, 1155.8s)
    [ 55.0%] (11/20) BBRBBBBBGGGR fixed=1122.4s -> beam=980.5s (completed_paths=42, 1100.0s)
    [ 60.0%] (12/20) BRBBBBBBGGRG fixed=1122.4s -> beam=980.6s (completed_paths=81, 1156.1s)
    [ 65.0%] (13/20) BRBBBBBBGGGR fixed=1122.4s -> beam=980.5s (completed_paths=42, 1096.6s)
    [ 70.0%] (14/20) BBBBBBBGGRRG fixed=1122.4s -> beam=981.6s (completed_paths=40, 244.4s)
    [ 75.0%] (15/20) BBBBBBBGGRGR fixed=1122.4s -> beam=980.5s (completed_paths=58, 356.7s)
    [ 80.0%] (16/20) BBBBBBBGGGRR fixed=1122.4s -> beam=980.5s (completed_paths=78, 501.7s)
    [ 85.0%] (17/20) BBBBBBGGRRBG fixed=1122.4s -> beam=1009.5s (completed_paths=29, 176.0s)
    [ 90.0%] (18/20) BGBBBBBBGGRR fixed=1122.4s -> beam=976.8s (completed_paths=40, 242.2s) *** new best ***
    [ 95.0%] (19/20) BGBBBBBGGRRB fixed=1122.4s -> beam=1005.6s (completed_paths=29, 174.2s)
    [100.0%] (20/20) BGBBBGGBBRRB fixed=1122.4s -> beam=994.5s (completed_paths=29, 175.2s)
[stage 2/2] done in 9224.6s. Winner: BGBBBBBBGGRR = 976.8s
Saved map 'dynamic_7b2r3g_BGBBBBBBGGRR_v1' to /home/isecapstone/shipyard_pnp_ws/src/shipyard_pnp/config/dynamic_maps/7b2r3g.json.
Total wall time: 11079.0s
