[input] order=BBBRRGGGGG composition=BLUE:3 RED:2 GREEN:5 (n=10)
[stage 1/2] prefiltering 2520 permutations (exhaustive) with the fixed-priority simulation...
    [  5.0%] 126/2520 permutations scored -- best fixed_ms so far: 476.7s
    [ 10.0%] 252/2520 permutations scored -- best fixed_ms so far: 476.7s
    [ 15.0%] 378/2520 permutations scored -- best fixed_ms so far: 476.7s
    [ 20.0%] 504/2520 permutations scored -- best fixed_ms so far: 476.7s
    [ 25.0%] 630/2520 permutations scored -- best fixed_ms so far: 476.7s
    [ 30.0%] 756/2520 permutations scored -- best fixed_ms so far: 476.7s
    [ 35.0%] 882/2520 permutations scored -- best fixed_ms so far: 476.7s
    [ 40.0%] 1008/2520 permutations scored -- best fixed_ms so far: 476.7s
    [ 45.0%] 1134/2520 permutations scored -- best fixed_ms so far: 476.7s
    [ 50.0%] 1260/2520 permutations scored -- best fixed_ms so far: 476.7s
    [ 55.0%] 1386/2520 permutations scored -- best fixed_ms so far: 476.7s
    [ 60.0%] 1512/2520 permutations scored -- best fixed_ms so far: 476.7s
    [ 65.0%] 1638/2520 permutations scored -- best fixed_ms so far: 476.7s
    [ 70.0%] 1764/2520 permutations scored -- best fixed_ms so far: 476.7s
    [ 75.0%] 1890/2520 permutations scored -- best fixed_ms so far: 476.7s
    [ 80.0%] 2016/2520 permutations scored -- best fixed_ms so far: 476.7s
    [ 85.0%] 2142/2520 permutations scored -- best fixed_ms so far: 476.7s
    [ 90.0%] 2268/2520 permutations scored -- best fixed_ms so far: 476.7s
    [ 95.0%] 2394/2520 permutations scored -- best fixed_ms so far: 476.7s
    [100.0%] 2520/2520 permutations scored -- best fixed_ms so far: 476.7s
[stage 1/2] done in 568.7s. Top 20 candidates: BBBGGRGGGR=476.7s, BBBGGGRGGR=476.7s, BGRBGGGBGR=492.8s, BGRBGGGGBR=497.9s, BBGGGBRGGR=501.9s ...
[stage 2/2] running beam_search on 20 candidates (beam_width=80, max_rollouts=4000)...
    [  5.0%] (1/20) BBBGGRGGGR fixed=476.7s -> beam=476.7s (completed_paths=8, 33.7s) *** new best ***
    [ 10.0%] (2/20) BBBGGGRGGR fixed=476.7s -> beam=476.7s (completed_paths=8, 33.6s)
    [ 15.0%] (3/20) BGRBGGGBGR fixed=492.8s -> beam=492.8s (completed_paths=8, 34.7s)
    [ 20.0%] (4/20) BGRBGGGGBR fixed=497.9s -> beam=497.9s (completed_paths=6, 25.4s)
    [ 25.0%] (5/20) BBGGGBRGGR fixed=501.9s -> beam=501.9s (completed_paths=1, 4.8s)
    [ 30.0%] (6/20) BBGGGRBGGR fixed=501.9s -> beam=501.9s (completed_paths=1, 4.9s)
    [ 35.0%] (7/20) BGGGBBRGGR fixed=502.0s -> beam=502.0s (completed_paths=1, 4.8s)
    [ 40.0%] (8/20) BGGGBRBGGR fixed=502.0s -> beam=502.0s (completed_paths=1, 4.8s)
    [ 45.0%] (9/20) BGGGRBBGGR fixed=502.0s -> beam=502.0s (completed_paths=1, 4.9s)
    [ 50.0%] (10/20) BBGGGBGGRR fixed=504.6s -> beam=504.6s (completed_paths=8, 33.5s)
    [ 55.0%] (11/20) BBGGGGBRRG fixed=504.6s -> beam=504.6s (completed_paths=2, 5.5s)
    [ 60.0%] (12/20) BBGGGGBRGR fixed=504.6s -> beam=504.6s (completed_paths=2, 5.4s)
    [ 65.0%] (13/20) BBGGGGBGRR fixed=504.6s -> beam=504.6s (completed_paths=8, 33.4s)
    [ 70.0%] (14/20) BGBGGBGGRR fixed=504.6s -> beam=504.6s (completed_paths=6, 24.5s)
    [ 75.0%] (15/20) BGBGGGBGRR fixed=504.6s -> beam=504.6s (completed_paths=6, 24.2s)
    [ 80.0%] (16/20) BBGRGGGBGR fixed=505.7s -> beam=505.7s (completed_paths=8, 34.6s)
    [ 85.0%] (17/20) BRGBGGGBGR fixed=505.7s -> beam=505.7s (completed_paths=8, 34.4s)
    [ 90.0%] (18/20) BGBGGGGBRR fixed=508.4s -> beam=508.4s (completed_paths=4, 15.0s)
    [ 95.0%] (19/20) BBGRGGGGBR fixed=510.8s -> beam=510.8s (completed_paths=6, 24.7s)
    [100.0%] (20/20) BRGBGGGGBR fixed=510.8s -> beam=510.8s (completed_paths=6, 25.0s)
[stage 2/2] done in 412.0s. Winner: BBBGGRGGGR = 476.7s
Saved map 'dynamic_3b2r5g_BBBGGRGGGR_v1' to /home/isecapstone/shipyard_pnp_ws/src/shipyard_pnp/config/dynamic_maps/3b2r5g.json.
Total wall time: 981.0s
