[input] order=BBBBBBBBBBBRRRRRGG composition=BLUE:11 RED:5 GREEN:2 (n=18)
[stage 1/2] 668304 unique permutations exceeds --sample-cap=20000 -- drew 20000 distinct random permutations directly (no full enumeration).
[stage 1/2] prefiltering 20000 permutations (sampled) with the fixed-priority simulation...
    [  5.0%] 1000/20000 permutations scored -- best fixed_ms so far: 1884.5s
    [ 10.0%] 2000/20000 permutations scored -- best fixed_ms so far: 1836.1s
    [ 15.0%] 3000/20000 permutations scored -- best fixed_ms so far: 1836.1s
    [ 20.0%] 4000/20000 permutations scored -- best fixed_ms so far: 1836.1s
    [ 25.0%] 5000/20000 permutations scored -- best fixed_ms so far: 1836.1s
    [ 30.0%] 6000/20000 permutations scored -- best fixed_ms so far: 1836.1s
    [ 35.0%] 7000/20000 permutations scored -- best fixed_ms so far: 1836.1s
    [ 40.0%] 8000/20000 permutations scored -- best fixed_ms so far: 1836.1s
    [ 45.0%] 9000/20000 permutations scored -- best fixed_ms so far: 1836.1s
    [ 50.0%] 10000/20000 permutations scored -- best fixed_ms so far: 1836.1s
    [ 55.0%] 11000/20000 permutations scored -- best fixed_ms so far: 1836.1s
    [ 60.0%] 12000/20000 permutations scored -- best fixed_ms so far: 1836.1s
    [ 65.0%] 13000/20000 permutations scored -- best fixed_ms so far: 1836.1s
    [ 70.0%] 14000/20000 permutations scored -- best fixed_ms so far: 1836.1s
    [ 75.0%] 15000/20000 permutations scored -- best fixed_ms so far: 1836.1s
    [ 80.0%] 16000/20000 permutations scored -- best fixed_ms so far: 1836.1s
    [ 85.0%] 17000/20000 permutations scored -- best fixed_ms so far: 1836.1s
    [ 90.0%] 18000/20000 permutations scored -- best fixed_ms so far: 1836.1s
    [ 95.0%] 19000/20000 permutations scored -- best fixed_ms so far: 1836.1s
    [100.0%] 20000/20000 permutations scored -- best fixed_ms so far: 1836.1s
[stage 1/2] done in 12285.0s. Top 6 candidates: BRRRBBBBBBBBGGRRBB=1836.1s, BRRRRRBBBBBBBBBBGG=1884.5s, BRRRRBBBBBBBRBGGBB=1884.6s, BRRRRBBBBBRBGGBBBB=1884.6s, BRRRRBBBBBBBBGRBBG=1884.6s ...
[stage 2/2] running beam_search on 6 candidates (beam_width=60, max_rollouts=3000)...
    [ 16.7%] (1/6) BRRRBBBBBBBBGGRRBB fixed=1836.1s -> beam=1584.4s (completed_paths=0, 2097.6s) *** new best ***
    [ 33.3%] (2/6) BRRRRRBBBBBBBBBBGG fixed=1884.5s -> beam=1673.8s (completed_paths=37, 2437.1s)
    [ 50.0%] (3/6) BRRRRBBBBBBBRBGGBB fixed=1884.6s -> beam=1616.2s (completed_paths=2, 2093.8s)
    [ 66.7%] (4/6) BRRRRBBBBBRBGGBBBB fixed=1884.6s -> beam=1618.0s (completed_paths=2, 2136.1s)
    [ 83.3%] (5/6) BRRRRBBBBBBBBGRBBG fixed=1884.6s -> beam=1610.9s (completed_paths=1, 2157.7s)
    [100.0%] (6/6) BRRRRBRBBBBBBGGBBB fixed=1884.6s -> beam=1630.8s (completed_paths=18, 2322.0s)
[stage 2/2] done in 13244.4s. Winner: BRRRBBBBBBBBGGRRBB = 1584.4s
Saved map 'dynamic_11b5r2g_BRRRBBBBBBBBGGRRBB_v1' to /home/isecapstone/shipyard_pnp_ws/src/shipyard_pnp/config/dynamic_maps/11b5r2g.json.
Total wall time: 25530.1s
