[input] order=BBBBBBRRGGGGGGGG composition=BLUE:6 RED:2 GREEN:8 (n=16)
[stage 1/2] 360360 unique permutations exceeds --sample-cap=20000 -- drew 20000 distinct random permutations directly (no full enumeration).
[stage 1/2] prefiltering 20000 permutations (sampled) with the fixed-priority simulation...
    [  5.0%] 1000/20000 permutations scored -- best fixed_ms so far: 908.0s
    [ 10.0%] 2000/20000 permutations scored -- best fixed_ms so far: 907.7s
    [ 15.0%] 3000/20000 permutations scored -- best fixed_ms so far: 891.4s
    [ 20.0%] 4000/20000 permutations scored -- best fixed_ms so far: 890.4s
    [ 25.0%] 5000/20000 permutations scored -- best fixed_ms so far: 890.4s
    [ 30.0%] 6000/20000 permutations scored -- best fixed_ms so far: 852.4s
    [ 35.0%] 7000/20000 permutations scored -- best fixed_ms so far: 852.4s
    [ 40.0%] 8000/20000 permutations scored -- best fixed_ms so far: 852.4s
    [ 45.0%] 9000/20000 permutations scored -- best fixed_ms so far: 852.4s
    [ 50.0%] 10000/20000 permutations scored -- best fixed_ms so far: 852.4s
    [ 55.0%] 11000/20000 permutations scored -- best fixed_ms so far: 852.4s
    [ 60.0%] 12000/20000 permutations scored -- best fixed_ms so far: 852.4s
    [ 65.0%] 13000/20000 permutations scored -- best fixed_ms so far: 852.4s
    [ 70.0%] 14000/20000 permutations scored -- best fixed_ms so far: 852.4s
    [ 75.0%] 15000/20000 permutations scored -- best fixed_ms so far: 852.4s
    [ 80.0%] 16000/20000 permutations scored -- best fixed_ms so far: 852.4s
    [ 85.0%] 17000/20000 permutations scored -- best fixed_ms so far: 852.4s
    [ 90.0%] 18000/20000 permutations scored -- best fixed_ms so far: 852.4s
    [ 95.0%] 19000/20000 permutations scored -- best fixed_ms so far: 852.4s
    [100.0%] 20000/20000 permutations scored -- best fixed_ms so far: 852.4s
[stage 1/2] done in 13122.6s. Top 6 candidates: BBBGGGRGGBGGBGBR=852.4s, BBBGGGRGGBGBBGRG=886.3s, BGBBGGBGBGGRBGGR=887.7s, BGBBGGGBGGRBBGGR=890.4s, BGBBGGGBGGBGRBGR=890.4s ...
[stage 2/2] running beam_search on 6 candidates (beam_width=60, max_rollouts=3000)...
    [ 16.7%] (1/6) BBBGGGRGGBGGBGBR fixed=852.4s -> beam=852.4s (completed_paths=52, 2322.0s) *** new best ***
    [ 33.3%] (2/6) BBBGGGRGGBGBBGRG fixed=886.3s -> beam=859.2s (completed_paths=103, 2326.1s)
    [ 50.0%] (3/6) BGBBGGBGBGGRBGGR fixed=887.7s -> beam=867.0s (completed_paths=74, 1208.5s)
    [ 66.7%] (4/6) BGBBGGGBGGRBBGGR fixed=890.4s -> beam=841.9s (completed_paths=59, 1073.0s) *** new best ***
    [ 83.3%] (5/6) BGBBGGGBGGBGRBGR fixed=890.4s -> beam=841.9s (completed_paths=53, 1232.6s)
    [100.0%] (6/6) BGBBGGGGBGBBGRGR fixed=891.4s -> beam=842.9s (completed_paths=51, 809.6s)
[stage 2/2] done in 8971.8s. Winner: BGBBGGGBGGRBBGGR = 841.9s
Saved map 'dynamic_6b2r8g_BGBBGGGBGGRBBGGR_v1' to /home/isecapstone/shipyard_pnp_ws/src/shipyard_pnp/config/dynamic_maps/6b2r8g.json.
Total wall time: 22095.0s
