[input] order=BBBBBRRGGGGGGGG composition=BLUE:5 RED:2 GREEN:8 (n=15)
[stage 1/2] 135135 unique permutations exceeds --sample-cap=20000 -- drew 20000 distinct random permutations directly (no full enumeration).
[stage 1/2] prefiltering 20000 permutations (sampled) with the fixed-priority simulation...
    [  5.0%] 1000/20000 permutations scored -- best fixed_ms so far: 746.4s
    [ 10.0%] 2000/20000 permutations scored -- best fixed_ms so far: 746.4s
    [ 15.0%] 3000/20000 permutations scored -- best fixed_ms so far: 746.4s
    [ 20.0%] 4000/20000 permutations scored -- best fixed_ms so far: 746.4s
    [ 25.0%] 5000/20000 permutations scored -- best fixed_ms so far: 746.4s
    [ 30.0%] 6000/20000 permutations scored -- best fixed_ms so far: 746.4s
    [ 35.0%] 7000/20000 permutations scored -- best fixed_ms so far: 746.4s
    [ 40.0%] 8000/20000 permutations scored -- best fixed_ms so far: 746.4s
    [ 45.0%] 9000/20000 permutations scored -- best fixed_ms so far: 746.4s
    [ 50.0%] 10000/20000 permutations scored -- best fixed_ms so far: 746.4s
    [ 55.0%] 11000/20000 permutations scored -- best fixed_ms so far: 746.4s
    [ 60.0%] 12000/20000 permutations scored -- best fixed_ms so far: 746.4s
    [ 65.0%] 13000/20000 permutations scored -- best fixed_ms so far: 746.4s
    [ 70.0%] 14000/20000 permutations scored -- best fixed_ms so far: 746.4s
    [ 75.0%] 15000/20000 permutations scored -- best fixed_ms so far: 746.4s
    [ 80.0%] 16000/20000 permutations scored -- best fixed_ms so far: 746.4s
    [ 85.0%] 17000/20000 permutations scored -- best fixed_ms so far: 746.4s
    [ 90.0%] 18000/20000 permutations scored -- best fixed_ms so far: 746.4s
    [ 95.0%] 19000/20000 permutations scored -- best fixed_ms so far: 746.4s
    [100.0%] 20000/20000 permutations scored -- best fixed_ms so far: 746.4s
[stage 1/2] done in 11638.1s. Top 10 candidates: BGBGBGGRGGBGBGR=746.4s, BGBGBGRGGGBBGGR=746.4s, BGBBGGRGGGBBGGR=747.1s, BBBGGRGGGGBGRBG=753.2s, BBBGGRGGGGBRBGG=753.2s ...
[stage 2/2] running beam_search on 10 candidates (beam_width=80, max_rollouts=4000)...
    [ 10.0%] (1/10) BGBGBGGRGGBGBGR fixed=746.4s -> beam=746.4s (completed_paths=78, 925.6s) *** new best ***
    [ 20.0%] (2/10) BGBGBGRGGGBBGGR fixed=746.4s -> beam=746.4s (completed_paths=50, 589.0s)
    [ 30.0%] (3/10) BGBBGGRGGGBBGGR fixed=747.1s -> beam=747.1s (completed_paths=50, 588.8s)
    [ 40.0%] (4/10) BBBGGRGGGGBGRBG fixed=753.2s -> beam=753.2s (completed_paths=72, 1293.5s)
    [ 50.0%] (5/10) BBBGGRGGGGBRBGG fixed=753.2s -> beam=737.4s (completed_paths=143, 1736.1s) *** new best ***
    [ 60.0%] (6/10) BBBGGGRGGGBGRBG fixed=753.2s -> beam=753.2s (completed_paths=72, 1281.2s)
    [ 70.0%] (7/10) BBBGGRGGGGBGBRG fixed=753.2s -> beam=753.2s (completed_paths=76, 994.8s)
    [ 80.0%] (8/10) BBBGBGGGGBRGGGR fixed=755.0s -> beam=722.2s (completed_paths=63, 685.1s) *** new best ***
    [ 90.0%] (9/10) BBBGBGGBGGGRGGR fixed=755.0s -> beam=740.0s (completed_paths=130, 1155.0s)
    [100.0%] (10/10) BBBGGGRGGGBBRGG fixed=755.0s -> beam=737.4s (completed_paths=94, 820.1s)
[stage 2/2] done in 10069.2s. Winner: BBBGBGGGGBRGGGR = 722.2s
Saved map 'dynamic_5b2r8g_BBBGBGGGGBRGGGR_v1' to /home/isecapstone/shipyard_pnp_ws/src/shipyard_pnp/config/dynamic_maps/5b2r8g.json.
Total wall time: 21707.7s
