[input] order=BBBBBRRGGG composition=BLUE:5 RED:2 GREEN:3 (n=10)
[stage 1/2] prefiltering 2520 permutations (exhaustive) with the fixed-priority simulation...
    [  5.0%] 126/2520 permutations scored -- best fixed_ms so far: 817.0s
    [ 10.0%] 252/2520 permutations scored -- best fixed_ms so far: 817.0s
    [ 15.0%] 378/2520 permutations scored -- best fixed_ms so far: 816.8s
    [ 20.0%] 504/2520 permutations scored -- best fixed_ms so far: 816.8s
    [ 25.0%] 630/2520 permutations scored -- best fixed_ms so far: 816.8s
    [ 30.0%] 756/2520 permutations scored -- best fixed_ms so far: 816.8s
    [ 35.0%] 882/2520 permutations scored -- best fixed_ms so far: 816.8s
    [ 40.0%] 1008/2520 permutations scored -- best fixed_ms so far: 816.8s
    [ 45.0%] 1134/2520 permutations scored -- best fixed_ms so far: 816.8s
    [ 50.0%] 1260/2520 permutations scored -- best fixed_ms so far: 816.8s
    [ 55.0%] 1386/2520 permutations scored -- best fixed_ms so far: 816.8s
    [ 60.0%] 1512/2520 permutations scored -- best fixed_ms so far: 816.8s
    [ 65.0%] 1638/2520 permutations scored -- best fixed_ms so far: 816.8s
    [ 70.0%] 1764/2520 permutations scored -- best fixed_ms so far: 816.8s
    [ 75.0%] 1890/2520 permutations scored -- best fixed_ms so far: 816.8s
    [ 80.0%] 2016/2520 permutations scored -- best fixed_ms so far: 816.8s
    [ 85.0%] 2142/2520 permutations scored -- best fixed_ms so far: 816.8s
    [ 90.0%] 2268/2520 permutations scored -- best fixed_ms so far: 816.8s
    [ 95.0%] 2394/2520 permutations scored -- best fixed_ms so far: 816.8s
    [100.0%] 2520/2520 permutations scored -- best fixed_ms so far: 816.8s
[stage 1/2] done in 815.1s. Top 20 candidates: BGBBBBGGRR=816.8s, BGBBBGBGRR=816.8s, BGBBBGGBRR=816.8s, BGBBGBGBRR=816.8s, BBGBBGBGRR=816.8s ...
[stage 2/2] running beam_search on 20 candidates (beam_width=80, max_rollouts=4000)...
    [  5.0%] (1/20) BGBBBBGGRR fixed=816.8s -> beam=720.0s (completed_paths=8, 52.1s) *** new best ***
    [ 10.0%] (2/20) BGBBBGBGRR fixed=816.8s -> beam=720.0s (completed_paths=8, 52.1s)
    [ 15.0%] (3/20) BGBBBGGBRR fixed=816.8s -> beam=720.0s (completed_paths=8, 51.4s)
    [ 20.0%] (4/20) BGBBGBGBRR fixed=816.8s -> beam=720.0s (completed_paths=8, 69.3s)
    [ 25.0%] (5/20) BBGBBGBGRR fixed=816.8s -> beam=720.0s (completed_paths=8, 59.7s)
    [ 30.0%] (6/20) BBGBBGGBRR fixed=816.8s -> beam=720.0s (completed_paths=8, 53.9s)
    [ 35.0%] (7/20) BBGBGBBGRR fixed=816.8s -> beam=720.0s (completed_paths=8, 52.6s)
    [ 40.0%] (8/20) BBGBGBGBRR fixed=816.8s -> beam=720.0s (completed_paths=8, 52.7s)
    [ 45.0%] (9/20) BBGBBBGGRR fixed=816.8s -> beam=720.0s (completed_paths=8, 52.4s)
    [ 50.0%] (10/20) BBBGBBGGRR fixed=817.0s -> beam=720.0s (completed_paths=8, 55.9s)
    [ 55.0%] (11/20) BBBGBGBGRR fixed=817.0s -> beam=720.0s (completed_paths=8, 71.3s)
    [ 60.0%] (12/20) BBBBBGGRRG fixed=817.0s -> beam=720.0s (completed_paths=8, 55.4s)
    [ 65.0%] (13/20) BBBBBGGRGR fixed=817.0s -> beam=720.0s (completed_paths=14, 93.5s)
    [ 70.0%] (14/20) BBBBBGGGRR fixed=817.0s -> beam=720.0s (completed_paths=14, 101.0s)
    [ 75.0%] (15/20) BBBBGBGGRR fixed=817.0s -> beam=720.0s (completed_paths=8, 57.4s)
    [ 80.0%] (16/20) BBBBGGBRRG fixed=817.0s -> beam=734.9s (completed_paths=8, 67.1s)
    [ 85.0%] (17/20) BBBBGGBRGR fixed=817.0s -> beam=721.4s (completed_paths=8, 70.4s)
    [ 90.0%] (18/20) BBBBGGBGRR fixed=817.0s -> beam=720.0s (completed_paths=8, 60.1s)
    [ 95.0%] (19/20) BGBBBGGRBR fixed=817.0s -> beam=720.0s (completed_paths=6, 41.8s)
    [100.0%] (20/20) BGBBBGGRRB fixed=817.0s -> beam=768.5s (completed_paths=6, 38.1s)
[stage 2/2] done in 1208.2s. Winner: BGBBBBGGRR = 720.0s
Saved map 'dynamic_5b2r3g_BGBBBBGGRR_v1' to /home/isecapstone/shipyard_pnp_ws/src/shipyard_pnp/config/dynamic_maps/5b2r3g.json.
Total wall time: 2023.6s
