[input] order=BBRRRGGGG composition=BLUE:2 RED:3 GREEN:4 (n=9)
[stage 1/2] prefiltering 1260 permutations (exhaustive) with the fixed-priority simulation...
    [  5.0%] 63/1260 permutations scored -- best fixed_ms so far: 438.3s
    [ 10.0%] 126/1260 permutations scored -- best fixed_ms so far: 438.3s
    [ 15.0%] 189/1260 permutations scored -- best fixed_ms so far: 425.4s
    [ 20.0%] 252/1260 permutations scored -- best fixed_ms so far: 425.4s
    [ 25.0%] 315/1260 permutations scored -- best fixed_ms so far: 425.4s
    [ 30.0%] 378/1260 permutations scored -- best fixed_ms so far: 425.4s
    [ 35.0%] 441/1260 permutations scored -- best fixed_ms so far: 425.4s
    [ 40.0%] 504/1260 permutations scored -- best fixed_ms so far: 425.4s
    [ 45.0%] 567/1260 permutations scored -- best fixed_ms so far: 425.4s
    [ 50.0%] 630/1260 permutations scored -- best fixed_ms so far: 425.4s
    [ 55.0%] 693/1260 permutations scored -- best fixed_ms so far: 425.4s
    [ 60.0%] 756/1260 permutations scored -- best fixed_ms so far: 425.4s
    [ 65.0%] 819/1260 permutations scored -- best fixed_ms so far: 425.4s
    [ 70.0%] 882/1260 permutations scored -- best fixed_ms so far: 425.4s
    [ 75.0%] 945/1260 permutations scored -- best fixed_ms so far: 425.4s
    [ 80.0%] 1008/1260 permutations scored -- best fixed_ms so far: 425.4s
    [ 85.0%] 1071/1260 permutations scored -- best fixed_ms so far: 425.4s
    [ 90.0%] 1134/1260 permutations scored -- best fixed_ms so far: 425.4s
    [ 95.0%] 1197/1260 permutations scored -- best fixed_ms so far: 425.4s
    [100.0%] 1260/1260 permutations scored -- best fixed_ms so far: 425.4s
[stage 1/2] done in 371.9s. Top 20 candidates: BGRBGGRRG=425.4s, BGRBGGRGR=425.4s, BGRBGGGRR=425.4s, BGBRGGRRG=426.3s, BGBGRGRGR=436.1s ...
[stage 2/2] running beam_search on 20 candidates (beam_width=80, max_rollouts=4000)...
    [  5.0%] (1/20) BGRBGGRRG fixed=425.4s -> beam=425.4s (completed_paths=2, 7.4s) *** new best ***
    [ 10.0%] (2/20) BGRBGGRGR fixed=425.4s -> beam=425.4s (completed_paths=6, 32.8s)
    [ 15.0%] (3/20) BGRBGGGRR fixed=425.4s -> beam=425.4s (completed_paths=4, 20.2s)
    [ 20.0%] (4/20) BGBRGGRRG fixed=426.3s -> beam=426.3s (completed_paths=2, 7.3s)
    [ 25.0%] (5/20) BGBGRGRGR fixed=436.1s -> beam=436.1s (completed_paths=3, 13.6s)
    [ 30.0%] (6/20) BGBGRGGRR fixed=436.1s -> beam=436.1s (completed_paths=3, 13.8s)
    [ 35.0%] (7/20) BGBGGRGRR fixed=436.1s -> beam=436.1s (completed_paths=3, 13.8s)
    [ 40.0%] (8/20) GBRGGBRRG fixed=438.0s -> beam=438.0s (completed_paths=4, 19.9s)
    [ 45.0%] (9/20) GBRGGBRGR fixed=438.0s -> beam=438.0s (completed_paths=4, 20.3s)
    [ 50.0%] (10/20) BBGRGGRRG fixed=438.3s -> beam=438.3s (completed_paths=2, 7.3s)
    [ 55.0%] (11/20) BBGRGGRGR fixed=438.3s -> beam=438.3s (completed_paths=6, 33.0s)
    [ 60.0%] (12/20) BBGRGGGRR fixed=438.3s -> beam=438.3s (completed_paths=4, 20.3s)
    [ 65.0%] (13/20) BRGBGGRRG fixed=438.3s -> beam=438.3s (completed_paths=2, 7.2s)
    [ 70.0%] (14/20) BRGBGGRGR fixed=438.3s -> beam=438.3s (completed_paths=6, 32.9s)
    [ 75.0%] (15/20) BRGBGGGRR fixed=438.3s -> beam=438.3s (completed_paths=4, 20.5s)
    [ 80.0%] (16/20) BGBGRGRRG fixed=438.4s -> beam=438.4s (completed_paths=3, 13.6s)
    [ 85.0%] (17/20) BGBGGRRGR fixed=438.4s -> beam=438.4s (completed_paths=3, 13.7s)
    [ 90.0%] (18/20) BGBGRRGRG fixed=438.5s -> beam=438.5s (completed_paths=3, 13.5s)
    [ 95.0%] (19/20) BGBGRRGGR fixed=438.5s -> beam=438.5s (completed_paths=3, 13.7s)
    [100.0%] (20/20) BBRGGRRGG fixed=438.6s -> beam=438.6s (completed_paths=4, 19.8s)
[stage 2/2] done in 344.5s. Winner: BGRBGGRRG = 425.4s
Saved map 'dynamic_2b3r4g_BGRBGGRRG_v1' to /home/isecapstone/shipyard_pnp_ws/src/shipyard_pnp/config/dynamic_maps/2b3r4g.json.
Total wall time: 716.6s
