[input] order=BBBBBBRRRRRRRRRGG composition=BLUE:6 RED:9 GREEN:2 (n=17)
[stage 1/2] 680680 unique permutations exceeds --sample-cap=20000 -- drew 20000 distinct random permutations directly (no full enumeration).
[stage 1/2] prefiltering 20000 permutations (sampled) with the fixed-priority simulation...
    [  5.0%] 1000/20000 permutations scored -- best fixed_ms so far: 1325.9s
    [ 10.0%] 2000/20000 permutations scored -- best fixed_ms so far: 1325.8s
    [ 15.0%] 3000/20000 permutations scored -- best fixed_ms so far: 1325.8s
    [ 20.0%] 4000/20000 permutations scored -- best fixed_ms so far: 1325.8s
    [ 25.0%] 5000/20000 permutations scored -- best fixed_ms so far: 1325.8s
    [ 30.0%] 6000/20000 permutations scored -- best fixed_ms so far: 1325.8s
    [ 35.0%] 7000/20000 permutations scored -- best fixed_ms so far: 1325.8s
    [ 40.0%] 8000/20000 permutations scored -- best fixed_ms so far: 1325.8s
    [ 45.0%] 9000/20000 permutations scored -- best fixed_ms so far: 1325.8s
    [ 50.0%] 10000/20000 permutations scored -- best fixed_ms so far: 1325.8s
    [ 55.0%] 11000/20000 permutations scored -- best fixed_ms so far: 1325.8s
    [ 60.0%] 12000/20000 permutations scored -- best fixed_ms so far: 1325.8s
    [ 65.0%] 13000/20000 permutations scored -- best fixed_ms so far: 1325.8s
    [ 70.0%] 14000/20000 permutations scored -- best fixed_ms so far: 1325.8s
    [ 75.0%] 15000/20000 permutations scored -- best fixed_ms so far: 1325.8s
    [ 80.0%] 16000/20000 permutations scored -- best fixed_ms so far: 1325.8s
    [ 85.0%] 17000/20000 permutations scored -- best fixed_ms so far: 1325.8s
    [ 90.0%] 18000/20000 permutations scored -- best fixed_ms so far: 1325.8s
    [ 95.0%] 19000/20000 permutations scored -- best fixed_ms so far: 1325.8s
    [100.0%] 20000/20000 permutations scored -- best fixed_ms so far: 1325.8s
[stage 1/2] done in 12775.3s. Top 6 candidates: BRRRRRRRBBBRBGRBG=1325.8s, BRRRRRRBRBRGBBBGR=1325.8s, BRRRRRRRRBBBBRBGG=1325.8s, BRGRRRRRRRBBBRBBG=1325.8s, BRRRRRRBRBBBBGRRG=1325.9s ...
[stage 2/2] running beam_search on 6 candidates (beam_width=60, max_rollouts=3000)...
    [ 16.7%] (1/6) BRRRRRRRBBBRBGRBG fixed=1325.8s -> beam=1167.2s (completed_paths=110, 1929.5s) *** new best ***
    [ 33.3%] (2/6) BRRRRRRBRBRGBBBGR fixed=1325.8s -> beam=1118.5s (completed_paths=47, 2370.5s) *** new best ***
    [ 50.0%] (3/6) BRRRRRRRRBBBBRBGG fixed=1325.8s -> beam=1203.2s (completed_paths=94, 1709.2s)
    [ 66.7%] (4/6) BRGRRRRRRRBBBRBBG fixed=1325.8s -> beam=1180.1s (completed_paths=68, 1222.6s)
    [ 83.3%] (5/6) BRRRRRRBRBBBBGRRG fixed=1325.9s -> beam=1122.5s (completed_paths=88, 2609.0s)
    [100.0%] (6/6) BRRRRRRBRBBGBRGRB fixed=1325.9s -> beam=1117.3s (completed_paths=68, 2470.4s) *** new best ***
[stage 2/2] done in 12311.1s. Winner: BRRRRRRBRBBGBRGRB = 1117.3s
Saved map 'dynamic_6b9r2g_BRRRRRRBRBBGBRGRB_v1' to /home/isecapstone/shipyard_pnp_ws/src/shipyard_pnp/config/dynamic_maps/6b9r2g.json.
Total wall time: 25087.0s
