[input] order=BBBBBRRRGGGGG composition=BLUE:5 RED:3 GREEN:5 (n=13)
[stage 1/2] 72072 unique permutations exceeds --sample-cap=20000 -- drew 20000 distinct random permutations directly (no full enumeration).
[stage 1/2] prefiltering 20000 permutations (sampled) with the fixed-priority simulation...
    [  5.0%] 1000/20000 permutations scored -- best fixed_ms so far: 839.5s
    [ 10.0%] 2000/20000 permutations scored -- best fixed_ms so far: 819.7s
    [ 15.0%] 3000/20000 permutations scored -- best fixed_ms so far: 819.7s
    [ 20.0%] 4000/20000 permutations scored -- best fixed_ms so far: 819.7s
    [ 25.0%] 5000/20000 permutations scored -- best fixed_ms so far: 819.7s
    [ 30.0%] 6000/20000 permutations scored -- best fixed_ms so far: 819.7s
    [ 35.0%] 7000/20000 permutations scored -- best fixed_ms so far: 819.7s
    [ 40.0%] 8000/20000 permutations scored -- best fixed_ms so far: 819.7s
    [ 45.0%] 9000/20000 permutations scored -- best fixed_ms so far: 819.7s
    [ 50.0%] 10000/20000 permutations scored -- best fixed_ms so far: 819.7s
    [ 55.0%] 11000/20000 permutations scored -- best fixed_ms so far: 819.7s
    [ 60.0%] 12000/20000 permutations scored -- best fixed_ms so far: 819.7s
    [ 65.0%] 13000/20000 permutations scored -- best fixed_ms so far: 819.7s
    [ 70.0%] 14000/20000 permutations scored -- best fixed_ms so far: 819.7s
    [ 75.0%] 15000/20000 permutations scored -- best fixed_ms so far: 819.7s
    [ 80.0%] 16000/20000 permutations scored -- best fixed_ms so far: 819.7s
    [ 85.0%] 17000/20000 permutations scored -- best fixed_ms so far: 819.7s
    [ 90.0%] 18000/20000 permutations scored -- best fixed_ms so far: 819.7s
    [ 95.0%] 19000/20000 permutations scored -- best fixed_ms so far: 819.7s
    [100.0%] 20000/20000 permutations scored -- best fixed_ms so far: 819.7s
[stage 1/2] done in 6693.3s. Top 10 candidates: BBGBGRBBGGGRR=819.7s, BBBGGBBGRGGRR=819.7s, BBBGGBGRBGGRR=819.7s, BBBGGBGGRBGRR=819.7s, BBBGGGBGBRGRR=819.7s ...
[stage 2/2] running beam_search on 10 candidates (beam_width=80, max_rollouts=4000)...
    [ 10.0%] (1/10) BBGBGRBBGGGRR fixed=819.7s -> beam=722.8s (completed_paths=38, 281.6s) *** new best ***
    [ 20.0%] (2/10) BBBGGBBGRGGRR fixed=819.7s -> beam=722.8s (completed_paths=38, 366.8s)
    [ 30.0%] (3/10) BBBGGBGRBGGRR fixed=819.7s -> beam=722.8s (completed_paths=6, 51.0s)
    [ 40.0%] (4/10) BBBGGBGGRBGRR fixed=819.7s -> beam=722.8s (completed_paths=18, 135.6s)
    [ 50.0%] (5/10) BBBGGGBGBRGRR fixed=819.7s -> beam=722.8s (completed_paths=18, 168.9s)
    [ 60.0%] (6/10) BBBGGGBBGGRRR fixed=819.8s -> beam=722.8s (completed_paths=4, 31.4s)
    [ 70.0%] (7/10) BGBGBGBGGBRRR fixed=821.3s -> beam=724.3s (completed_paths=16, 121.2s)
    [ 80.0%] (8/10) BBBGGRGBGGRBR fixed=830.3s -> beam=736.4s (completed_paths=62, 524.4s)
    [ 90.0%] (9/10) BBBGGGRGBGRBR fixed=830.3s -> beam=736.4s (completed_paths=62, 556.8s)
    [100.0%] (10/10) BBBGGRGGBGRRB fixed=830.3s -> beam=759.5s (completed_paths=84, 592.3s)
[stage 2/2] done in 2830.0s. Winner: BBGBGRBBGGGRR = 722.8s
Saved map 'dynamic_5b3r5g_BBGBGRBBGGGRR_v1' to /home/isecapstone/shipyard_pnp_ws/src/shipyard_pnp/config/dynamic_maps/5b3r5g.json.
Total wall time: 9523.6s
