[input] order=BBBBRRGGG composition=BLUE:4 RED:2 GREEN:3 (n=9)
[stage 1/2] prefiltering 1260 permutations (exhaustive) with the fixed-priority simulation...
    [  5.0%] 63/1260 permutations scored -- best fixed_ms so far: 664.4s
    [ 10.0%] 126/1260 permutations scored -- best fixed_ms so far: 664.4s
    [ 15.0%] 189/1260 permutations scored -- best fixed_ms so far: 664.4s
    [ 20.0%] 252/1260 permutations scored -- best fixed_ms so far: 664.4s
    [ 25.0%] 315/1260 permutations scored -- best fixed_ms so far: 664.4s
    [ 30.0%] 378/1260 permutations scored -- best fixed_ms so far: 664.4s
    [ 35.0%] 441/1260 permutations scored -- best fixed_ms so far: 664.4s
    [ 40.0%] 504/1260 permutations scored -- best fixed_ms so far: 664.4s
    [ 45.0%] 567/1260 permutations scored -- best fixed_ms so far: 664.4s
    [ 50.0%] 630/1260 permutations scored -- best fixed_ms so far: 664.4s
    [ 55.0%] 693/1260 permutations scored -- best fixed_ms so far: 664.4s
    [ 60.0%] 756/1260 permutations scored -- best fixed_ms so far: 664.4s
    [ 65.0%] 819/1260 permutations scored -- best fixed_ms so far: 664.4s
    [ 70.0%] 882/1260 permutations scored -- best fixed_ms so far: 664.4s
    [ 75.0%] 945/1260 permutations scored -- best fixed_ms so far: 664.4s
    [ 80.0%] 1008/1260 permutations scored -- best fixed_ms so far: 664.4s
    [ 85.0%] 1071/1260 permutations scored -- best fixed_ms so far: 664.4s
    [ 90.0%] 1134/1260 permutations scored -- best fixed_ms so far: 664.4s
    [ 95.0%] 1197/1260 permutations scored -- best fixed_ms so far: 664.4s
    [100.0%] 1260/1260 permutations scored -- best fixed_ms so far: 664.4s
[stage 1/2] done in 304.0s. Top 20 candidates: BGBBBGGRR=664.4s, BGBBGBGRR=664.4s, BGBBGRGBR=664.4s, BGBBGGBRR=664.4s, BGBBGGRBR=664.4s ...
[stage 2/2] running beam_search on 20 candidates (beam_width=80, max_rollouts=4000)...
    [  5.0%] (1/20) BGBBBGGRR fixed=664.4s -> beam=615.9s (completed_paths=4, 17.2s) *** new best ***
    [ 10.0%] (2/20) BGBBGBGRR fixed=664.4s -> beam=615.9s (completed_paths=4, 17.1s)
    [ 15.0%] (3/20) BGBBGRGBR fixed=664.4s -> beam=615.9s (completed_paths=2, 6.6s)
    [ 20.0%] (4/20) BGBBGGBRR fixed=664.4s -> beam=615.9s (completed_paths=2, 6.3s)
    [ 25.0%] (5/20) BGBBGGRBR fixed=664.4s -> beam=615.9s (completed_paths=2, 6.3s)
    [ 30.0%] (6/20) BBGBBGGRR fixed=664.4s -> beam=615.9s (completed_paths=4, 17.3s)
    [ 35.0%] (7/20) BBGBGBRRG fixed=664.4s -> beam=615.9s (completed_paths=4, 17.4s)
    [ 40.0%] (8/20) BBGBGBRGR fixed=664.4s -> beam=615.9s (completed_paths=4, 17.4s)
    [ 45.0%] (9/20) BBGBGBGRR fixed=664.4s -> beam=615.9s (completed_paths=4, 16.9s)
    [ 50.0%] (10/20) BBGBGRBRG fixed=664.4s -> beam=615.9s (completed_paths=2, 6.4s)
    [ 55.0%] (11/20) BBGBGRBGR fixed=664.4s -> beam=615.9s (completed_paths=2, 6.3s)
    [ 60.0%] (12/20) BBGBGGBRR fixed=664.4s -> beam=615.9s (completed_paths=2, 6.5s)
    [ 65.0%] (13/20) BBGBGGRBR fixed=664.4s -> beam=615.9s (completed_paths=2, 6.4s)
    [ 70.0%] (14/20) BBBGBGRRG fixed=664.4s -> beam=615.9s (completed_paths=4, 17.0s)
    [ 75.0%] (15/20) BBBGBGRGR fixed=664.4s -> beam=615.9s (completed_paths=4, 17.0s)
    [ 80.0%] (16/20) BBBGBGGRR fixed=664.4s -> beam=615.9s (completed_paths=4, 17.0s)
    [ 85.0%] (17/20) BBBGGBRGR fixed=664.4s -> beam=615.9s (completed_paths=2, 6.4s)
    [ 90.0%] (18/20) BBBGGBGRR fixed=664.4s -> beam=615.9s (completed_paths=2, 6.4s)
    [ 95.0%] (19/20) BBBGGRBGR fixed=664.4s -> beam=615.9s (completed_paths=2, 6.4s)
    [100.0%] (20/20) BBBGGGBRR fixed=664.4s -> beam=615.9s (completed_paths=2, 6.4s)
[stage 2/2] done in 224.5s. Winner: BGBBBGGRR = 615.9s
Saved map 'dynamic_4b2r3g_BGBBBGGRR_v1' to /home/isecapstone/shipyard_pnp_ws/src/shipyard_pnp/config/dynamic_maps/4b2r3g.json.
Total wall time: 528.8s
