[input] order=BBBBBBBBBRRRRRGG composition=BLUE:9 RED:5 GREEN:2 (n=16)
[stage 1/2] 240240 unique permutations exceeds --sample-cap=20000 -- drew 20000 distinct random permutations directly (no full enumeration).
[stage 1/2] prefiltering 20000 permutations (sampled) with the fixed-priority simulation...
    [  5.0%] 1000/20000 permutations scored -- best fixed_ms so far: 1530.6s
    [ 10.0%] 2000/20000 permutations scored -- best fixed_ms so far: 1530.6s
    [ 15.0%] 3000/20000 permutations scored -- best fixed_ms so far: 1530.6s
    [ 20.0%] 4000/20000 permutations scored -- best fixed_ms so far: 1530.6s
    [ 25.0%] 5000/20000 permutations scored -- best fixed_ms so far: 1530.6s
    [ 30.0%] 6000/20000 permutations scored -- best fixed_ms so far: 1530.6s
    [ 35.0%] 7000/20000 permutations scored -- best fixed_ms so far: 1530.6s
    [ 40.0%] 8000/20000 permutations scored -- best fixed_ms so far: 1530.6s
    [ 45.0%] 9000/20000 permutations scored -- best fixed_ms so far: 1530.6s
    [ 50.0%] 10000/20000 permutations scored -- best fixed_ms so far: 1530.6s
    [ 55.0%] 11000/20000 permutations scored -- best fixed_ms so far: 1530.6s
    [ 60.0%] 12000/20000 permutations scored -- best fixed_ms so far: 1530.6s
    [ 65.0%] 13000/20000 permutations scored -- best fixed_ms so far: 1530.6s
    [ 70.0%] 14000/20000 permutations scored -- best fixed_ms so far: 1530.6s
    [ 75.0%] 15000/20000 permutations scored -- best fixed_ms so far: 1530.6s
    [ 80.0%] 16000/20000 permutations scored -- best fixed_ms so far: 1530.6s
    [ 85.0%] 17000/20000 permutations scored -- best fixed_ms so far: 1530.6s
    [ 90.0%] 18000/20000 permutations scored -- best fixed_ms so far: 1530.6s
    [ 95.0%] 19000/20000 permutations scored -- best fixed_ms so far: 1530.6s
    [100.0%] 20000/20000 permutations scored -- best fixed_ms so far: 1530.6s
[stage 1/2] done in 12424.8s. Top 6 candidates: BRRRBBBBBBGGRRBB=1530.6s, BRRRRRBBBBBBGGBB=1578.9s, BRGRRRBRBBGBBBBB=1578.9s, BRRRRBBBBBBBRBGG=1579.0s, BRRRRBRBBBBBGBBG=1579.0s ...
[stage 2/2] running beam_search on 6 candidates (beam_width=60, max_rollouts=3000)...
    [ 16.7%] (1/6) BRRRBBBBBBGGRRBB fixed=1530.6s -> beam=1322.1s (completed_paths=10, 2173.2s) *** new best ***
    [ 33.3%] (2/6) BRRRRRBBBBBBGGBB fixed=1578.9s -> beam=1417.0s (completed_paths=74, 2652.0s)
    [ 50.0%] (3/6) BRGRRRBRBBGBBBBB fixed=1578.9s -> beam=1370.5s (completed_paths=48, 2423.6s)
    [ 66.7%] (4/6) BRRRRBBBBBBBRBGG fixed=1579.0s -> beam=1359.3s (completed_paths=19, 2239.3s)
    [ 83.3%] (5/6) BRRRRBRBBBBBGBBG fixed=1579.0s -> beam=1371.8s (completed_paths=49, 2448.5s)
    [100.0%] (6/6) BRRRRBBRBBBBBGGB fixed=1579.0s -> beam=1385.1s (completed_paths=6, 2532.6s)
[stage 2/2] done in 14469.3s. Winner: BRRRBBBBBBGGRRBB = 1322.1s
Saved map 'dynamic_9b5r2g_BRRRBBBBBBGGRRBB_v1' to /home/isecapstone/shipyard_pnp_ws/src/shipyard_pnp/config/dynamic_maps/9b5r2g.json.
Total wall time: 26894.6s
