[input] order=BBBBRRRRRRRRRRR composition=BLUE:4 RED:11 GREEN:0 (n=15)
[stage 1/2] prefiltering 1365 permutations (exhaustive) with the fixed-priority simulation...
    [  5.0%] 68/1365 permutations scored -- best fixed_ms so far: 1125.5s
    [ 10.0%] 136/1365 permutations scored -- best fixed_ms so far: 1125.5s
    [ 14.9%] 204/1365 permutations scored -- best fixed_ms so far: 1123.4s
    [ 19.9%] 272/1365 permutations scored -- best fixed_ms so far: 1123.3s
    [ 24.9%] 340/1365 permutations scored -- best fixed_ms so far: 1123.0s
    [ 29.9%] 408/1365 permutations scored -- best fixed_ms so far: 1123.0s
    [ 34.9%] 476/1365 permutations scored -- best fixed_ms so far: 1123.0s
    [ 39.9%] 544/1365 permutations scored -- best fixed_ms so far: 1123.0s
    [ 44.8%] 612/1365 permutations scored -- best fixed_ms so far: 1123.0s
    [ 49.8%] 680/1365 permutations scored -- best fixed_ms so far: 1123.0s
    [ 54.8%] 748/1365 permutations scored -- best fixed_ms so far: 1123.0s
    [ 59.8%] 816/1365 permutations scored -- best fixed_ms so far: 1123.0s
    [ 64.8%] 884/1365 permutations scored -- best fixed_ms so far: 1123.0s
    [ 69.7%] 952/1365 permutations scored -- best fixed_ms so far: 1123.0s
    [ 74.7%] 1020/1365 permutations scored -- best fixed_ms so far: 1123.0s
    [ 79.7%] 1088/1365 permutations scored -- best fixed_ms so far: 1123.0s
    [ 84.7%] 1156/1365 permutations scored -- best fixed_ms so far: 1123.0s
    [ 89.7%] 1224/1365 permutations scored -- best fixed_ms so far: 1123.0s
    [ 94.7%] 1292/1365 permutations scored -- best fixed_ms so far: 1123.0s
    [ 99.6%] 1360/1365 permutations scored -- best fixed_ms so far: 1123.0s
    [100.0%] 1365/1365 permutations scored -- best fixed_ms so far: 1123.0s
[stage 1/2] done in 812.1s. Top 10 candidates: BRRRRRRRBBBRRRR=1123.0s, BRRRRRRRBBRBRRR=1123.0s, BRRRRRRRBBRRBRR=1123.0s, BRRRRRRRBBRRRBR=1123.0s, BRRRRRRRBBRRRRB=1123.0s ...
[stage 2/2] running beam_search on 10 candidates (beam_width=80, max_rollouts=4000)...
    [ 10.0%] (1/10) BRRRRRRRBBBRRRR fixed=1123.0s -> beam=1011.5s (completed_paths=77, 1077.0s) *** new best ***
    [ 20.0%] (2/10) BRRRRRRRBBRBRRR fixed=1123.0s -> beam=1011.5s (completed_paths=51, 691.9s)
    [ 30.0%] (3/10) BRRRRRRRBBRRBRR fixed=1123.0s -> beam=997.1s (completed_paths=62, 864.2s) *** new best ***
    [ 40.0%] (4/10) BRRRRRRRBBRRRBR fixed=1123.0s -> beam=997.1s (completed_paths=58, 844.3s)
    [ 50.0%] (5/10) BRRRRRRRBBRRRRB fixed=1123.0s -> beam=997.1s (completed_paths=54, 524.8s)
    [ 60.0%] (6/10) BRRRRRRRBRBBRRR fixed=1123.0s -> beam=997.1s (completed_paths=61, 582.4s)
    [ 70.0%] (7/10) BRRRRRRRBRBRBRR fixed=1123.0s -> beam=997.1s (completed_paths=60, 529.1s)
    [ 80.0%] (8/10) BRRRRRRRBRBRRBR fixed=1123.0s -> beam=997.1s (completed_paths=33, 295.0s)
    [ 90.0%] (9/10) BRRRRRRRBRBRRRB fixed=1123.0s -> beam=997.1s (completed_paths=30, 279.2s)
    [100.0%] (10/10) BRRRRRRRBRRBBRR fixed=1123.0s -> beam=997.1s (completed_paths=44, 407.8s)
[stage 2/2] done in 6095.7s. Winner: BRRRRRRRBBRRBRR = 997.1s
Saved map 'dynamic_4b11r0g_BRRRRRRRBBRRBRR_v1' to /home/isecapstone/shipyard_pnp_ws/src/shipyard_pnp/config/dynamic_maps/4b11r0g.json.
Total wall time: 6908.2s
