[input] order=BBBBRRRRRRRRGG composition=BLUE:4 RED:8 GREEN:2 (n=14)
[stage 1/2] 45045 unique permutations exceeds --sample-cap=20000 -- drew 20000 distinct random permutations directly (no full enumeration).
[stage 1/2] prefiltering 20000 permutations (sampled) with the fixed-priority simulation...
    [  5.0%] 1000/20000 permutations scored -- best fixed_ms so far: 969.2s
    [ 10.0%] 2000/20000 permutations scored -- best fixed_ms so far: 968.9s
    [ 15.0%] 3000/20000 permutations scored -- best fixed_ms so far: 968.9s
    [ 20.0%] 4000/20000 permutations scored -- best fixed_ms so far: 968.9s
    [ 25.0%] 5000/20000 permutations scored -- best fixed_ms so far: 968.9s
    [ 30.0%] 6000/20000 permutations scored -- best fixed_ms so far: 968.9s
    [ 35.0%] 7000/20000 permutations scored -- best fixed_ms so far: 968.9s
    [ 40.0%] 8000/20000 permutations scored -- best fixed_ms so far: 968.9s
    [ 45.0%] 9000/20000 permutations scored -- best fixed_ms so far: 968.9s
    [ 50.0%] 10000/20000 permutations scored -- best fixed_ms so far: 968.9s
    [ 55.0%] 11000/20000 permutations scored -- best fixed_ms so far: 968.9s
    [ 60.0%] 12000/20000 permutations scored -- best fixed_ms so far: 968.9s
    [ 65.0%] 13000/20000 permutations scored -- best fixed_ms so far: 968.9s
    [ 70.0%] 14000/20000 permutations scored -- best fixed_ms so far: 968.9s
    [ 75.0%] 15000/20000 permutations scored -- best fixed_ms so far: 968.9s
    [ 80.0%] 16000/20000 permutations scored -- best fixed_ms so far: 968.9s
    [ 85.0%] 17000/20000 permutations scored -- best fixed_ms so far: 968.9s
    [ 90.0%] 18000/20000 permutations scored -- best fixed_ms so far: 968.9s
    [ 95.0%] 19000/20000 permutations scored -- best fixed_ms so far: 968.9s
    [100.0%] 20000/20000 permutations scored -- best fixed_ms so far: 968.9s
[stage 1/2] done in 6900.6s. Top 10 candidates: BRRRRRBRBBGRRG=968.9s, BRRRBRBRGRBRGR=968.9s, BRRRRBRBRGBRRG=968.9s, BRRRBRBBGRRRGR=968.9s, BRRRBRBRGBRRGR=968.9s ...
[stage 2/2] running beam_search on 10 candidates (beam_width=80, max_rollouts=4000)...
    [ 10.0%] (1/10) BRRRRRBRBBGRRG fixed=968.9s -> beam=857.8s (completed_paths=44, 318.7s) *** new best ***
    [ 20.0%] (2/10) BRRRBRBRGRBRGR fixed=968.9s -> beam=843.4s (completed_paths=106, 931.3s) *** new best ***
    [ 30.0%] (3/10) BRRRRBRBRGBRRG fixed=968.9s -> beam=857.9s (completed_paths=86, 659.8s)
    [ 40.0%] (4/10) BRRRBRBBGRRRGR fixed=968.9s -> beam=857.8s (completed_paths=92, 949.4s)
    [ 50.0%] (5/10) BRRRBRBRGBRRGR fixed=968.9s -> beam=857.8s (completed_paths=146, 1182.5s)
    [ 60.0%] (6/10) BRRRRBRBBGRRGR fixed=968.9s -> beam=857.9s (completed_paths=81, 693.1s)
    [ 70.0%] (7/10) BRGRRRRRBRBRGB fixed=968.9s -> beam=843.2s (completed_paths=26, 187.7s) *** new best ***
    [ 80.0%] (8/10) BRGRRRRBRRRGBB fixed=968.9s -> beam=891.6s (completed_paths=17, 128.0s)
    [ 90.0%] (9/10) BRGRRRBRRRGRBB fixed=968.9s -> beam=891.6s (completed_paths=20, 145.0s)
    [100.0%] (10/10) BRGRRRRRBRBBGR fixed=968.9s -> beam=843.2s (completed_paths=22, 160.7s)
[stage 2/2] done in 5356.1s. Winner: BRGRRRRRBRBRGB = 843.2s
Saved map 'dynamic_4b8r2g_BRGRRRRRBRBRGB_v1' to /home/isecapstone/shipyard_pnp_ws/src/shipyard_pnp/config/dynamic_maps/4b8r2g.json.
Total wall time: 12257.0s
