[input] order=BBBRRRGGGGGGG composition=BLUE:3 RED:3 GREEN:7 (n=13)
[stage 1/2] 34320 unique permutations exceeds --sample-cap=20000 -- drew 20000 distinct random permutations directly (no full enumeration).
[stage 1/2] prefiltering 20000 permutations (sampled) with the fixed-priority simulation...
    [  5.0%] 1000/20000 permutations scored -- best fixed_ms so far: 562.6s
    [ 10.0%] 2000/20000 permutations scored -- best fixed_ms so far: 562.6s
    [ 15.0%] 3000/20000 permutations scored -- best fixed_ms so far: 562.6s
    [ 20.0%] 4000/20000 permutations scored -- best fixed_ms so far: 562.6s
    [ 25.0%] 5000/20000 permutations scored -- best fixed_ms so far: 562.6s
    [ 30.0%] 6000/20000 permutations scored -- best fixed_ms so far: 562.6s
    [ 35.0%] 7000/20000 permutations scored -- best fixed_ms so far: 562.6s
    [ 40.0%] 8000/20000 permutations scored -- best fixed_ms so far: 562.6s
    [ 45.0%] 9000/20000 permutations scored -- best fixed_ms so far: 562.6s
    [ 50.0%] 10000/20000 permutations scored -- best fixed_ms so far: 562.6s
    [ 55.0%] 11000/20000 permutations scored -- best fixed_ms so far: 562.6s
    [ 60.0%] 12000/20000 permutations scored -- best fixed_ms so far: 562.6s
    [ 65.0%] 13000/20000 permutations scored -- best fixed_ms so far: 562.6s
    [ 70.0%] 14000/20000 permutations scored -- best fixed_ms so far: 562.6s
    [ 75.0%] 15000/20000 permutations scored -- best fixed_ms so far: 562.6s
    [ 80.0%] 16000/20000 permutations scored -- best fixed_ms so far: 562.6s
    [ 85.0%] 17000/20000 permutations scored -- best fixed_ms so far: 562.6s
    [ 90.0%] 18000/20000 permutations scored -- best fixed_ms so far: 562.6s
    [ 95.0%] 19000/20000 permutations scored -- best fixed_ms so far: 562.6s
    [100.0%] 20000/20000 permutations scored -- best fixed_ms so far: 562.6s
[stage 1/2] done in 7248.6s. Top 10 candidates: BGRBGGGRGGBRG=562.6s, BGRBGGRGGGBRG=562.6s, BGRBGGGRGGRBG=562.6s, BGRGGBGBGRGGR=566.2s, BGBGBGRGGGRGR=566.2s ...
[stage 2/2] running beam_search on 10 candidates (beam_width=80, max_rollouts=4000)...
    [ 10.0%] (1/10) BGRBGGGRGGBRG fixed=562.6s -> beam=562.6s (completed_paths=42, 377.0s) *** new best ***
    [ 20.0%] (2/10) BGRBGGRGGGBRG fixed=562.6s -> beam=562.6s (completed_paths=48, 335.8s)
    [ 30.0%] (3/10) BGRBGGGRGGRBG fixed=562.6s -> beam=562.6s (completed_paths=42, 294.6s)
    [ 40.0%] (4/10) BGRGGBGBGRGGR fixed=566.2s -> beam=566.2s (completed_paths=72, 479.2s)
    [ 50.0%] (5/10) BGBGBGRGGGRGR fixed=566.2s -> beam=566.2s (completed_paths=32, 202.2s)
    [ 60.0%] (6/10) RGBGBGGBRGGGR fixed=566.2s -> beam=566.2s (completed_paths=47, 307.3s)
    [ 70.0%] (7/10) RGBGBGBGGRGGR fixed=566.2s -> beam=566.2s (completed_paths=72, 479.4s)
    [ 80.0%] (8/10) BGRGGBBGGRGGR fixed=566.2s -> beam=566.2s (completed_paths=28, 180.9s)
    [ 90.0%] (9/10) BGRGBGGBGRGGR fixed=566.2s -> beam=566.2s (completed_paths=72, 476.9s)
    [100.0%] (10/10) BGBGBGGRGGRGR fixed=566.2s -> beam=566.2s (completed_paths=32, 202.9s)
[stage 2/2] done in 3336.1s. Winner: BGRBGGGRGGBRG = 562.6s
Saved map 'dynamic_3b3r7g_BGRBGGGRGGBRG_v1' to /home/isecapstone/shipyard_pnp_ws/src/shipyard_pnp/config/dynamic_maps/3b3r7g.json.
Total wall time: 10585.0s
